<?xml version="1.0" encoding="UTF-8"?>
<TestRun id="7a7f955e-5b54-4fec-ba62-ede18a3d68c1" name="Ticha@TICHINHA 2011-06-23 17:24:29" runUser="Tichinha\Ticha" xmlns="http://microsoft.com/schemas/VisualStudio/TeamTest/2010">
  <TestSettings name="Local" id="9cc0ef20-9937-47d7-8157-49516918ae7e">
    <Description>These are default test settings for a local test run.</Description>
    <Deployment enabled="false" runDeploymentRoot="Ticha_TICHINHA 2011-06-23 17_24_29">
      <DeploymentItem filename="H:\SPF\PROMPT11\PROMPT11-02-AdvancedProgramming.sandrapatfer\src\FinalWork\ChelasInjection\bin\Debug\ChelasInjection.dll" />
      <DeploymentItem filename="H:\SPF\PROMPT11\PROMPT11-02-AdvancedProgramming.sandrapatfer\src\FinalWork\ChelasInjection.SampleTypes\bin\Debug\ChelasInjection.SampleTypes.dll" />
    </Deployment>
    <Execution>
      <TestTypeSpecific />
      <AgentRule name="Execution Agents">
      </AgentRule>
    </Execution>
  </TestSettings>
  <Times creation="2011-06-23T17:24:29.6559973+01:00" queuing="2011-06-23T17:24:29.6715974+01:00" start="2011-06-23T17:24:29.6715974+01:00" finish="2011-06-23T17:24:30.0927981+01:00" />
  <ResultSummary outcome="Failed">
    <Counters total="35" executed="35" passed="30" error="0" failed="5" timeout="0" aborted="0" inconclusive="0" passedButRunAborted="0" notRunnable="0" notExecuted="0" disconnected="0" warning="0" completed="0" inProgress="0" pending="0" />
  </ResultSummary>
  <TestDefinitions>
    <UnitTest name="ShouldHaveSingletonActivationForSomeClass7CustomResolverProvidedInstances" storage="h:\spf\prompt11\prompt11-02-advancedprogramming.sandrapatfer\src\finalwork\chelasinjection.tests2\bin\debug\chelasinjection.tests2.dll" id="12c34159-a3d5-4e71-915d-5d2a9292a276">
      <Execution id="ad122451-384a-4d5b-b4ef-467d2e9eb007" />
      <TestMethod codeBase="H:/SPF/PROMPT11/PROMPT11-02-AdvancedProgramming.sandrapatfer/src/FinalWork/ChelasInjection.Tests2/bin/Debug/ChelasInjection.Tests2.DLL" adapterTypeName="Microsoft.VisualStudio.TestTools.TestTypes.Unit.UnitTestAdapter, Microsoft.VisualStudio.QualityTools.Tips.UnitTest.Adapter, Version=10.0.0.0, Culture=neutral, PublicKeyToken=b03f5f7f11d50a3a" className="ChelasInjection.Tests.UnitTest1, ChelasInjection.Tests2, Version=1.0.0.0, Culture=neutral, PublicKeyToken=null" name="ShouldHaveSingletonActivationForSomeClass7CustomResolverProvidedInstances" />
    </UnitTest>
    <UnitTest name="ShouldThrowUnboundTypeExceptionForAnUnboundAbstractType" storage="h:\spf\prompt11\prompt11-02-advancedprogramming.sandrapatfer\src\finalwork\chelasinjection.tests2\bin\debug\chelasinjection.tests2.dll" id="656d7ed8-51e6-ac9e-3238-7d523d24fb7f">
      <Execution id="f39c9926-38cd-4eb6-a6e3-46ae80d5587e" />
      <TestMethod codeBase="H:/SPF/PROMPT11/PROMPT11-02-AdvancedProgramming.sandrapatfer/src/FinalWork/ChelasInjection.Tests2/bin/Debug/ChelasInjection.Tests2.DLL" adapterTypeName="Microsoft.VisualStudio.TestTools.TestTypes.Unit.UnitTestAdapter, Microsoft.VisualStudio.QualityTools.Tips.UnitTest.Adapter, Version=10.0.0.0, Culture=neutral, PublicKeyToken=b03f5f7f11d50a3a" className="ChelasInjection.Tests.UnitTest1, ChelasInjection.Tests2, Version=1.0.0.0, Culture=neutral, PublicKeyToken=null" name="ShouldThrowUnboundTypeExceptionForAnUnboundAbstractType" />
    </UnitTest>
    <UnitTest name="ShouldCreateASomeInterface3ImplInstanceForISomeInterface2RequestAndAlsoCreateItsDependencies" storage="h:\spf\prompt11\prompt11-02-advancedprogramming.sandrapatfer\src\finalwork\chelasinjection.tests2\bin\debug\chelasinjection.tests2.dll" id="12d69a01-353d-6243-926f-aae67310746f">
      <Execution id="e12a7483-e011-4e1d-b118-d37671257f0a" />
      <TestMethod codeBase="H:/SPF/PROMPT11/PROMPT11-02-AdvancedProgramming.sandrapatfer/src/FinalWork/ChelasInjection.Tests2/bin/Debug/ChelasInjection.Tests2.DLL" adapterTypeName="Microsoft.VisualStudio.TestTools.TestTypes.Unit.UnitTestAdapter, Microsoft.VisualStudio.QualityTools.Tips.UnitTest.Adapter, Version=10.0.0.0, Culture=neutral, PublicKeyToken=b03f5f7f11d50a3a" className="ChelasInjection.Tests.UnitTest1, ChelasInjection.Tests2, Version=1.0.0.0, Culture=neutral, PublicKeyToken=null" name="ShouldCreateASomeInterface3ImplInstanceForISomeInterface2RequestAndAlsoCreateItsDependencies" />
    </UnitTest>
    <UnitTest name="ShouldThrowMultipleDefaultConstructorAttributesExceptionWhenForSomeClass10BecauseHasMultipleConstructorsWithDefaultConstructorAttribute" storage="h:\spf\prompt11\prompt11-02-advancedprogramming.sandrapatfer\src\finalwork\chelasinjection.tests2\bin\debug\chelasinjection.tests2.dll" id="badb261c-79e1-f2d7-f803-19e335e6a24b">
      <Execution id="71d8c943-da62-405d-89e4-45ebd667efd1" />
      <TestMethod codeBase="H:/SPF/PROMPT11/PROMPT11-02-AdvancedProgramming.sandrapatfer/src/FinalWork/ChelasInjection.Tests2/bin/Debug/ChelasInjection.Tests2.DLL" adapterTypeName="Microsoft.VisualStudio.TestTools.TestTypes.Unit.UnitTestAdapter, Microsoft.VisualStudio.QualityTools.Tips.UnitTest.Adapter, Version=10.0.0.0, Culture=neutral, PublicKeyToken=b03f5f7f11d50a3a" className="ChelasInjection.Tests.UnitTest1, ChelasInjection.Tests2, Version=1.0.0.0, Culture=neutral, PublicKeyToken=null" name="ShouldThrowMultipleDefaultConstructorAttributesExceptionWhenForSomeClass10BecauseHasMultipleConstructorsWithDefaultConstructorAttribute" />
    </UnitTest>
    <UnitTest name="ShouldHavePerCallActivationForDependenciesISomeInterface3Instances" storage="h:\spf\prompt11\prompt11-02-advancedprogramming.sandrapatfer\src\finalwork\chelasinjection.tests2\bin\debug\chelasinjection.tests2.dll" id="b1dae230-0702-1c38-61e9-e91d35c3e828">
      <Execution id="8d77c9ff-e05f-49d1-b4f9-9dfb67e3dbc7" />
      <TestMethod codeBase="H:/SPF/PROMPT11/PROMPT11-02-AdvancedProgramming.sandrapatfer/src/FinalWork/ChelasInjection.Tests2/bin/Debug/ChelasInjection.Tests2.DLL" adapterTypeName="Microsoft.VisualStudio.TestTools.TestTypes.Unit.UnitTestAdapter, Microsoft.VisualStudio.QualityTools.Tips.UnitTest.Adapter, Version=10.0.0.0, Culture=neutral, PublicKeyToken=b03f5f7f11d50a3a" className="ChelasInjection.Tests.UnitTest1, ChelasInjection.Tests2, Version=1.0.0.0, Culture=neutral, PublicKeyToken=null" name="ShouldHavePerCallActivationForDependenciesISomeInterface3Instances" />
    </UnitTest>
    <UnitTest name="ShouldReturnSomeInterface7DefaultForSomeInterface7DependencyOnSomeClass13WithNotConfiguredBlackAttribute" storage="h:\spf\prompt11\prompt11-02-advancedprogramming.sandrapatfer\src\finalwork\chelasinjection.tests2\bin\debug\chelasinjection.tests2.dll" id="2dbe1cb0-1300-91d9-d83a-4537ac6ebaeb">
      <Execution id="2514d7ba-1b5b-415a-afa8-a4e54736a3cf" />
      <TestMethod codeBase="H:/SPF/PROMPT11/PROMPT11-02-AdvancedProgramming.sandrapatfer/src/FinalWork/ChelasInjection.Tests2/bin/Debug/ChelasInjection.Tests2.DLL" adapterTypeName="Microsoft.VisualStudio.TestTools.TestTypes.Unit.UnitTestAdapter, Microsoft.VisualStudio.QualityTools.Tips.UnitTest.Adapter, Version=10.0.0.0, Culture=neutral, PublicKeyToken=b03f5f7f11d50a3a" className="ChelasInjection.Tests.UnitTest1, ChelasInjection.Tests2, Version=1.0.0.0, Culture=neutral, PublicKeyToken=null" name="ShouldReturnSomeInterface7DefaultForSomeInterface7DependencyOnSomeClass13WithNotConfiguredBlackAttribute" />
    </UnitTest>
    <UnitTest name="ShouldReturnSomeInterface7And8RedForSomeInterface8RequestWhenSelectionAttributeIsdefined" storage="h:\spf\prompt11\prompt11-02-advancedprogramming.sandrapatfer\src\finalwork\chelasinjection.tests2\bin\debug\chelasinjection.tests2.dll" id="0fb9d857-b22e-831c-2b38-70d77b06e36b">
      <Execution id="36fd497b-3718-46d1-be1e-c822ee46d1a4" />
      <TestMethod codeBase="H:/SPF/PROMPT11/PROMPT11-02-AdvancedProgramming.sandrapatfer/src/FinalWork/ChelasInjection.Tests2/bin/Debug/ChelasInjection.Tests2.DLL" adapterTypeName="Microsoft.VisualStudio.TestTools.TestTypes.Unit.UnitTestAdapter, Microsoft.VisualStudio.QualityTools.Tips.UnitTest.Adapter, Version=10.0.0.0, Culture=neutral, PublicKeyToken=b03f5f7f11d50a3a" className="ChelasInjection.Tests.UnitTest1, ChelasInjection.Tests2, Version=1.0.0.0, Culture=neutral, PublicKeyToken=null" name="ShouldReturnSomeInterface7And8RedForSomeInterface8RequestWhenSelectionAttributeIsdefined" />
    </UnitTest>
    <UnitTest name="ShouldCreateAnInstanceForAnUnboundTypeWithPublicConstructors" storage="h:\spf\prompt11\prompt11-02-advancedprogramming.sandrapatfer\src\finalwork\chelasinjection.tests2\bin\debug\chelasinjection.tests2.dll" id="f3af9dd6-57e5-e2ea-f6d2-38630ed06ba9">
      <Execution id="facced9f-7526-4b68-b2ab-465199d34300" />
      <TestMethod codeBase="H:/SPF/PROMPT11/PROMPT11-02-AdvancedProgramming.sandrapatfer/src/FinalWork/ChelasInjection.Tests2/bin/Debug/ChelasInjection.Tests2.DLL" adapterTypeName="Microsoft.VisualStudio.TestTools.TestTypes.Unit.UnitTestAdapter, Microsoft.VisualStudio.QualityTools.Tips.UnitTest.Adapter, Version=10.0.0.0, Culture=neutral, PublicKeyToken=b03f5f7f11d50a3a" className="ChelasInjection.Tests.UnitTest1, ChelasInjection.Tests2, Version=1.0.0.0, Culture=neutral, PublicKeyToken=null" name="ShouldCreateAnInstanceForAnUnboundTypeWithPublicConstructors" />
    </UnitTest>
    <UnitTest name="ShouldChooseTheCorrectConstructorWhenWithConstructorOperatorIsUsedForISomeInterface2" storage="h:\spf\prompt11\prompt11-02-advancedprogramming.sandrapatfer\src\finalwork\chelasinjection.tests2\bin\debug\chelasinjection.tests2.dll" id="799df84a-d0f7-d582-afb8-66d314142c52">
      <Execution id="3d80f1ef-1c4e-4737-b4a7-728ce2074859" />
      <TestMethod codeBase="H:/SPF/PROMPT11/PROMPT11-02-AdvancedProgramming.sandrapatfer/src/FinalWork/ChelasInjection.Tests2/bin/Debug/ChelasInjection.Tests2.DLL" adapterTypeName="Microsoft.VisualStudio.TestTools.TestTypes.Unit.UnitTestAdapter, Microsoft.VisualStudio.QualityTools.Tips.UnitTest.Adapter, Version=10.0.0.0, Culture=neutral, PublicKeyToken=b03f5f7f11d50a3a" className="ChelasInjection.Tests.UnitTest1, ChelasInjection.Tests2, Version=1.0.0.0, Culture=neutral, PublicKeyToken=null" name="ShouldChooseTheCorrectConstructorWhenWithConstructorOperatorIsUsedForISomeInterface2" />
    </UnitTest>
    <UnitTest name="ShouldHaveDefautActivationOnDependencies" storage="h:\spf\prompt11\prompt11-02-advancedprogramming.sandrapatfer\src\finalwork\chelasinjection.tests2\bin\debug\chelasinjection.tests2.dll" id="203b2176-34be-f441-1eb4-ea8404ba4292">
      <Execution id="2e0b0b7f-6269-49ed-8004-f834d49d2765" />
      <TestMethod codeBase="H:/SPF/PROMPT11/PROMPT11-02-AdvancedProgramming.sandrapatfer/src/FinalWork/ChelasInjection.Tests2/bin/Debug/ChelasInjection.Tests2.DLL" adapterTypeName="Microsoft.VisualStudio.TestTools.TestTypes.Unit.UnitTestAdapter, Microsoft.VisualStudio.QualityTools.Tips.UnitTest.Adapter, Version=10.0.0.0, Culture=neutral, PublicKeyToken=b03f5f7f11d50a3a" className="ChelasInjection.Tests.UnitTest1, ChelasInjection.Tests2, Version=1.0.0.0, Culture=neutral, PublicKeyToken=null" name="ShouldHaveDefautActivationOnDependencies" />
    </UnitTest>
    <UnitTest name="ShouldReturnSomeClass6NotBoundAndCreatedByTheCustomResolver" storage="h:\spf\prompt11\prompt11-02-advancedprogramming.sandrapatfer\src\finalwork\chelasinjection.tests2\bin\debug\chelasinjection.tests2.dll" id="992fa773-e39d-6e61-1a30-6e747e297c53">
      <Execution id="13478e2b-22f6-4180-bc52-45fc4332ee24" />
      <TestMethod codeBase="H:/SPF/PROMPT11/PROMPT11-02-AdvancedProgramming.sandrapatfer/src/FinalWork/ChelasInjection.Tests2/bin/Debug/ChelasInjection.Tests2.DLL" adapterTypeName="Microsoft.VisualStudio.TestTools.TestTypes.Unit.UnitTestAdapter, Microsoft.VisualStudio.QualityTools.Tips.UnitTest.Adapter, Version=10.0.0.0, Culture=neutral, PublicKeyToken=b03f5f7f11d50a3a" className="ChelasInjection.Tests.UnitTest1, ChelasInjection.Tests2, Version=1.0.0.0, Culture=neutral, PublicKeyToken=null" name="ShouldReturnSomeClass6NotBoundAndCreatedByTheCustomResolver" />
    </UnitTest>
    <UnitTest name="ShouldReturnSomeInterface7And8RedForSomeInterface7RequestWhenSelectionAttributeIsdefined" storage="h:\spf\prompt11\prompt11-02-advancedprogramming.sandrapatfer\src\finalwork\chelasinjection.tests2\bin\debug\chelasinjection.tests2.dll" id="55e104c0-88fa-628e-eff2-a03a25d5724b">
      <Execution id="d0b9a122-28c0-4dac-a478-d3f63fd3ca1e" />
      <TestMethod codeBase="H:/SPF/PROMPT11/PROMPT11-02-AdvancedProgramming.sandrapatfer/src/FinalWork/ChelasInjection.Tests2/bin/Debug/ChelasInjection.Tests2.DLL" adapterTypeName="Microsoft.VisualStudio.TestTools.TestTypes.Unit.UnitTestAdapter, Microsoft.VisualStudio.QualityTools.Tips.UnitTest.Adapter, Version=10.0.0.0, Culture=neutral, PublicKeyToken=b03f5f7f11d50a3a" className="ChelasInjection.Tests.UnitTest1, ChelasInjection.Tests2, Version=1.0.0.0, Culture=neutral, PublicKeyToken=null" name="ShouldReturnSomeInterface7And8RedForSomeInterface7RequestWhenSelectionAttributeIsdefined" />
    </UnitTest>
    <UnitTest name="ShouldGivePriorirtyToCustomResolverAlthoughSomeClass7IsBound" storage="h:\spf\prompt11\prompt11-02-advancedprogramming.sandrapatfer\src\finalwork\chelasinjection.tests2\bin\debug\chelasinjection.tests2.dll" id="8557c812-6de1-9709-80ad-f04c0594564d">
      <Execution id="e5e1d618-f309-4290-b1cf-f62ddf3e5be0" />
      <TestMethod codeBase="H:/SPF/PROMPT11/PROMPT11-02-AdvancedProgramming.sandrapatfer/src/FinalWork/ChelasInjection.Tests2/bin/Debug/ChelasInjection.Tests2.DLL" adapterTypeName="Microsoft.VisualStudio.TestTools.TestTypes.Unit.UnitTestAdapter, Microsoft.VisualStudio.QualityTools.Tips.UnitTest.Adapter, Version=10.0.0.0, Culture=neutral, PublicKeyToken=b03f5f7f11d50a3a" className="ChelasInjection.Tests.UnitTest1, ChelasInjection.Tests2, Version=1.0.0.0, Culture=neutral, PublicKeyToken=null" name="ShouldGivePriorirtyToCustomResolverAlthoughSomeClass7IsBound" />
    </UnitTest>
    <UnitTest name="ShouldCreateASomeClass4InstanceForSomeClass4Request" storage="h:\spf\prompt11\prompt11-02-advancedprogramming.sandrapatfer\src\finalwork\chelasinjection.tests2\bin\debug\chelasinjection.tests2.dll" id="aff7ce77-7373-e91c-38d4-a2cc7eff8eb9">
      <Execution id="260d5682-f506-489c-bbef-c99f79b57d47" />
      <TestMethod codeBase="H:/SPF/PROMPT11/PROMPT11-02-AdvancedProgramming.sandrapatfer/src/FinalWork/ChelasInjection.Tests2/bin/Debug/ChelasInjection.Tests2.DLL" adapterTypeName="Microsoft.VisualStudio.TestTools.TestTypes.Unit.UnitTestAdapter, Microsoft.VisualStudio.QualityTools.Tips.UnitTest.Adapter, Version=10.0.0.0, Culture=neutral, PublicKeyToken=b03f5f7f11d50a3a" className="ChelasInjection.Tests.UnitTest1, ChelasInjection.Tests2, Version=1.0.0.0, Culture=neutral, PublicKeyToken=null" name="ShouldCreateASomeClass4InstanceForSomeClass4Request" />
    </UnitTest>
    <UnitTest name="ShouldCreateASomeInterface2ImplInstanceForISomeInterface2RequestAndAlsoCreateItsDependencies" storage="h:\spf\prompt11\prompt11-02-advancedprogramming.sandrapatfer\src\finalwork\chelasinjection.tests2\bin\debug\chelasinjection.tests2.dll" id="2d574b83-6eb8-d38d-596f-4dbdcb30b343">
      <Execution id="98b63b0b-8982-480e-8d6c-b410b707d1ff" />
      <TestMethod codeBase="H:/SPF/PROMPT11/PROMPT11-02-AdvancedProgramming.sandrapatfer/src/FinalWork/ChelasInjection.Tests2/bin/Debug/ChelasInjection.Tests2.DLL" adapterTypeName="Microsoft.VisualStudio.TestTools.TestTypes.Unit.UnitTestAdapter, Microsoft.VisualStudio.QualityTools.Tips.UnitTest.Adapter, Version=10.0.0.0, Culture=neutral, PublicKeyToken=b03f5f7f11d50a3a" className="ChelasInjection.Tests.UnitTest1, ChelasInjection.Tests2, Version=1.0.0.0, Culture=neutral, PublicKeyToken=null" name="ShouldCreateASomeInterface2ImplInstanceForISomeInterface2RequestAndAlsoCreateItsDependencies" />
    </UnitTest>
    <UnitTest name="ShouldChooseTheNoArgumentsConstructorWhenNoArgumentsConstructorOperatorIsUsedForISomeInterface1" storage="h:\spf\prompt11\prompt11-02-advancedprogramming.sandrapatfer\src\finalwork\chelasinjection.tests2\bin\debug\chelasinjection.tests2.dll" id="a8d53dff-3b7a-8a6d-08b4-ec3ef7866c7b">
      <Execution id="e56b9d8f-da4a-45aa-ae16-f601f4fca23c" />
      <TestMethod codeBase="H:/SPF/PROMPT11/PROMPT11-02-AdvancedProgramming.sandrapatfer/src/FinalWork/ChelasInjection.Tests2/bin/Debug/ChelasInjection.Tests2.DLL" adapterTypeName="Microsoft.VisualStudio.TestTools.TestTypes.Unit.UnitTestAdapter, Microsoft.VisualStudio.QualityTools.Tips.UnitTest.Adapter, Version=10.0.0.0, Culture=neutral, PublicKeyToken=b03f5f7f11d50a3a" className="ChelasInjection.Tests.UnitTest1, ChelasInjection.Tests2, Version=1.0.0.0, Culture=neutral, PublicKeyToken=null" name="ShouldChooseTheNoArgumentsConstructorWhenNoArgumentsConstructorOperatorIsUsedForISomeInterface1" />
    </UnitTest>
    <UnitTest name="ShouldChooseTheConstructorWithMoreBindedArgumenstByDefault" storage="h:\spf\prompt11\prompt11-02-advancedprogramming.sandrapatfer\src\finalwork\chelasinjection.tests2\bin\debug\chelasinjection.tests2.dll" id="9b0c2864-875b-7395-9439-5c60eee626cf">
      <Execution id="431a1495-a0ea-4e8d-8598-a877b8c396d6" />
      <TestMethod codeBase="H:/SPF/PROMPT11/PROMPT11-02-AdvancedProgramming.sandrapatfer/src/FinalWork/ChelasInjection.Tests2/bin/Debug/ChelasInjection.Tests2.DLL" adapterTypeName="Microsoft.VisualStudio.TestTools.TestTypes.Unit.UnitTestAdapter, Microsoft.VisualStudio.QualityTools.Tips.UnitTest.Adapter, Version=10.0.0.0, Culture=neutral, PublicKeyToken=b03f5f7f11d50a3a" className="ChelasInjection.Tests.UnitTest1, ChelasInjection.Tests2, Version=1.0.0.0, Culture=neutral, PublicKeyToken=null" name="ShouldChooseTheConstructorWithMoreBindedArgumenstByDefault" />
    </UnitTest>
    <UnitTest name="ShouldCreateASomeInterface1ImplInstanceForISomeInterface1Request" storage="h:\spf\prompt11\prompt11-02-advancedprogramming.sandrapatfer\src\finalwork\chelasinjection.tests2\bin\debug\chelasinjection.tests2.dll" id="69ed810d-5677-1ec5-22fa-3be6e29a4af5">
      <Execution id="9c5f8861-6d19-4e78-9409-671e5589362e" />
      <TestMethod codeBase="H:/SPF/PROMPT11/PROMPT11-02-AdvancedProgramming.sandrapatfer/src/FinalWork/ChelasInjection.Tests2/bin/Debug/ChelasInjection.Tests2.DLL" adapterTypeName="Microsoft.VisualStudio.TestTools.TestTypes.Unit.UnitTestAdapter, Microsoft.VisualStudio.QualityTools.Tips.UnitTest.Adapter, Version=10.0.0.0, Culture=neutral, PublicKeyToken=b03f5f7f11d50a3a" className="ChelasInjection.Tests.UnitTest1, ChelasInjection.Tests2, Version=1.0.0.0, Culture=neutral, PublicKeyToken=null" name="ShouldCreateASomeInterface1ImplInstanceForISomeInterface1Request" />
    </UnitTest>
    <UnitTest name="ShouldUseTheLastBindForISomeInterface4" storage="h:\spf\prompt11\prompt11-02-advancedprogramming.sandrapatfer\src\finalwork\chelasinjection.tests2\bin\debug\chelasinjection.tests2.dll" id="8a4b3c7d-7572-49a8-20e7-b97ba68832af">
      <Execution id="3a3ecd79-42f8-4d27-99e5-af3126376873" />
      <TestMethod codeBase="H:/SPF/PROMPT11/PROMPT11-02-AdvancedProgramming.sandrapatfer/src/FinalWork/ChelasInjection.Tests2/bin/Debug/ChelasInjection.Tests2.DLL" adapterTypeName="Microsoft.VisualStudio.TestTools.TestTypes.Unit.UnitTestAdapter, Microsoft.VisualStudio.QualityTools.Tips.UnitTest.Adapter, Version=10.0.0.0, Culture=neutral, PublicKeyToken=b03f5f7f11d50a3a" className="ChelasInjection.Tests.UnitTest1, ChelasInjection.Tests2, Version=1.0.0.0, Culture=neutral, PublicKeyToken=null" name="ShouldUseTheLastBindForISomeInterface4" />
    </UnitTest>
    <UnitTest name="ShouldChooseSomeInterface10RedImplementationForDependencyOnSomeClass11" storage="h:\spf\prompt11\prompt11-02-advancedprogramming.sandrapatfer\src\finalwork\chelasinjection.tests2\bin\debug\chelasinjection.tests2.dll" id="f9b93fa6-b71a-f71d-284d-5bec026536ee">
      <Execution id="0c4047c8-4f2e-40bf-87ff-a8db93bfcd81" />
      <TestMethod codeBase="H:/SPF/PROMPT11/PROMPT11-02-AdvancedProgramming.sandrapatfer/src/FinalWork/ChelasInjection.Tests2/bin/Debug/ChelasInjection.Tests2.DLL" adapterTypeName="Microsoft.VisualStudio.TestTools.TestTypes.Unit.UnitTestAdapter, Microsoft.VisualStudio.QualityTools.Tips.UnitTest.Adapter, Version=10.0.0.0, Culture=neutral, PublicKeyToken=b03f5f7f11d50a3a" className="ChelasInjection.Tests.UnitTest1, ChelasInjection.Tests2, Version=1.0.0.0, Culture=neutral, PublicKeyToken=null" name="ShouldChooseSomeInterface10RedImplementationForDependencyOnSomeClass11" />
    </UnitTest>
    <UnitTest name="ShouldCreateASomeClass9InstanceForSomeClass9RequestWithSelfBindConfiguration" storage="h:\spf\prompt11\prompt11-02-advancedprogramming.sandrapatfer\src\finalwork\chelasinjection.tests2\bin\debug\chelasinjection.tests2.dll" id="4ff804d2-0826-4eee-5faa-2c0b05eada64">
      <Execution id="f2c8c3a4-62dc-4083-8e9b-5a4620041179" />
      <TestMethod codeBase="H:/SPF/PROMPT11/PROMPT11-02-AdvancedProgramming.sandrapatfer/src/FinalWork/ChelasInjection.Tests2/bin/Debug/ChelasInjection.Tests2.DLL" adapterTypeName="Microsoft.VisualStudio.TestTools.TestTypes.Unit.UnitTestAdapter, Microsoft.VisualStudio.QualityTools.Tips.UnitTest.Adapter, Version=10.0.0.0, Culture=neutral, PublicKeyToken=b03f5f7f11d50a3a" className="ChelasInjection.Tests.UnitTest1, ChelasInjection.Tests2, Version=1.0.0.0, Culture=neutral, PublicKeyToken=null" name="ShouldCreateASomeClass9InstanceForSomeClass9RequestWithSelfBindConfiguration" />
    </UnitTest>
    <UnitTest name="ShouldChooseSomeInterface10YellowImplementationForDependencyOnSomeClass12" storage="h:\spf\prompt11\prompt11-02-advancedprogramming.sandrapatfer\src\finalwork\chelasinjection.tests2\bin\debug\chelasinjection.tests2.dll" id="67be36d0-e847-5d39-b115-e4c98c1d269a">
      <Execution id="4aa8d435-3e4e-492b-91f7-77718e85e940" />
      <TestMethod codeBase="H:/SPF/PROMPT11/PROMPT11-02-AdvancedProgramming.sandrapatfer/src/FinalWork/ChelasInjection.Tests2/bin/Debug/ChelasInjection.Tests2.DLL" adapterTypeName="Microsoft.VisualStudio.TestTools.TestTypes.Unit.UnitTestAdapter, Microsoft.VisualStudio.QualityTools.Tips.UnitTest.Adapter, Version=10.0.0.0, Culture=neutral, PublicKeyToken=b03f5f7f11d50a3a" className="ChelasInjection.Tests.UnitTest1, ChelasInjection.Tests2, Version=1.0.0.0, Culture=neutral, PublicKeyToken=null" name="ShouldChooseSomeInterface10YellowImplementationForDependencyOnSomeClass12" />
    </UnitTest>
    <UnitTest name="ShouldHavePerRequestActivationForISomeInterface2Request" storage="h:\spf\prompt11\prompt11-02-advancedprogramming.sandrapatfer\src\finalwork\chelasinjection.tests2\bin\debug\chelasinjection.tests2.dll" id="e858f66b-5ff7-80c7-d0f2-04868ce086ed">
      <Execution id="d2464426-4747-4f80-8eed-6b308c101b38" />
      <TestMethod codeBase="H:/SPF/PROMPT11/PROMPT11-02-AdvancedProgramming.sandrapatfer/src/FinalWork/ChelasInjection.Tests2/bin/Debug/ChelasInjection.Tests2.DLL" adapterTypeName="Microsoft.VisualStudio.TestTools.TestTypes.Unit.UnitTestAdapter, Microsoft.VisualStudio.QualityTools.Tips.UnitTest.Adapter, Version=10.0.0.0, Culture=neutral, PublicKeyToken=b03f5f7f11d50a3a" className="ChelasInjection.Tests.UnitTest1, ChelasInjection.Tests2, Version=1.0.0.0, Culture=neutral, PublicKeyToken=null" name="ShouldHavePerRequestActivationForISomeInterface2Request" />
    </UnitTest>
    <UnitTest name="ShouldHaveSingletonActivationForISomeInterface3Request" storage="h:\spf\prompt11\prompt11-02-advancedprogramming.sandrapatfer\src\finalwork\chelasinjection.tests2\bin\debug\chelasinjection.tests2.dll" id="950830c6-0f4f-8968-2d6c-fa6b82ea8ddc">
      <Execution id="a099f4c3-04bb-45ed-963a-e3273ffd8d3f" />
      <TestMethod codeBase="H:/SPF/PROMPT11/PROMPT11-02-AdvancedProgramming.sandrapatfer/src/FinalWork/ChelasInjection.Tests2/bin/Debug/ChelasInjection.Tests2.DLL" adapterTypeName="Microsoft.VisualStudio.TestTools.TestTypes.Unit.UnitTestAdapter, Microsoft.VisualStudio.QualityTools.Tips.UnitTest.Adapter, Version=10.0.0.0, Culture=neutral, PublicKeyToken=b03f5f7f11d50a3a" className="ChelasInjection.Tests.UnitTest1, ChelasInjection.Tests2, Version=1.0.0.0, Culture=neutral, PublicKeyToken=null" name="ShouldHaveSingletonActivationForISomeInterface3Request" />
    </UnitTest>
    <UnitTest name="ShouldExecuteInitializationExpressionForISomeInterface2Impl" storage="h:\spf\prompt11\prompt11-02-advancedprogramming.sandrapatfer\src\finalwork\chelasinjection.tests2\bin\debug\chelasinjection.tests2.dll" id="771b46f7-fec5-a01b-e7d5-50ec03f005a0">
      <Execution id="57093de5-10af-4ef4-9f29-04e3bff3f38d" />
      <TestMethod codeBase="H:/SPF/PROMPT11/PROMPT11-02-AdvancedProgramming.sandrapatfer/src/FinalWork/ChelasInjection.Tests2/bin/Debug/ChelasInjection.Tests2.DLL" adapterTypeName="Microsoft.VisualStudio.TestTools.TestTypes.Unit.UnitTestAdapter, Microsoft.VisualStudio.QualityTools.Tips.UnitTest.Adapter, Version=10.0.0.0, Culture=neutral, PublicKeyToken=b03f5f7f11d50a3a" className="ChelasInjection.Tests.UnitTest1, ChelasInjection.Tests2, Version=1.0.0.0, Culture=neutral, PublicKeyToken=null" name="ShouldExecuteInitializationExpressionForISomeInterface2Impl" />
    </UnitTest>
    <UnitTest name="TestMethod1" storage="h:\spf\prompt11\prompt11-02-advancedprogramming.sandrapatfer\src\finalwork\chelasinjection.tests2\bin\debug\chelasinjection.tests2.dll" id="0e1818d9-cc61-fd84-b00f-dc6e3addb7b2">
      <Execution id="26133c7b-4b47-4dfe-b0c7-1991f01d219a" />
      <TestMethod codeBase="H:/SPF/PROMPT11/PROMPT11-02-AdvancedProgramming.sandrapatfer/src/FinalWork/ChelasInjection.Tests2/bin/Debug/ChelasInjection.Tests2.DLL" adapterTypeName="Microsoft.VisualStudio.TestTools.TestTypes.Unit.UnitTestAdapter, Microsoft.VisualStudio.QualityTools.Tips.UnitTest.Adapter, Version=10.0.0.0, Culture=neutral, PublicKeyToken=b03f5f7f11d50a3a" className="ChelasInjection.Tests.UnitTest1, ChelasInjection.Tests2, Version=1.0.0.0, Culture=neutral, PublicKeyToken=null" name="TestMethod1" />
    </UnitTest>
    <UnitTest name="ShouldReturnSomeInterface7DefaultForSomeInterface7RequestWhenNoSelectionAttributeIsdefined" storage="h:\spf\prompt11\prompt11-02-advancedprogramming.sandrapatfer\src\finalwork\chelasinjection.tests2\bin\debug\chelasinjection.tests2.dll" id="c43435fc-d314-f391-46cd-d23dbed660d5">
      <Execution id="0160c28e-d2a8-402b-bdcf-50a4f55cff49" />
      <TestMethod codeBase="H:/SPF/PROMPT11/PROMPT11-02-AdvancedProgramming.sandrapatfer/src/FinalWork/ChelasInjection.Tests2/bin/Debug/ChelasInjection.Tests2.DLL" adapterTypeName="Microsoft.VisualStudio.TestTools.TestTypes.Unit.UnitTestAdapter, Microsoft.VisualStudio.QualityTools.Tips.UnitTest.Adapter, Version=10.0.0.0, Culture=neutral, PublicKeyToken=b03f5f7f11d50a3a" className="ChelasInjection.Tests.UnitTest1, ChelasInjection.Tests2, Version=1.0.0.0, Culture=neutral, PublicKeyToken=null" name="ShouldReturnSomeInterface7DefaultForSomeInterface7RequestWhenNoSelectionAttributeIsdefined" />
    </UnitTest>
    <UnitTest name="ShouldThrowCircularDependencyExceptionOnInstantiationForSomeClass1" storage="h:\spf\prompt11\prompt11-02-advancedprogramming.sandrapatfer\src\finalwork\chelasinjection.tests2\bin\debug\chelasinjection.tests2.dll" id="28b0781c-525f-79c7-0fe1-7f25197915d6">
      <Execution id="0300ea79-89af-49dd-b64a-0d9d79168e62" />
      <TestMethod codeBase="H:/SPF/PROMPT11/PROMPT11-02-AdvancedProgramming.sandrapatfer/src/FinalWork/ChelasInjection.Tests2/bin/Debug/ChelasInjection.Tests2.DLL" adapterTypeName="Microsoft.VisualStudio.TestTools.TestTypes.Unit.UnitTestAdapter, Microsoft.VisualStudio.QualityTools.Tips.UnitTest.Adapter, Version=10.0.0.0, Culture=neutral, PublicKeyToken=b03f5f7f11d50a3a" className="ChelasInjection.Tests.UnitTest1, ChelasInjection.Tests2, Version=1.0.0.0, Culture=neutral, PublicKeyToken=null" name="ShouldThrowCircularDependencyExceptionOnInstantiationForSomeClass1" />
    </UnitTest>
    <UnitTest name="ShouldThrowUnboundExceptionForISomeInterface8Request" storage="h:\spf\prompt11\prompt11-02-advancedprogramming.sandrapatfer\src\finalwork\chelasinjection.tests2\bin\debug\chelasinjection.tests2.dll" id="343e2330-020f-ca29-0724-95104f785584">
      <Execution id="6bee24cf-8f00-4558-aec6-f6c9017aeae0" />
      <TestMethod codeBase="H:/SPF/PROMPT11/PROMPT11-02-AdvancedProgramming.sandrapatfer/src/FinalWork/ChelasInjection.Tests2/bin/Debug/ChelasInjection.Tests2.DLL" adapterTypeName="Microsoft.VisualStudio.TestTools.TestTypes.Unit.UnitTestAdapter, Microsoft.VisualStudio.QualityTools.Tips.UnitTest.Adapter, Version=10.0.0.0, Culture=neutral, PublicKeyToken=b03f5f7f11d50a3a" className="ChelasInjection.Tests.UnitTest1, ChelasInjection.Tests2, Version=1.0.0.0, Culture=neutral, PublicKeyToken=null" name="ShouldThrowUnboundExceptionForISomeInterface8Request" />
    </UnitTest>
    <UnitTest name="ShouldHavePerRequestAsDefaultActivation" storage="h:\spf\prompt11\prompt11-02-advancedprogramming.sandrapatfer\src\finalwork\chelasinjection.tests2\bin\debug\chelasinjection.tests2.dll" id="19ea25b7-39b5-1dcf-59fc-6e8eaa2a7cad">
      <Execution id="e60e52b8-c330-4505-8eba-4f3ddd68a909" />
      <TestMethod codeBase="H:/SPF/PROMPT11/PROMPT11-02-AdvancedProgramming.sandrapatfer/src/FinalWork/ChelasInjection.Tests2/bin/Debug/ChelasInjection.Tests2.DLL" adapterTypeName="Microsoft.VisualStudio.TestTools.TestTypes.Unit.UnitTestAdapter, Microsoft.VisualStudio.QualityTools.Tips.UnitTest.Adapter, Version=10.0.0.0, Culture=neutral, PublicKeyToken=b03f5f7f11d50a3a" className="ChelasInjection.Tests.UnitTest1, ChelasInjection.Tests2, Version=1.0.0.0, Culture=neutral, PublicKeyToken=null" name="ShouldHavePerRequestAsDefaultActivation" />
    </UnitTest>
    <UnitTest name="ShouldMaintainActivationEvenForSomeClass7ProvidedByCustomResolver" storage="h:\spf\prompt11\prompt11-02-advancedprogramming.sandrapatfer\src\finalwork\chelasinjection.tests2\bin\debug\chelasinjection.tests2.dll" id="77c4ee26-43df-d990-818c-b93181d9d426">
      <Execution id="7dafe896-a34d-4831-b9e6-7d8f1eed58a0" />
      <TestMethod codeBase="H:/SPF/PROMPT11/PROMPT11-02-AdvancedProgramming.sandrapatfer/src/FinalWork/ChelasInjection.Tests2/bin/Debug/ChelasInjection.Tests2.DLL" adapterTypeName="Microsoft.VisualStudio.TestTools.TestTypes.Unit.UnitTestAdapter, Microsoft.VisualStudio.QualityTools.Tips.UnitTest.Adapter, Version=10.0.0.0, Culture=neutral, PublicKeyToken=b03f5f7f11d50a3a" className="ChelasInjection.Tests.UnitTest1, ChelasInjection.Tests2, Version=1.0.0.0, Culture=neutral, PublicKeyToken=null" name="ShouldMaintainActivationEvenForSomeClass7ProvidedByCustomResolver" />
    </UnitTest>
    <UnitTest name="ShouldReturnSomeInterface7DefaultForSomeInterface7DependencyOnSomeClass14WithNoArgumentAttribute" storage="h:\spf\prompt11\prompt11-02-advancedprogramming.sandrapatfer\src\finalwork\chelasinjection.tests2\bin\debug\chelasinjection.tests2.dll" id="fb960a69-164e-b826-ab52-fd7d677561d6">
      <Execution id="d5a2c872-b841-4a85-a9f4-7141171e7baa" />
      <TestMethod codeBase="H:/SPF/PROMPT11/PROMPT11-02-AdvancedProgramming.sandrapatfer/src/FinalWork/ChelasInjection.Tests2/bin/Debug/ChelasInjection.Tests2.DLL" adapterTypeName="Microsoft.VisualStudio.TestTools.TestTypes.Unit.UnitTestAdapter, Microsoft.VisualStudio.QualityTools.Tips.UnitTest.Adapter, Version=10.0.0.0, Culture=neutral, PublicKeyToken=b03f5f7f11d50a3a" className="ChelasInjection.Tests.UnitTest1, ChelasInjection.Tests2, Version=1.0.0.0, Culture=neutral, PublicKeyToken=null" name="ShouldReturnSomeInterface7DefaultForSomeInterface7DependencyOnSomeClass14WithNoArgumentAttribute" />
    </UnitTest>
    <UnitTest name="ShouldUseTheLastConstructorDefinitionInOneBindForISomeInterface3" storage="h:\spf\prompt11\prompt11-02-advancedprogramming.sandrapatfer\src\finalwork\chelasinjection.tests2\bin\debug\chelasinjection.tests2.dll" id="fef9c989-3738-c8d2-2df9-720456409fe6">
      <Execution id="dc903ca3-1bca-48a7-9130-a1f15e0b7b37" />
      <TestMethod codeBase="H:/SPF/PROMPT11/PROMPT11-02-AdvancedProgramming.sandrapatfer/src/FinalWork/ChelasInjection.Tests2/bin/Debug/ChelasInjection.Tests2.DLL" adapterTypeName="Microsoft.VisualStudio.TestTools.TestTypes.Unit.UnitTestAdapter, Microsoft.VisualStudio.QualityTools.Tips.UnitTest.Adapter, Version=10.0.0.0, Culture=neutral, PublicKeyToken=b03f5f7f11d50a3a" className="ChelasInjection.Tests.UnitTest1, ChelasInjection.Tests2, Version=1.0.0.0, Culture=neutral, PublicKeyToken=null" name="ShouldUseTheLastConstructorDefinitionInOneBindForISomeInterface3" />
    </UnitTest>
    <UnitTest name="ShouldHavePerRequestActivationForNotBoundClass8ButWithCustomResolverProvidedInstance" storage="h:\spf\prompt11\prompt11-02-advancedprogramming.sandrapatfer\src\finalwork\chelasinjection.tests2\bin\debug\chelasinjection.tests2.dll" id="83226284-881c-2a5e-6de7-8d09db6a6d08">
      <Execution id="f9b9395a-28c1-4954-bb77-04624e849432" />
      <TestMethod codeBase="H:/SPF/PROMPT11/PROMPT11-02-AdvancedProgramming.sandrapatfer/src/FinalWork/ChelasInjection.Tests2/bin/Debug/ChelasInjection.Tests2.DLL" adapterTypeName="Microsoft.VisualStudio.TestTools.TestTypes.Unit.UnitTestAdapter, Microsoft.VisualStudio.QualityTools.Tips.UnitTest.Adapter, Version=10.0.0.0, Culture=neutral, PublicKeyToken=b03f5f7f11d50a3a" className="ChelasInjection.Tests.UnitTest1, ChelasInjection.Tests2, Version=1.0.0.0, Culture=neutral, PublicKeyToken=null" name="ShouldHavePerRequestActivationForNotBoundClass8ButWithCustomResolverProvidedInstance" />
    </UnitTest>
    <UnitTest name="ShouldChooseTheConstructorAnotatedWithDefaulAttributeForISomeInterface5" storage="h:\spf\prompt11\prompt11-02-advancedprogramming.sandrapatfer\src\finalwork\chelasinjection.tests2\bin\debug\chelasinjection.tests2.dll" id="9a649419-67ea-379c-fb21-90bad3354097">
      <Execution id="9ada2642-f56e-4c2e-b04d-51f03d9a954b" />
      <TestMethod codeBase="H:/SPF/PROMPT11/PROMPT11-02-AdvancedProgramming.sandrapatfer/src/FinalWork/ChelasInjection.Tests2/bin/Debug/ChelasInjection.Tests2.DLL" adapterTypeName="Microsoft.VisualStudio.TestTools.TestTypes.Unit.UnitTestAdapter, Microsoft.VisualStudio.QualityTools.Tips.UnitTest.Adapter, Version=10.0.0.0, Culture=neutral, PublicKeyToken=b03f5f7f11d50a3a" className="ChelasInjection.Tests.UnitTest1, ChelasInjection.Tests2, Version=1.0.0.0, Culture=neutral, PublicKeyToken=null" name="ShouldChooseTheConstructorAnotatedWithDefaulAttributeForISomeInterface5" />
    </UnitTest>
  </TestDefinitions>
  <TestLists>
    <TestList name="Results Not in a List" id="8c84fa94-04c1-424b-9868-57a2d4851a1d" />
    <TestList name="All Loaded Results" id="19431567-8539-422a-85d7-44ee4e166bda" />
  </TestLists>
  <TestEntries>
    <TestEntry testId="0e1818d9-cc61-fd84-b00f-dc6e3addb7b2" executionId="26133c7b-4b47-4dfe-b0c7-1991f01d219a" testListId="8c84fa94-04c1-424b-9868-57a2d4851a1d" />
    <TestEntry testId="0fb9d857-b22e-831c-2b38-70d77b06e36b" executionId="36fd497b-3718-46d1-be1e-c822ee46d1a4" testListId="8c84fa94-04c1-424b-9868-57a2d4851a1d" />
    <TestEntry testId="12c34159-a3d5-4e71-915d-5d2a9292a276" executionId="ad122451-384a-4d5b-b4ef-467d2e9eb007" testListId="8c84fa94-04c1-424b-9868-57a2d4851a1d" />
    <TestEntry testId="12d69a01-353d-6243-926f-aae67310746f" executionId="e12a7483-e011-4e1d-b118-d37671257f0a" testListId="8c84fa94-04c1-424b-9868-57a2d4851a1d" />
    <TestEntry testId="19ea25b7-39b5-1dcf-59fc-6e8eaa2a7cad" executionId="e60e52b8-c330-4505-8eba-4f3ddd68a909" testListId="8c84fa94-04c1-424b-9868-57a2d4851a1d" />
    <TestEntry testId="203b2176-34be-f441-1eb4-ea8404ba4292" executionId="2e0b0b7f-6269-49ed-8004-f834d49d2765" testListId="8c84fa94-04c1-424b-9868-57a2d4851a1d" />
    <TestEntry testId="28b0781c-525f-79c7-0fe1-7f25197915d6" executionId="0300ea79-89af-49dd-b64a-0d9d79168e62" testListId="8c84fa94-04c1-424b-9868-57a2d4851a1d" />
    <TestEntry testId="2d574b83-6eb8-d38d-596f-4dbdcb30b343" executionId="98b63b0b-8982-480e-8d6c-b410b707d1ff" testListId="8c84fa94-04c1-424b-9868-57a2d4851a1d" />
    <TestEntry testId="2dbe1cb0-1300-91d9-d83a-4537ac6ebaeb" executionId="2514d7ba-1b5b-415a-afa8-a4e54736a3cf" testListId="8c84fa94-04c1-424b-9868-57a2d4851a1d" />
    <TestEntry testId="343e2330-020f-ca29-0724-95104f785584" executionId="6bee24cf-8f00-4558-aec6-f6c9017aeae0" testListId="8c84fa94-04c1-424b-9868-57a2d4851a1d" />
    <TestEntry testId="4ff804d2-0826-4eee-5faa-2c0b05eada64" executionId="f2c8c3a4-62dc-4083-8e9b-5a4620041179" testListId="8c84fa94-04c1-424b-9868-57a2d4851a1d" />
    <TestEntry testId="55e104c0-88fa-628e-eff2-a03a25d5724b" executionId="d0b9a122-28c0-4dac-a478-d3f63fd3ca1e" testListId="8c84fa94-04c1-424b-9868-57a2d4851a1d" />
    <TestEntry testId="656d7ed8-51e6-ac9e-3238-7d523d24fb7f" executionId="f39c9926-38cd-4eb6-a6e3-46ae80d5587e" testListId="8c84fa94-04c1-424b-9868-57a2d4851a1d" />
    <TestEntry testId="67be36d0-e847-5d39-b115-e4c98c1d269a" executionId="4aa8d435-3e4e-492b-91f7-77718e85e940" testListId="8c84fa94-04c1-424b-9868-57a2d4851a1d" />
    <TestEntry testId="69ed810d-5677-1ec5-22fa-3be6e29a4af5" executionId="9c5f8861-6d19-4e78-9409-671e5589362e" testListId="8c84fa94-04c1-424b-9868-57a2d4851a1d" />
    <TestEntry testId="771b46f7-fec5-a01b-e7d5-50ec03f005a0" executionId="57093de5-10af-4ef4-9f29-04e3bff3f38d" testListId="8c84fa94-04c1-424b-9868-57a2d4851a1d" />
    <TestEntry testId="77c4ee26-43df-d990-818c-b93181d9d426" executionId="7dafe896-a34d-4831-b9e6-7d8f1eed58a0" testListId="8c84fa94-04c1-424b-9868-57a2d4851a1d" />
    <TestEntry testId="799df84a-d0f7-d582-afb8-66d314142c52" executionId="3d80f1ef-1c4e-4737-b4a7-728ce2074859" testListId="8c84fa94-04c1-424b-9868-57a2d4851a1d" />
    <TestEntry testId="83226284-881c-2a5e-6de7-8d09db6a6d08" executionId="f9b9395a-28c1-4954-bb77-04624e849432" testListId="8c84fa94-04c1-424b-9868-57a2d4851a1d" />
    <TestEntry testId="8557c812-6de1-9709-80ad-f04c0594564d" executionId="e5e1d618-f309-4290-b1cf-f62ddf3e5be0" testListId="8c84fa94-04c1-424b-9868-57a2d4851a1d" />
    <TestEntry testId="8a4b3c7d-7572-49a8-20e7-b97ba68832af" executionId="3a3ecd79-42f8-4d27-99e5-af3126376873" testListId="8c84fa94-04c1-424b-9868-57a2d4851a1d" />
    <TestEntry testId="950830c6-0f4f-8968-2d6c-fa6b82ea8ddc" executionId="a099f4c3-04bb-45ed-963a-e3273ffd8d3f" testListId="8c84fa94-04c1-424b-9868-57a2d4851a1d" />
    <TestEntry testId="992fa773-e39d-6e61-1a30-6e747e297c53" executionId="13478e2b-22f6-4180-bc52-45fc4332ee24" testListId="8c84fa94-04c1-424b-9868-57a2d4851a1d" />
    <TestEntry testId="9a649419-67ea-379c-fb21-90bad3354097" executionId="9ada2642-f56e-4c2e-b04d-51f03d9a954b" testListId="8c84fa94-04c1-424b-9868-57a2d4851a1d" />
    <TestEntry testId="9b0c2864-875b-7395-9439-5c60eee626cf" executionId="431a1495-a0ea-4e8d-8598-a877b8c396d6" testListId="8c84fa94-04c1-424b-9868-57a2d4851a1d" />
    <TestEntry testId="a8d53dff-3b7a-8a6d-08b4-ec3ef7866c7b" executionId="e56b9d8f-da4a-45aa-ae16-f601f4fca23c" testListId="8c84fa94-04c1-424b-9868-57a2d4851a1d" />
    <TestEntry testId="aff7ce77-7373-e91c-38d4-a2cc7eff8eb9" executionId="260d5682-f506-489c-bbef-c99f79b57d47" testListId="8c84fa94-04c1-424b-9868-57a2d4851a1d" />
    <TestEntry testId="b1dae230-0702-1c38-61e9-e91d35c3e828" executionId="8d77c9ff-e05f-49d1-b4f9-9dfb67e3dbc7" testListId="8c84fa94-04c1-424b-9868-57a2d4851a1d" />
    <TestEntry testId="badb261c-79e1-f2d7-f803-19e335e6a24b" executionId="71d8c943-da62-405d-89e4-45ebd667efd1" testListId="8c84fa94-04c1-424b-9868-57a2d4851a1d" />
    <TestEntry testId="c43435fc-d314-f391-46cd-d23dbed660d5" executionId="0160c28e-d2a8-402b-bdcf-50a4f55cff49" testListId="8c84fa94-04c1-424b-9868-57a2d4851a1d" />
    <TestEntry testId="e858f66b-5ff7-80c7-d0f2-04868ce086ed" executionId="d2464426-4747-4f80-8eed-6b308c101b38" testListId="8c84fa94-04c1-424b-9868-57a2d4851a1d" />
    <TestEntry testId="f3af9dd6-57e5-e2ea-f6d2-38630ed06ba9" executionId="facced9f-7526-4b68-b2ab-465199d34300" testListId="8c84fa94-04c1-424b-9868-57a2d4851a1d" />
    <TestEntry testId="f9b93fa6-b71a-f71d-284d-5bec026536ee" executionId="0c4047c8-4f2e-40bf-87ff-a8db93bfcd81" testListId="8c84fa94-04c1-424b-9868-57a2d4851a1d" />
    <TestEntry testId="fb960a69-164e-b826-ab52-fd7d677561d6" executionId="d5a2c872-b841-4a85-a9f4-7141171e7baa" testListId="8c84fa94-04c1-424b-9868-57a2d4851a1d" />
    <TestEntry testId="fef9c989-3738-c8d2-2df9-720456409fe6" executionId="dc903ca3-1bca-48a7-9130-a1f15e0b7b37" testListId="8c84fa94-04c1-424b-9868-57a2d4851a1d" />
  </TestEntries>
  <Results>
    <UnitTestResult executionId="26133c7b-4b47-4dfe-b0c7-1991f01d219a" testId="0e1818d9-cc61-fd84-b00f-dc6e3addb7b2" testName="TestMethod1" computerName="TICHINHA" duration="00:00:00.0233840" startTime="2011-06-23T17:24:29.6715974+01:00" endTime="2011-06-23T17:24:29.8587977+01:00" testType="13cdc9d9-ddb5-4fa4-a97d-d965ccfc6d4b" outcome="Passed" testListId="8c84fa94-04c1-424b-9868-57a2d4851a1d" relativeResultsDirectory="26133c7b-4b47-4dfe-b0c7-1991f01d219a">
    </UnitTestResult>
    <UnitTestResult executionId="36fd497b-3718-46d1-be1e-c822ee46d1a4" testId="0fb9d857-b22e-831c-2b38-70d77b06e36b" testName="ShouldReturnSomeInterface7And8RedForSomeInterface8RequestWhenSelectionAttributeIsdefined" computerName="TICHINHA" duration="00:00:00.0165969" startTime="2011-06-23T17:24:29.8587977+01:00" endTime="2011-06-23T17:24:29.8743977+01:00" testType="13cdc9d9-ddb5-4fa4-a97d-d965ccfc6d4b" outcome="Failed" testListId="8c84fa94-04c1-424b-9868-57a2d4851a1d" relativeResultsDirectory="36fd497b-3718-46d1-be1e-c822ee46d1a4">
      <Output>
        <ErrorInfo>
          <Message>Test method ChelasInjection.Tests.UnitTest1.ShouldReturnSomeInterface7And8RedForSomeInterface8RequestWhenSelectionAttributeIsdefined threw exception: 
System.NullReferenceException: Object reference not set to an instance of an object.</Message>
          <StackTrace>    at ChelasInjection.Binder.TypeConfigHandler.AttributeConfig(Type attrType) in H:\SPF\PROMPT11\PROMPT11-02-AdvancedProgramming.sandrapatfer\src\FinalWork\ChelasInjection\Binder\TypeConfigHandler.cs:line 48
   at ChelasInjection.Injector.InstanceManager.GetBinderConfig(TypeIndex tIndex) in H:\SPF\PROMPT11\PROMPT11-02-AdvancedProgramming.sandrapatfer\src\FinalWork\ChelasInjection\Injector\InstanceManager.cs:line 258
   at ChelasInjection.Injector.InstanceManager.GetInstance(TypeIndex tIndex) in H:\SPF\PROMPT11\PROMPT11-02-AdvancedProgramming.sandrapatfer\src\FinalWork\ChelasInjection\Injector\InstanceManager.cs:line 48
   at ChelasInjection.Injector.InstanceManager.GetInstance[T,TA]() in H:\SPF\PROMPT11\PROMPT11-02-AdvancedProgramming.sandrapatfer\src\FinalWork\ChelasInjection\Injector\InstanceManager.cs:line 38
   at ChelasInjection.Injector.GetInstance[T,TA]() in H:\SPF\PROMPT11\PROMPT11-02-AdvancedProgramming.sandrapatfer\src\FinalWork\ChelasInjection\Injector\Injector.cs:line 24
   at ChelasInjection.Tests.UnitTest1.ShouldReturnSomeInterface7And8RedForSomeInterface8RequestWhenSelectionAttributeIsdefined() in H:\SPF\PROMPT11\PROMPT11-02-AdvancedProgramming.sandrapatfer\src\FinalWork\ChelasInjection.Tests2\UnitTest1.cs:line 504
</StackTrace>
        </ErrorInfo>
      </Output>
    </UnitTestResult>
    <UnitTestResult executionId="ad122451-384a-4d5b-b4ef-467d2e9eb007" testId="12c34159-a3d5-4e71-915d-5d2a9292a276" testName="ShouldHaveSingletonActivationForSomeClass7CustomResolverProvidedInstances" computerName="TICHINHA" duration="00:00:00.0043036" startTime="2011-06-23T17:24:29.8743977+01:00" endTime="2011-06-23T17:24:29.8899978+01:00" testType="13cdc9d9-ddb5-4fa4-a97d-d965ccfc6d4b" outcome="Passed" testListId="8c84fa94-04c1-424b-9868-57a2d4851a1d" relativeResultsDirectory="ad122451-384a-4d5b-b4ef-467d2e9eb007">
    </UnitTestResult>
    <UnitTestResult executionId="e12a7483-e011-4e1d-b118-d37671257f0a" testId="12d69a01-353d-6243-926f-aae67310746f" testName="ShouldCreateASomeInterface3ImplInstanceForISomeInterface2RequestAndAlsoCreateItsDependencies" computerName="TICHINHA" duration="00:00:00.0092976" startTime="2011-06-23T17:24:29.8899978+01:00" endTime="2011-06-23T17:24:29.8899978+01:00" testType="13cdc9d9-ddb5-4fa4-a97d-d965ccfc6d4b" outcome="Passed" testListId="8c84fa94-04c1-424b-9868-57a2d4851a1d" relativeResultsDirectory="e12a7483-e011-4e1d-b118-d37671257f0a">
    </UnitTestResult>
    <UnitTestResult executionId="e60e52b8-c330-4505-8eba-4f3ddd68a909" testId="19ea25b7-39b5-1dcf-59fc-6e8eaa2a7cad" testName="ShouldHavePerRequestAsDefaultActivation" computerName="TICHINHA" duration="00:00:00.0002314" startTime="2011-06-23T17:24:29.8899978+01:00" endTime="2011-06-23T17:24:29.9055978+01:00" testType="13cdc9d9-ddb5-4fa4-a97d-d965ccfc6d4b" outcome="Passed" testListId="8c84fa94-04c1-424b-9868-57a2d4851a1d" relativeResultsDirectory="e60e52b8-c330-4505-8eba-4f3ddd68a909">
    </UnitTestResult>
    <UnitTestResult executionId="2e0b0b7f-6269-49ed-8004-f834d49d2765" testId="203b2176-34be-f441-1eb4-ea8404ba4292" testName="ShouldHaveDefautActivationOnDependencies" computerName="TICHINHA" duration="00:00:00.0002854" startTime="2011-06-23T17:24:29.9055978+01:00" endTime="2011-06-23T17:24:29.9055978+01:00" testType="13cdc9d9-ddb5-4fa4-a97d-d965ccfc6d4b" outcome="Passed" testListId="8c84fa94-04c1-424b-9868-57a2d4851a1d" relativeResultsDirectory="2e0b0b7f-6269-49ed-8004-f834d49d2765">
    </UnitTestResult>
    <UnitTestResult executionId="0300ea79-89af-49dd-b64a-0d9d79168e62" testId="28b0781c-525f-79c7-0fe1-7f25197915d6" testName="ShouldThrowCircularDependencyExceptionOnInstantiationForSomeClass1" computerName="TICHINHA" duration="00:00:00.0005953" startTime="2011-06-23T17:24:29.9055978+01:00" endTime="2011-06-23T17:24:29.9055978+01:00" testType="13cdc9d9-ddb5-4fa4-a97d-d965ccfc6d4b" outcome="Passed" testListId="8c84fa94-04c1-424b-9868-57a2d4851a1d" relativeResultsDirectory="0300ea79-89af-49dd-b64a-0d9d79168e62">
    </UnitTestResult>
    <UnitTestResult executionId="98b63b0b-8982-480e-8d6c-b410b707d1ff" testId="2d574b83-6eb8-d38d-596f-4dbdcb30b343" testName="ShouldCreateASomeInterface2ImplInstanceForISomeInterface2RequestAndAlsoCreateItsDependencies" computerName="TICHINHA" duration="00:00:00.0002402" startTime="2011-06-23T17:24:29.9055978+01:00" endTime="2011-06-23T17:24:29.9055978+01:00" testType="13cdc9d9-ddb5-4fa4-a97d-d965ccfc6d4b" outcome="Passed" testListId="8c84fa94-04c1-424b-9868-57a2d4851a1d" relativeResultsDirectory="98b63b0b-8982-480e-8d6c-b410b707d1ff">
    </UnitTestResult>
    <UnitTestResult executionId="2514d7ba-1b5b-415a-afa8-a4e54736a3cf" testId="2dbe1cb0-1300-91d9-d83a-4537ac6ebaeb" testName="ShouldReturnSomeInterface7DefaultForSomeInterface7DependencyOnSomeClass13WithNotConfiguredBlackAttribute" computerName="TICHINHA" duration="00:00:00.0677456" startTime="2011-06-23T17:24:29.9055978+01:00" endTime="2011-06-23T17:24:29.9835979+01:00" testType="13cdc9d9-ddb5-4fa4-a97d-d965ccfc6d4b" outcome="Failed" testListId="8c84fa94-04c1-424b-9868-57a2d4851a1d" relativeResultsDirectory="2514d7ba-1b5b-415a-afa8-a4e54736a3cf">
      <Output>
        <ErrorInfo>
          <Message>Test method ChelasInjection.Tests.UnitTest1.ShouldReturnSomeInterface7DefaultForSomeInterface7DependencyOnSomeClass13WithNotConfiguredBlackAttribute threw exception: 
ChelasInjection.Exceptions.UnboundTypeException: Exception of type 'ChelasInjection.Exceptions.UnboundTypeException' was thrown.</Message>
          <StackTrace>    at ChelasInjection.Binder.TypeConfigHandler.AttributeConfig(Type attrType) in H:\SPF\PROMPT11\PROMPT11-02-AdvancedProgramming.sandrapatfer\src\FinalWork\ChelasInjection\Binder\TypeConfigHandler.cs:line 54
   at ChelasInjection.Injector.InstanceManager.GetBinderConfig(TypeIndex tIndex) in H:\SPF\PROMPT11\PROMPT11-02-AdvancedProgramming.sandrapatfer\src\FinalWork\ChelasInjection\Injector\InstanceManager.cs:line 258
   at ChelasInjection.Injector.InstanceManager.GetInstance(TypeIndex tIndex) in H:\SPF\PROMPT11\PROMPT11-02-AdvancedProgramming.sandrapatfer\src\FinalWork\ChelasInjection\Injector\InstanceManager.cs:line 48
   at ChelasInjection.Injector.InstanceManager.&lt;FunctionForBuildingParameters&gt;b__1d(ParameterInfo p) in H:\SPF\PROMPT11\PROMPT11-02-AdvancedProgramming.sandrapatfer\src\FinalWork\ChelasInjection\Injector\InstanceManager.cs:line 203
   at System.Linq.Enumerable.WhereSelectArrayIterator`2.MoveNext()
   at System.Linq.Buffer`1..ctor(IEnumerable`1 source)
   at System.Linq.Enumerable.ToArray[TSource](IEnumerable`1 source)
   at ChelasInjection.Injector.InstanceManager.&lt;FunctionForBuildingParameters&gt;b__1c(ConstructorInfo constructor) in H:\SPF\PROMPT11\PROMPT11-02-AdvancedProgramming.sandrapatfer\src\FinalWork\ChelasInjection\Injector\InstanceManager.cs:line 203
   at ChelasInjection.Injector.InstanceManager.CreateObjectWithConstructor(ConstructorInfo constructor, Func`2 parameters) in H:\SPF\PROMPT11\PROMPT11-02-AdvancedProgramming.sandrapatfer\src\FinalWork\ChelasInjection\Injector\InstanceManager.cs:line 193
   at ChelasInjection.Injector.InstanceManager.&lt;&gt;c__DisplayClassc.&lt;GetInstanceFromConfig&gt;b__2() in H:\SPF\PROMPT11\PROMPT11-02-AdvancedProgramming.sandrapatfer\src\FinalWork\ChelasInjection\Injector\InstanceManager.cs:line 84
   at ChelasInjection.Injector.InstanceManager.ProtectObjectCreation(TypeIndex tIndex, Func`1 creationFunc, Action`1 additionalAction) in H:\SPF\PROMPT11\PROMPT11-02-AdvancedProgramming.sandrapatfer\src\FinalWork\ChelasInjection\Injector\InstanceManager.cs:line 108
   at ChelasInjection.Injector.InstanceManager.GetInstanceFromConfig(TypeIndex tIndex, BaseTypeConfig tConfig) in H:\SPF\PROMPT11\PROMPT11-02-AdvancedProgramming.sandrapatfer\src\FinalWork\ChelasInjection\Injector\InstanceManager.cs:line 84
   at ChelasInjection.Injector.InstanceManager.GetInstance(TypeIndex tIndex) in H:\SPF\PROMPT11\PROMPT11-02-AdvancedProgramming.sandrapatfer\src\FinalWork\ChelasInjection\Injector\InstanceManager.cs:line 66
   at ChelasInjection.Injector.InstanceManager.GetInstance[T]() in H:\SPF\PROMPT11\PROMPT11-02-AdvancedProgramming.sandrapatfer\src\FinalWork\ChelasInjection\Injector\InstanceManager.cs:line 32
   at ChelasInjection.Injector.GetInstance[T]() in H:\SPF\PROMPT11\PROMPT11-02-AdvancedProgramming.sandrapatfer\src\FinalWork\ChelasInjection\Injector\Injector.cs:line 19
   at ChelasInjection.Tests.UnitTest1.ShouldReturnSomeInterface7DefaultForSomeInterface7DependencyOnSomeClass13WithNotConfiguredBlackAttribute() in H:\SPF\PROMPT11\PROMPT11-02-AdvancedProgramming.sandrapatfer\src\FinalWork\ChelasInjection.Tests2\UnitTest1.cs:line 438
</StackTrace>
        </ErrorInfo>
      </Output>
    </UnitTestResult>
    <UnitTestResult executionId="6bee24cf-8f00-4558-aec6-f6c9017aeae0" testId="343e2330-020f-ca29-0724-95104f785584" testName="ShouldThrowUnboundExceptionForISomeInterface8Request" computerName="TICHINHA" duration="00:00:00.0015106" startTime="2011-06-23T17:24:29.9835979+01:00" endTime="2011-06-23T17:24:29.9835979+01:00" testType="13cdc9d9-ddb5-4fa4-a97d-d965ccfc6d4b" outcome="Failed" testListId="8c84fa94-04c1-424b-9868-57a2d4851a1d" relativeResultsDirectory="6bee24cf-8f00-4558-aec6-f6c9017aeae0">
      <Output>
        <ErrorInfo>
          <Message>Test method ChelasInjection.Tests.UnitTest1.ShouldThrowUnboundExceptionForISomeInterface8Request did not throw expected exception ChelasInjection.Exceptions.UnboundTypeException.</Message>
        </ErrorInfo>
      </Output>
    </UnitTestResult>
    <UnitTestResult executionId="f2c8c3a4-62dc-4083-8e9b-5a4620041179" testId="4ff804d2-0826-4eee-5faa-2c0b05eada64" testName="ShouldCreateASomeClass9InstanceForSomeClass9RequestWithSelfBindConfiguration" computerName="TICHINHA" duration="00:00:00.0002624" startTime="2011-06-23T17:24:29.9835979+01:00" endTime="2011-06-23T17:24:29.9835979+01:00" testType="13cdc9d9-ddb5-4fa4-a97d-d965ccfc6d4b" outcome="Passed" testListId="8c84fa94-04c1-424b-9868-57a2d4851a1d" relativeResultsDirectory="f2c8c3a4-62dc-4083-8e9b-5a4620041179">
    </UnitTestResult>
    <UnitTestResult executionId="d0b9a122-28c0-4dac-a478-d3f63fd3ca1e" testId="55e104c0-88fa-628e-eff2-a03a25d5724b" testName="ShouldReturnSomeInterface7And8RedForSomeInterface7RequestWhenSelectionAttributeIsdefined" computerName="TICHINHA" duration="00:00:00.0002371" startTime="2011-06-23T17:24:29.9835979+01:00" endTime="2011-06-23T17:24:29.9991980+01:00" testType="13cdc9d9-ddb5-4fa4-a97d-d965ccfc6d4b" outcome="Passed" testListId="8c84fa94-04c1-424b-9868-57a2d4851a1d" relativeResultsDirectory="d0b9a122-28c0-4dac-a478-d3f63fd3ca1e">
    </UnitTestResult>
    <UnitTestResult executionId="f39c9926-38cd-4eb6-a6e3-46ae80d5587e" testId="656d7ed8-51e6-ac9e-3238-7d523d24fb7f" testName="ShouldThrowUnboundTypeExceptionForAnUnboundAbstractType" computerName="TICHINHA" duration="00:00:00.0003739" startTime="2011-06-23T17:24:29.9991980+01:00" endTime="2011-06-23T17:24:29.9991980+01:00" testType="13cdc9d9-ddb5-4fa4-a97d-d965ccfc6d4b" outcome="Passed" testListId="8c84fa94-04c1-424b-9868-57a2d4851a1d" relativeResultsDirectory="f39c9926-38cd-4eb6-a6e3-46ae80d5587e">
    </UnitTestResult>
    <UnitTestResult executionId="4aa8d435-3e4e-492b-91f7-77718e85e940" testId="67be36d0-e847-5d39-b115-e4c98c1d269a" testName="ShouldChooseSomeInterface10YellowImplementationForDependencyOnSomeClass12" computerName="TICHINHA" duration="00:00:00.0005850" startTime="2011-06-23T17:24:29.9991980+01:00" endTime="2011-06-23T17:24:29.9991980+01:00" testType="13cdc9d9-ddb5-4fa4-a97d-d965ccfc6d4b" outcome="Passed" testListId="8c84fa94-04c1-424b-9868-57a2d4851a1d" relativeResultsDirectory="4aa8d435-3e4e-492b-91f7-77718e85e940">
    </UnitTestResult>
    <UnitTestResult executionId="9c5f8861-6d19-4e78-9409-671e5589362e" testId="69ed810d-5677-1ec5-22fa-3be6e29a4af5" testName="ShouldCreateASomeInterface1ImplInstanceForISomeInterface1Request" computerName="TICHINHA" duration="00:00:00.0001842" startTime="2011-06-23T17:24:29.9991980+01:00" endTime="2011-06-23T17:24:29.9991980+01:00" testType="13cdc9d9-ddb5-4fa4-a97d-d965ccfc6d4b" outcome="Passed" testListId="8c84fa94-04c1-424b-9868-57a2d4851a1d" relativeResultsDirectory="9c5f8861-6d19-4e78-9409-671e5589362e">
    </UnitTestResult>
    <UnitTestResult executionId="57093de5-10af-4ef4-9f29-04e3bff3f38d" testId="771b46f7-fec5-a01b-e7d5-50ec03f005a0" testName="ShouldExecuteInitializationExpressionForISomeInterface2Impl" computerName="TICHINHA" duration="00:00:00.0010198" startTime="2011-06-23T17:24:29.9991980+01:00" endTime="2011-06-23T17:24:30.0147980+01:00" testType="13cdc9d9-ddb5-4fa4-a97d-d965ccfc6d4b" outcome="Passed" testListId="8c84fa94-04c1-424b-9868-57a2d4851a1d" relativeResultsDirectory="57093de5-10af-4ef4-9f29-04e3bff3f38d">
    </UnitTestResult>
    <UnitTestResult executionId="7dafe896-a34d-4831-b9e6-7d8f1eed58a0" testId="77c4ee26-43df-d990-818c-b93181d9d426" testName="ShouldMaintainActivationEvenForSomeClass7ProvidedByCustomResolver" computerName="TICHINHA" duration="00:00:00.0001720" startTime="2011-06-23T17:24:30.0147980+01:00" endTime="2011-06-23T17:24:30.0147980+01:00" testType="13cdc9d9-ddb5-4fa4-a97d-d965ccfc6d4b" outcome="Passed" testListId="8c84fa94-04c1-424b-9868-57a2d4851a1d" relativeResultsDirectory="7dafe896-a34d-4831-b9e6-7d8f1eed58a0">
    </UnitTestResult>
    <UnitTestResult executionId="3d80f1ef-1c4e-4737-b4a7-728ce2074859" testId="799df84a-d0f7-d582-afb8-66d314142c52" testName="ShouldChooseTheCorrectConstructorWhenWithConstructorOperatorIsUsedForISomeInterface2" computerName="TICHINHA" duration="00:00:00.0004053" startTime="2011-06-23T17:24:30.0147980+01:00" endTime="2011-06-23T17:24:30.0147980+01:00" testType="13cdc9d9-ddb5-4fa4-a97d-d965ccfc6d4b" outcome="Passed" testListId="8c84fa94-04c1-424b-9868-57a2d4851a1d" relativeResultsDirectory="3d80f1ef-1c4e-4737-b4a7-728ce2074859">
    </UnitTestResult>
    <UnitTestResult executionId="f9b9395a-28c1-4954-bb77-04624e849432" testId="83226284-881c-2a5e-6de7-8d09db6a6d08" testName="ShouldHavePerRequestActivationForNotBoundClass8ButWithCustomResolverProvidedInstance" computerName="TICHINHA" duration="00:00:00.0005520" startTime="2011-06-23T17:24:30.0147980+01:00" endTime="2011-06-23T17:24:30.0147980+01:00" testType="13cdc9d9-ddb5-4fa4-a97d-d965ccfc6d4b" outcome="Passed" testListId="8c84fa94-04c1-424b-9868-57a2d4851a1d" relativeResultsDirectory="f9b9395a-28c1-4954-bb77-04624e849432">
    </UnitTestResult>
    <UnitTestResult executionId="e5e1d618-f309-4290-b1cf-f62ddf3e5be0" testId="8557c812-6de1-9709-80ad-f04c0594564d" testName="ShouldGivePriorirtyToCustomResolverAlthoughSomeClass7IsBound" computerName="TICHINHA" duration="00:00:00.0002904" startTime="2011-06-23T17:24:30.0147980+01:00" endTime="2011-06-23T17:24:30.0303980+01:00" testType="13cdc9d9-ddb5-4fa4-a97d-d965ccfc6d4b" outcome="Passed" testListId="8c84fa94-04c1-424b-9868-57a2d4851a1d" relativeResultsDirectory="e5e1d618-f309-4290-b1cf-f62ddf3e5be0">
    </UnitTestResult>
    <UnitTestResult executionId="3a3ecd79-42f8-4d27-99e5-af3126376873" testId="8a4b3c7d-7572-49a8-20e7-b97ba68832af" testName="ShouldUseTheLastBindForISomeInterface4" computerName="TICHINHA" duration="00:00:00.0004509" startTime="2011-06-23T17:24:30.0303980+01:00" endTime="2011-06-23T17:24:30.0303980+01:00" testType="13cdc9d9-ddb5-4fa4-a97d-d965ccfc6d4b" outcome="Passed" testListId="8c84fa94-04c1-424b-9868-57a2d4851a1d" relativeResultsDirectory="3a3ecd79-42f8-4d27-99e5-af3126376873">
    </UnitTestResult>
    <UnitTestResult executionId="a099f4c3-04bb-45ed-963a-e3273ffd8d3f" testId="950830c6-0f4f-8968-2d6c-fa6b82ea8ddc" testName="ShouldHaveSingletonActivationForISomeInterface3Request" computerName="TICHINHA" duration="00:00:00.0002214" startTime="2011-06-23T17:24:30.0303980+01:00" endTime="2011-06-23T17:24:30.0303980+01:00" testType="13cdc9d9-ddb5-4fa4-a97d-d965ccfc6d4b" outcome="Passed" testListId="8c84fa94-04c1-424b-9868-57a2d4851a1d" relativeResultsDirectory="a099f4c3-04bb-45ed-963a-e3273ffd8d3f">
    </UnitTestResult>
    <UnitTestResult executionId="13478e2b-22f6-4180-bc52-45fc4332ee24" testId="992fa773-e39d-6e61-1a30-6e747e297c53" testName="ShouldReturnSomeClass6NotBoundAndCreatedByTheCustomResolver" computerName="TICHINHA" duration="00:00:00.0001570" startTime="2011-06-23T17:24:30.0303980+01:00" endTime="2011-06-23T17:24:30.0303980+01:00" testType="13cdc9d9-ddb5-4fa4-a97d-d965ccfc6d4b" outcome="Passed" testListId="8c84fa94-04c1-424b-9868-57a2d4851a1d" relativeResultsDirectory="13478e2b-22f6-4180-bc52-45fc4332ee24">
    </UnitTestResult>
    <UnitTestResult executionId="9ada2642-f56e-4c2e-b04d-51f03d9a954b" testId="9a649419-67ea-379c-fb21-90bad3354097" testName="ShouldChooseTheConstructorAnotatedWithDefaulAttributeForISomeInterface5" computerName="TICHINHA" duration="00:00:00.0004815" startTime="2011-06-23T17:24:30.0303980+01:00" endTime="2011-06-23T17:24:30.0303980+01:00" testType="13cdc9d9-ddb5-4fa4-a97d-d965ccfc6d4b" outcome="Passed" testListId="8c84fa94-04c1-424b-9868-57a2d4851a1d" relativeResultsDirectory="9ada2642-f56e-4c2e-b04d-51f03d9a954b">
    </UnitTestResult>
    <UnitTestResult executionId="431a1495-a0ea-4e8d-8598-a877b8c396d6" testId="9b0c2864-875b-7395-9439-5c60eee626cf" testName="ShouldChooseTheConstructorWithMoreBindedArgumenstByDefault" computerName="TICHINHA" duration="00:00:00.0002348" startTime="2011-06-23T17:24:30.0303980+01:00" endTime="2011-06-23T17:24:30.0459980+01:00" testType="13cdc9d9-ddb5-4fa4-a97d-d965ccfc6d4b" outcome="Passed" testListId="8c84fa94-04c1-424b-9868-57a2d4851a1d" relativeResultsDirectory="431a1495-a0ea-4e8d-8598-a877b8c396d6">
    </UnitTestResult>
    <UnitTestResult executionId="e56b9d8f-da4a-45aa-ae16-f601f4fca23c" testId="a8d53dff-3b7a-8a6d-08b4-ec3ef7866c7b" testName="ShouldChooseTheNoArgumentsConstructorWhenNoArgumentsConstructorOperatorIsUsedForISomeInterface1" computerName="TICHINHA" duration="00:00:00.0001800" startTime="2011-06-23T17:24:30.0459980+01:00" endTime="2011-06-23T17:24:30.0459980+01:00" testType="13cdc9d9-ddb5-4fa4-a97d-d965ccfc6d4b" outcome="Passed" testListId="8c84fa94-04c1-424b-9868-57a2d4851a1d" relativeResultsDirectory="e56b9d8f-da4a-45aa-ae16-f601f4fca23c">
    </UnitTestResult>
    <UnitTestResult executionId="260d5682-f506-489c-bbef-c99f79b57d47" testId="aff7ce77-7373-e91c-38d4-a2cc7eff8eb9" testName="ShouldCreateASomeClass4InstanceForSomeClass4Request" computerName="TICHINHA" duration="00:00:00.0003233" startTime="2011-06-23T17:24:30.0459980+01:00" endTime="2011-06-23T17:24:30.0459980+01:00" testType="13cdc9d9-ddb5-4fa4-a97d-d965ccfc6d4b" outcome="Passed" testListId="8c84fa94-04c1-424b-9868-57a2d4851a1d" relativeResultsDirectory="260d5682-f506-489c-bbef-c99f79b57d47">
    </UnitTestResult>
    <UnitTestResult executionId="8d77c9ff-e05f-49d1-b4f9-9dfb67e3dbc7" testId="b1dae230-0702-1c38-61e9-e91d35c3e828" testName="ShouldHavePerCallActivationForDependenciesISomeInterface3Instances" computerName="TICHINHA" duration="00:00:00.0002294" startTime="2011-06-23T17:24:30.0459980+01:00" endTime="2011-06-23T17:24:30.0459980+01:00" testType="13cdc9d9-ddb5-4fa4-a97d-d965ccfc6d4b" outcome="Passed" testListId="8c84fa94-04c1-424b-9868-57a2d4851a1d" relativeResultsDirectory="8d77c9ff-e05f-49d1-b4f9-9dfb67e3dbc7">
    </UnitTestResult>
    <UnitTestResult executionId="71d8c943-da62-405d-89e4-45ebd667efd1" testId="badb261c-79e1-f2d7-f803-19e335e6a24b" testName="ShouldThrowMultipleDefaultConstructorAttributesExceptionWhenForSomeClass10BecauseHasMultipleConstructorsWithDefaultConstructorAttribute" computerName="TICHINHA" duration="00:00:00.0009321" startTime="2011-06-23T17:24:30.0459980+01:00" endTime="2011-06-23T17:24:30.0615981+01:00" testType="13cdc9d9-ddb5-4fa4-a97d-d965ccfc6d4b" outcome="Failed" testListId="8c84fa94-04c1-424b-9868-57a2d4851a1d" relativeResultsDirectory="71d8c943-da62-405d-89e4-45ebd667efd1">
      <Output>
        <ErrorInfo>
          <Message>Test method ChelasInjection.Tests.UnitTest1.ShouldThrowMultipleDefaultConstructorAttributesExceptionWhenForSomeClass10BecauseHasMultipleConstructorsWithDefaultConstructorAttribute did not throw expected exception ChelasInjection.Exceptions.MultipleDefaultConstructorAttributesException.</Message>
        </ErrorInfo>
      </Output>
    </UnitTestResult>
    <UnitTestResult executionId="0160c28e-d2a8-402b-bdcf-50a4f55cff49" testId="c43435fc-d314-f391-46cd-d23dbed660d5" testName="ShouldReturnSomeInterface7DefaultForSomeInterface7RequestWhenNoSelectionAttributeIsdefined" computerName="TICHINHA" duration="00:00:00.0002754" startTime="2011-06-23T17:24:30.0615981+01:00" endTime="2011-06-23T17:24:30.0615981+01:00" testType="13cdc9d9-ddb5-4fa4-a97d-d965ccfc6d4b" outcome="Passed" testListId="8c84fa94-04c1-424b-9868-57a2d4851a1d" relativeResultsDirectory="0160c28e-d2a8-402b-bdcf-50a4f55cff49">
    </UnitTestResult>
    <UnitTestResult executionId="d2464426-4747-4f80-8eed-6b308c101b38" testId="e858f66b-5ff7-80c7-d0f2-04868ce086ed" testName="ShouldHavePerRequestActivationForISomeInterface2Request" computerName="TICHINHA" duration="00:00:00.0002145" startTime="2011-06-23T17:24:30.0615981+01:00" endTime="2011-06-23T17:24:30.0615981+01:00" testType="13cdc9d9-ddb5-4fa4-a97d-d965ccfc6d4b" outcome="Passed" testListId="8c84fa94-04c1-424b-9868-57a2d4851a1d" relativeResultsDirectory="d2464426-4747-4f80-8eed-6b308c101b38">
    </UnitTestResult>
    <UnitTestResult executionId="facced9f-7526-4b68-b2ab-465199d34300" testId="f3af9dd6-57e5-e2ea-f6d2-38630ed06ba9" testName="ShouldCreateAnInstanceForAnUnboundTypeWithPublicConstructors" computerName="TICHINHA" duration="00:00:00.0002796" startTime="2011-06-23T17:24:30.0615981+01:00" endTime="2011-06-23T17:24:30.0615981+01:00" testType="13cdc9d9-ddb5-4fa4-a97d-d965ccfc6d4b" outcome="Passed" testListId="8c84fa94-04c1-424b-9868-57a2d4851a1d" relativeResultsDirectory="facced9f-7526-4b68-b2ab-465199d34300">
    </UnitTestResult>
    <UnitTestResult executionId="0c4047c8-4f2e-40bf-87ff-a8db93bfcd81" testId="f9b93fa6-b71a-f71d-284d-5bec026536ee" testName="ShouldChooseSomeInterface10RedImplementationForDependencyOnSomeClass11" computerName="TICHINHA" duration="00:00:00.0005210" startTime="2011-06-23T17:24:30.0615981+01:00" endTime="2011-06-23T17:24:30.0771981+01:00" testType="13cdc9d9-ddb5-4fa4-a97d-d965ccfc6d4b" outcome="Passed" testListId="8c84fa94-04c1-424b-9868-57a2d4851a1d" relativeResultsDirectory="0c4047c8-4f2e-40bf-87ff-a8db93bfcd81">
    </UnitTestResult>
    <UnitTestResult executionId="d5a2c872-b841-4a85-a9f4-7141171e7baa" testId="fb960a69-164e-b826-ab52-fd7d677561d6" testName="ShouldReturnSomeInterface7DefaultForSomeInterface7DependencyOnSomeClass14WithNoArgumentAttribute" computerName="TICHINHA" duration="00:00:00.0134557" startTime="2011-06-23T17:24:30.0771981+01:00" endTime="2011-06-23T17:24:30.0927981+01:00" testType="13cdc9d9-ddb5-4fa4-a97d-d965ccfc6d4b" outcome="Failed" testListId="8c84fa94-04c1-424b-9868-57a2d4851a1d" relativeResultsDirectory="d5a2c872-b841-4a85-a9f4-7141171e7baa">
      <Output>
        <ErrorInfo>
          <Message>Assert.AreSame failed. </Message>
          <StackTrace>   at ChelasInjection.Tests.UnitTest1.ShouldReturnSomeInterface7DefaultForSomeInterface7DependencyOnSomeClass14WithNoArgumentAttribute() in H:\SPF\PROMPT11\PROMPT11-02-AdvancedProgramming.sandrapatfer\src\FinalWork\ChelasInjection.Tests2\UnitTest1.cs:line 455
</StackTrace>
        </ErrorInfo>
      </Output>
    </UnitTestResult>
    <UnitTestResult executionId="dc903ca3-1bca-48a7-9130-a1f15e0b7b37" testId="fef9c989-3738-c8d2-2df9-720456409fe6" testName="ShouldUseTheLastConstructorDefinitionInOneBindForISomeInterface3" computerName="TICHINHA" duration="00:00:00.0003137" startTime="2011-06-23T17:24:30.0927981+01:00" endTime="2011-06-23T17:24:30.0927981+01:00" testType="13cdc9d9-ddb5-4fa4-a97d-d965ccfc6d4b" outcome="Passed" testListId="8c84fa94-04c1-424b-9868-57a2d4851a1d" relativeResultsDirectory="dc903ca3-1bca-48a7-9130-a1f15e0b7b37">
    </UnitTestResult>
  </Results>
</TestRun>