<?xml version="1.0" encoding="UTF-8"?>
<TestRun id="c6078e4b-a813-4b13-8ca3-10a19c6db0df" name="Ticha@TICHINHA 2011-06-23 17:42:27" runUser="Tichinha\Ticha" xmlns="http://microsoft.com/schemas/VisualStudio/TeamTest/2010">
  <TestSettings name="Local" id="9cc0ef20-9937-47d7-8157-49516918ae7e">
    <Description>These are default test settings for a local test run.</Description>
    <Deployment userDeploymentRoot="H:\SPF\PROMPT11\PROMPT11-02-AdvancedProgramming.sandrapatfer\src\FinalWork\TestResults" useDefaultDeploymentRoot="false" enabled="false" runDeploymentRoot="Ticha_TICHINHA 2011-06-23 17_42_27">
      <DeploymentItem filename="H:\SPF\PROMPT11\PROMPT11-02-AdvancedProgramming.sandrapatfer\src\FinalWork\ChelasInjection\bin\Debug\ChelasInjection.dll" />
      <DeploymentItem filename="H:\SPF\PROMPT11\PROMPT11-02-AdvancedProgramming.sandrapatfer\src\FinalWork\ChelasInjection.SampleTypes\bin\Debug\ChelasInjection.SampleTypes.dll" />
    </Deployment>
    <Execution>
      <TestTypeSpecific />
      <AgentRule name="Execution Agents">
      </AgentRule>
    </Execution>
  </TestSettings>
  <Times creation="2011-06-23T17:42:27.8328414+01:00" queuing="2011-06-23T17:42:27.8328414+01:00" start="2011-06-23T17:42:27.8484414+01:00" finish="2011-06-23T17:42:28.1916420+01:00" />
  <ResultSummary outcome="Failed">
    <Counters total="35" executed="35" passed="33" error="0" failed="2" timeout="0" aborted="0" inconclusive="0" passedButRunAborted="0" notRunnable="0" notExecuted="0" disconnected="0" warning="0" completed="0" inProgress="0" pending="0" />
  </ResultSummary>
  <TestDefinitions>
    <UnitTest name="ShouldHaveSingletonActivationForSomeClass7CustomResolverProvidedInstances" storage="h:\spf\prompt11\prompt11-02-advancedprogramming.sandrapatfer\src\finalwork\chelasinjection.tests2\bin\debug\chelasinjection.tests2.dll" id="12c34159-a3d5-4e71-915d-5d2a9292a276">
      <Execution id="09355660-3aff-42f4-b572-de6d7ff4b7b9" />
      <TestMethod codeBase="H:/SPF/PROMPT11/PROMPT11-02-AdvancedProgramming.sandrapatfer/src/FinalWork/ChelasInjection.Tests2/bin/Debug/ChelasInjection.Tests2.DLL" adapterTypeName="Microsoft.VisualStudio.TestTools.TestTypes.Unit.UnitTestAdapter, Microsoft.VisualStudio.QualityTools.Tips.UnitTest.Adapter, Version=10.0.0.0, Culture=neutral, PublicKeyToken=b03f5f7f11d50a3a" className="ChelasInjection.Tests.UnitTest1, ChelasInjection.Tests2, Version=1.0.0.0, Culture=neutral, PublicKeyToken=null" name="ShouldHaveSingletonActivationForSomeClass7CustomResolverProvidedInstances" />
    </UnitTest>
    <UnitTest name="ShouldThrowUnboundTypeExceptionForAnUnboundAbstractType" storage="h:\spf\prompt11\prompt11-02-advancedprogramming.sandrapatfer\src\finalwork\chelasinjection.tests2\bin\debug\chelasinjection.tests2.dll" id="656d7ed8-51e6-ac9e-3238-7d523d24fb7f">
      <Execution id="f8398756-9420-42bd-97f0-14fae00cde55" />
      <TestMethod codeBase="H:/SPF/PROMPT11/PROMPT11-02-AdvancedProgramming.sandrapatfer/src/FinalWork/ChelasInjection.Tests2/bin/Debug/ChelasInjection.Tests2.DLL" adapterTypeName="Microsoft.VisualStudio.TestTools.TestTypes.Unit.UnitTestAdapter, Microsoft.VisualStudio.QualityTools.Tips.UnitTest.Adapter, Version=10.0.0.0, Culture=neutral, PublicKeyToken=b03f5f7f11d50a3a" className="ChelasInjection.Tests.UnitTest1, ChelasInjection.Tests2, Version=1.0.0.0, Culture=neutral, PublicKeyToken=null" name="ShouldThrowUnboundTypeExceptionForAnUnboundAbstractType" />
    </UnitTest>
    <UnitTest name="ShouldCreateASomeInterface3ImplInstanceForISomeInterface2RequestAndAlsoCreateItsDependencies" storage="h:\spf\prompt11\prompt11-02-advancedprogramming.sandrapatfer\src\finalwork\chelasinjection.tests2\bin\debug\chelasinjection.tests2.dll" id="12d69a01-353d-6243-926f-aae67310746f">
      <Execution id="127508b0-5021-4f5e-90b9-a80ec5731eff" />
      <TestMethod codeBase="H:/SPF/PROMPT11/PROMPT11-02-AdvancedProgramming.sandrapatfer/src/FinalWork/ChelasInjection.Tests2/bin/Debug/ChelasInjection.Tests2.DLL" adapterTypeName="Microsoft.VisualStudio.TestTools.TestTypes.Unit.UnitTestAdapter, Microsoft.VisualStudio.QualityTools.Tips.UnitTest.Adapter, Version=10.0.0.0, Culture=neutral, PublicKeyToken=b03f5f7f11d50a3a" className="ChelasInjection.Tests.UnitTest1, ChelasInjection.Tests2, Version=1.0.0.0, Culture=neutral, PublicKeyToken=null" name="ShouldCreateASomeInterface3ImplInstanceForISomeInterface2RequestAndAlsoCreateItsDependencies" />
    </UnitTest>
    <UnitTest name="ShouldThrowMultipleDefaultConstructorAttributesExceptionWhenForSomeClass10BecauseHasMultipleConstructorsWithDefaultConstructorAttribute" storage="h:\spf\prompt11\prompt11-02-advancedprogramming.sandrapatfer\src\finalwork\chelasinjection.tests2\bin\debug\chelasinjection.tests2.dll" id="badb261c-79e1-f2d7-f803-19e335e6a24b">
      <Execution id="88ff2399-c2ce-44d8-9db6-ad851f09b21c" />
      <TestMethod codeBase="H:/SPF/PROMPT11/PROMPT11-02-AdvancedProgramming.sandrapatfer/src/FinalWork/ChelasInjection.Tests2/bin/Debug/ChelasInjection.Tests2.DLL" adapterTypeName="Microsoft.VisualStudio.TestTools.TestTypes.Unit.UnitTestAdapter, Microsoft.VisualStudio.QualityTools.Tips.UnitTest.Adapter, Version=10.0.0.0, Culture=neutral, PublicKeyToken=b03f5f7f11d50a3a" className="ChelasInjection.Tests.UnitTest1, ChelasInjection.Tests2, Version=1.0.0.0, Culture=neutral, PublicKeyToken=null" name="ShouldThrowMultipleDefaultConstructorAttributesExceptionWhenForSomeClass10BecauseHasMultipleConstructorsWithDefaultConstructorAttribute" />
    </UnitTest>
    <UnitTest name="ShouldHavePerCallActivationForDependenciesISomeInterface3Instances" storage="h:\spf\prompt11\prompt11-02-advancedprogramming.sandrapatfer\src\finalwork\chelasinjection.tests2\bin\debug\chelasinjection.tests2.dll" id="b1dae230-0702-1c38-61e9-e91d35c3e828">
      <Execution id="afd8c7a5-f01a-40f5-bb23-1e847845d401" />
      <TestMethod codeBase="H:/SPF/PROMPT11/PROMPT11-02-AdvancedProgramming.sandrapatfer/src/FinalWork/ChelasInjection.Tests2/bin/Debug/ChelasInjection.Tests2.DLL" adapterTypeName="Microsoft.VisualStudio.TestTools.TestTypes.Unit.UnitTestAdapter, Microsoft.VisualStudio.QualityTools.Tips.UnitTest.Adapter, Version=10.0.0.0, Culture=neutral, PublicKeyToken=b03f5f7f11d50a3a" className="ChelasInjection.Tests.UnitTest1, ChelasInjection.Tests2, Version=1.0.0.0, Culture=neutral, PublicKeyToken=null" name="ShouldHavePerCallActivationForDependenciesISomeInterface3Instances" />
    </UnitTest>
    <UnitTest name="ShouldReturnSomeInterface7DefaultForSomeInterface7DependencyOnSomeClass13WithNotConfiguredBlackAttribute" storage="h:\spf\prompt11\prompt11-02-advancedprogramming.sandrapatfer\src\finalwork\chelasinjection.tests2\bin\debug\chelasinjection.tests2.dll" id="2dbe1cb0-1300-91d9-d83a-4537ac6ebaeb">
      <Execution id="60c78e9e-ed46-4c80-a78d-033f2cb9e1e2" />
      <TestMethod codeBase="H:/SPF/PROMPT11/PROMPT11-02-AdvancedProgramming.sandrapatfer/src/FinalWork/ChelasInjection.Tests2/bin/Debug/ChelasInjection.Tests2.DLL" adapterTypeName="Microsoft.VisualStudio.TestTools.TestTypes.Unit.UnitTestAdapter, Microsoft.VisualStudio.QualityTools.Tips.UnitTest.Adapter, Version=10.0.0.0, Culture=neutral, PublicKeyToken=b03f5f7f11d50a3a" className="ChelasInjection.Tests.UnitTest1, ChelasInjection.Tests2, Version=1.0.0.0, Culture=neutral, PublicKeyToken=null" name="ShouldReturnSomeInterface7DefaultForSomeInterface7DependencyOnSomeClass13WithNotConfiguredBlackAttribute" />
    </UnitTest>
    <UnitTest name="ShouldReturnSomeInterface7And8RedForSomeInterface8RequestWhenSelectionAttributeIsdefined" storage="h:\spf\prompt11\prompt11-02-advancedprogramming.sandrapatfer\src\finalwork\chelasinjection.tests2\bin\debug\chelasinjection.tests2.dll" id="0fb9d857-b22e-831c-2b38-70d77b06e36b">
      <Execution id="425a2cf6-cea5-44c9-93b3-0bd6e67f7386" />
      <TestMethod codeBase="H:/SPF/PROMPT11/PROMPT11-02-AdvancedProgramming.sandrapatfer/src/FinalWork/ChelasInjection.Tests2/bin/Debug/ChelasInjection.Tests2.DLL" adapterTypeName="Microsoft.VisualStudio.TestTools.TestTypes.Unit.UnitTestAdapter, Microsoft.VisualStudio.QualityTools.Tips.UnitTest.Adapter, Version=10.0.0.0, Culture=neutral, PublicKeyToken=b03f5f7f11d50a3a" className="ChelasInjection.Tests.UnitTest1, ChelasInjection.Tests2, Version=1.0.0.0, Culture=neutral, PublicKeyToken=null" name="ShouldReturnSomeInterface7And8RedForSomeInterface8RequestWhenSelectionAttributeIsdefined" />
    </UnitTest>
    <UnitTest name="ShouldCreateAnInstanceForAnUnboundTypeWithPublicConstructors" storage="h:\spf\prompt11\prompt11-02-advancedprogramming.sandrapatfer\src\finalwork\chelasinjection.tests2\bin\debug\chelasinjection.tests2.dll" id="f3af9dd6-57e5-e2ea-f6d2-38630ed06ba9">
      <Execution id="c4cbf86b-8556-4338-9d3a-8a54854be5d1" />
      <TestMethod codeBase="H:/SPF/PROMPT11/PROMPT11-02-AdvancedProgramming.sandrapatfer/src/FinalWork/ChelasInjection.Tests2/bin/Debug/ChelasInjection.Tests2.DLL" adapterTypeName="Microsoft.VisualStudio.TestTools.TestTypes.Unit.UnitTestAdapter, Microsoft.VisualStudio.QualityTools.Tips.UnitTest.Adapter, Version=10.0.0.0, Culture=neutral, PublicKeyToken=b03f5f7f11d50a3a" className="ChelasInjection.Tests.UnitTest1, ChelasInjection.Tests2, Version=1.0.0.0, Culture=neutral, PublicKeyToken=null" name="ShouldCreateAnInstanceForAnUnboundTypeWithPublicConstructors" />
    </UnitTest>
    <UnitTest name="ShouldChooseTheCorrectConstructorWhenWithConstructorOperatorIsUsedForISomeInterface2" storage="h:\spf\prompt11\prompt11-02-advancedprogramming.sandrapatfer\src\finalwork\chelasinjection.tests2\bin\debug\chelasinjection.tests2.dll" id="799df84a-d0f7-d582-afb8-66d314142c52">
      <Execution id="e548fb35-06fe-4c7b-8623-b75702410dc0" />
      <TestMethod codeBase="H:/SPF/PROMPT11/PROMPT11-02-AdvancedProgramming.sandrapatfer/src/FinalWork/ChelasInjection.Tests2/bin/Debug/ChelasInjection.Tests2.DLL" adapterTypeName="Microsoft.VisualStudio.TestTools.TestTypes.Unit.UnitTestAdapter, Microsoft.VisualStudio.QualityTools.Tips.UnitTest.Adapter, Version=10.0.0.0, Culture=neutral, PublicKeyToken=b03f5f7f11d50a3a" className="ChelasInjection.Tests.UnitTest1, ChelasInjection.Tests2, Version=1.0.0.0, Culture=neutral, PublicKeyToken=null" name="ShouldChooseTheCorrectConstructorWhenWithConstructorOperatorIsUsedForISomeInterface2" />
    </UnitTest>
    <UnitTest name="ShouldHaveDefautActivationOnDependencies" storage="h:\spf\prompt11\prompt11-02-advancedprogramming.sandrapatfer\src\finalwork\chelasinjection.tests2\bin\debug\chelasinjection.tests2.dll" id="203b2176-34be-f441-1eb4-ea8404ba4292">
      <Execution id="649124eb-3e0e-4348-b8e6-7c97b02a9d64" />
      <TestMethod codeBase="H:/SPF/PROMPT11/PROMPT11-02-AdvancedProgramming.sandrapatfer/src/FinalWork/ChelasInjection.Tests2/bin/Debug/ChelasInjection.Tests2.DLL" adapterTypeName="Microsoft.VisualStudio.TestTools.TestTypes.Unit.UnitTestAdapter, Microsoft.VisualStudio.QualityTools.Tips.UnitTest.Adapter, Version=10.0.0.0, Culture=neutral, PublicKeyToken=b03f5f7f11d50a3a" className="ChelasInjection.Tests.UnitTest1, ChelasInjection.Tests2, Version=1.0.0.0, Culture=neutral, PublicKeyToken=null" name="ShouldHaveDefautActivationOnDependencies" />
    </UnitTest>
    <UnitTest name="ShouldReturnSomeClass6NotBoundAndCreatedByTheCustomResolver" storage="h:\spf\prompt11\prompt11-02-advancedprogramming.sandrapatfer\src\finalwork\chelasinjection.tests2\bin\debug\chelasinjection.tests2.dll" id="992fa773-e39d-6e61-1a30-6e747e297c53">
      <Execution id="c0b6676d-a4f2-4070-b3ab-617892d24110" />
      <TestMethod codeBase="H:/SPF/PROMPT11/PROMPT11-02-AdvancedProgramming.sandrapatfer/src/FinalWork/ChelasInjection.Tests2/bin/Debug/ChelasInjection.Tests2.DLL" adapterTypeName="Microsoft.VisualStudio.TestTools.TestTypes.Unit.UnitTestAdapter, Microsoft.VisualStudio.QualityTools.Tips.UnitTest.Adapter, Version=10.0.0.0, Culture=neutral, PublicKeyToken=b03f5f7f11d50a3a" className="ChelasInjection.Tests.UnitTest1, ChelasInjection.Tests2, Version=1.0.0.0, Culture=neutral, PublicKeyToken=null" name="ShouldReturnSomeClass6NotBoundAndCreatedByTheCustomResolver" />
    </UnitTest>
    <UnitTest name="ShouldReturnSomeInterface7And8RedForSomeInterface7RequestWhenSelectionAttributeIsdefined" storage="h:\spf\prompt11\prompt11-02-advancedprogramming.sandrapatfer\src\finalwork\chelasinjection.tests2\bin\debug\chelasinjection.tests2.dll" id="55e104c0-88fa-628e-eff2-a03a25d5724b">
      <Execution id="0d8d95e0-328a-41f9-a20f-d1d0f178e42b" />
      <TestMethod codeBase="H:/SPF/PROMPT11/PROMPT11-02-AdvancedProgramming.sandrapatfer/src/FinalWork/ChelasInjection.Tests2/bin/Debug/ChelasInjection.Tests2.DLL" adapterTypeName="Microsoft.VisualStudio.TestTools.TestTypes.Unit.UnitTestAdapter, Microsoft.VisualStudio.QualityTools.Tips.UnitTest.Adapter, Version=10.0.0.0, Culture=neutral, PublicKeyToken=b03f5f7f11d50a3a" className="ChelasInjection.Tests.UnitTest1, ChelasInjection.Tests2, Version=1.0.0.0, Culture=neutral, PublicKeyToken=null" name="ShouldReturnSomeInterface7And8RedForSomeInterface7RequestWhenSelectionAttributeIsdefined" />
    </UnitTest>
    <UnitTest name="ShouldGivePriorirtyToCustomResolverAlthoughSomeClass7IsBound" storage="h:\spf\prompt11\prompt11-02-advancedprogramming.sandrapatfer\src\finalwork\chelasinjection.tests2\bin\debug\chelasinjection.tests2.dll" id="8557c812-6de1-9709-80ad-f04c0594564d">
      <Execution id="0881b13a-ddd4-4c7c-9638-528b8cb352bb" />
      <TestMethod codeBase="H:/SPF/PROMPT11/PROMPT11-02-AdvancedProgramming.sandrapatfer/src/FinalWork/ChelasInjection.Tests2/bin/Debug/ChelasInjection.Tests2.DLL" adapterTypeName="Microsoft.VisualStudio.TestTools.TestTypes.Unit.UnitTestAdapter, Microsoft.VisualStudio.QualityTools.Tips.UnitTest.Adapter, Version=10.0.0.0, Culture=neutral, PublicKeyToken=b03f5f7f11d50a3a" className="ChelasInjection.Tests.UnitTest1, ChelasInjection.Tests2, Version=1.0.0.0, Culture=neutral, PublicKeyToken=null" name="ShouldGivePriorirtyToCustomResolverAlthoughSomeClass7IsBound" />
    </UnitTest>
    <UnitTest name="ShouldCreateASomeClass4InstanceForSomeClass4Request" storage="h:\spf\prompt11\prompt11-02-advancedprogramming.sandrapatfer\src\finalwork\chelasinjection.tests2\bin\debug\chelasinjection.tests2.dll" id="aff7ce77-7373-e91c-38d4-a2cc7eff8eb9">
      <Execution id="8b6fa389-00f7-4b53-b5f7-a2c51b2a405e" />
      <TestMethod codeBase="H:/SPF/PROMPT11/PROMPT11-02-AdvancedProgramming.sandrapatfer/src/FinalWork/ChelasInjection.Tests2/bin/Debug/ChelasInjection.Tests2.DLL" adapterTypeName="Microsoft.VisualStudio.TestTools.TestTypes.Unit.UnitTestAdapter, Microsoft.VisualStudio.QualityTools.Tips.UnitTest.Adapter, Version=10.0.0.0, Culture=neutral, PublicKeyToken=b03f5f7f11d50a3a" className="ChelasInjection.Tests.UnitTest1, ChelasInjection.Tests2, Version=1.0.0.0, Culture=neutral, PublicKeyToken=null" name="ShouldCreateASomeClass4InstanceForSomeClass4Request" />
    </UnitTest>
    <UnitTest name="ShouldCreateASomeInterface2ImplInstanceForISomeInterface2RequestAndAlsoCreateItsDependencies" storage="h:\spf\prompt11\prompt11-02-advancedprogramming.sandrapatfer\src\finalwork\chelasinjection.tests2\bin\debug\chelasinjection.tests2.dll" id="2d574b83-6eb8-d38d-596f-4dbdcb30b343">
      <Execution id="15184cf0-edea-4136-8d31-4e7be042ec2c" />
      <TestMethod codeBase="H:/SPF/PROMPT11/PROMPT11-02-AdvancedProgramming.sandrapatfer/src/FinalWork/ChelasInjection.Tests2/bin/Debug/ChelasInjection.Tests2.DLL" adapterTypeName="Microsoft.VisualStudio.TestTools.TestTypes.Unit.UnitTestAdapter, Microsoft.VisualStudio.QualityTools.Tips.UnitTest.Adapter, Version=10.0.0.0, Culture=neutral, PublicKeyToken=b03f5f7f11d50a3a" className="ChelasInjection.Tests.UnitTest1, ChelasInjection.Tests2, Version=1.0.0.0, Culture=neutral, PublicKeyToken=null" name="ShouldCreateASomeInterface2ImplInstanceForISomeInterface2RequestAndAlsoCreateItsDependencies" />
    </UnitTest>
    <UnitTest name="ShouldChooseTheNoArgumentsConstructorWhenNoArgumentsConstructorOperatorIsUsedForISomeInterface1" storage="h:\spf\prompt11\prompt11-02-advancedprogramming.sandrapatfer\src\finalwork\chelasinjection.tests2\bin\debug\chelasinjection.tests2.dll" id="a8d53dff-3b7a-8a6d-08b4-ec3ef7866c7b">
      <Execution id="c5b88860-5623-47f4-81ef-08dff32e9525" />
      <TestMethod codeBase="H:/SPF/PROMPT11/PROMPT11-02-AdvancedProgramming.sandrapatfer/src/FinalWork/ChelasInjection.Tests2/bin/Debug/ChelasInjection.Tests2.DLL" adapterTypeName="Microsoft.VisualStudio.TestTools.TestTypes.Unit.UnitTestAdapter, Microsoft.VisualStudio.QualityTools.Tips.UnitTest.Adapter, Version=10.0.0.0, Culture=neutral, PublicKeyToken=b03f5f7f11d50a3a" className="ChelasInjection.Tests.UnitTest1, ChelasInjection.Tests2, Version=1.0.0.0, Culture=neutral, PublicKeyToken=null" name="ShouldChooseTheNoArgumentsConstructorWhenNoArgumentsConstructorOperatorIsUsedForISomeInterface1" />
    </UnitTest>
    <UnitTest name="ShouldChooseTheConstructorWithMoreBindedArgumenstByDefault" storage="h:\spf\prompt11\prompt11-02-advancedprogramming.sandrapatfer\src\finalwork\chelasinjection.tests2\bin\debug\chelasinjection.tests2.dll" id="9b0c2864-875b-7395-9439-5c60eee626cf">
      <Execution id="d8db9bd6-78c1-4d26-8297-d9bcc5627bea" />
      <TestMethod codeBase="H:/SPF/PROMPT11/PROMPT11-02-AdvancedProgramming.sandrapatfer/src/FinalWork/ChelasInjection.Tests2/bin/Debug/ChelasInjection.Tests2.DLL" adapterTypeName="Microsoft.VisualStudio.TestTools.TestTypes.Unit.UnitTestAdapter, Microsoft.VisualStudio.QualityTools.Tips.UnitTest.Adapter, Version=10.0.0.0, Culture=neutral, PublicKeyToken=b03f5f7f11d50a3a" className="ChelasInjection.Tests.UnitTest1, ChelasInjection.Tests2, Version=1.0.0.0, Culture=neutral, PublicKeyToken=null" name="ShouldChooseTheConstructorWithMoreBindedArgumenstByDefault" />
    </UnitTest>
    <UnitTest name="ShouldCreateASomeInterface1ImplInstanceForISomeInterface1Request" storage="h:\spf\prompt11\prompt11-02-advancedprogramming.sandrapatfer\src\finalwork\chelasinjection.tests2\bin\debug\chelasinjection.tests2.dll" id="69ed810d-5677-1ec5-22fa-3be6e29a4af5">
      <Execution id="2a30869b-2435-44e8-9315-d83787496d3e" />
      <TestMethod codeBase="H:/SPF/PROMPT11/PROMPT11-02-AdvancedProgramming.sandrapatfer/src/FinalWork/ChelasInjection.Tests2/bin/Debug/ChelasInjection.Tests2.DLL" adapterTypeName="Microsoft.VisualStudio.TestTools.TestTypes.Unit.UnitTestAdapter, Microsoft.VisualStudio.QualityTools.Tips.UnitTest.Adapter, Version=10.0.0.0, Culture=neutral, PublicKeyToken=b03f5f7f11d50a3a" className="ChelasInjection.Tests.UnitTest1, ChelasInjection.Tests2, Version=1.0.0.0, Culture=neutral, PublicKeyToken=null" name="ShouldCreateASomeInterface1ImplInstanceForISomeInterface1Request" />
    </UnitTest>
    <UnitTest name="ShouldUseTheLastBindForISomeInterface4" storage="h:\spf\prompt11\prompt11-02-advancedprogramming.sandrapatfer\src\finalwork\chelasinjection.tests2\bin\debug\chelasinjection.tests2.dll" id="8a4b3c7d-7572-49a8-20e7-b97ba68832af">
      <Execution id="311cc512-1f41-4a6a-9c3e-b169d6fa6286" />
      <TestMethod codeBase="H:/SPF/PROMPT11/PROMPT11-02-AdvancedProgramming.sandrapatfer/src/FinalWork/ChelasInjection.Tests2/bin/Debug/ChelasInjection.Tests2.DLL" adapterTypeName="Microsoft.VisualStudio.TestTools.TestTypes.Unit.UnitTestAdapter, Microsoft.VisualStudio.QualityTools.Tips.UnitTest.Adapter, Version=10.0.0.0, Culture=neutral, PublicKeyToken=b03f5f7f11d50a3a" className="ChelasInjection.Tests.UnitTest1, ChelasInjection.Tests2, Version=1.0.0.0, Culture=neutral, PublicKeyToken=null" name="ShouldUseTheLastBindForISomeInterface4" />
    </UnitTest>
    <UnitTest name="ShouldChooseSomeInterface10RedImplementationForDependencyOnSomeClass11" storage="h:\spf\prompt11\prompt11-02-advancedprogramming.sandrapatfer\src\finalwork\chelasinjection.tests2\bin\debug\chelasinjection.tests2.dll" id="f9b93fa6-b71a-f71d-284d-5bec026536ee">
      <Execution id="410b5781-574d-49f2-9a76-886186672c73" />
      <TestMethod codeBase="H:/SPF/PROMPT11/PROMPT11-02-AdvancedProgramming.sandrapatfer/src/FinalWork/ChelasInjection.Tests2/bin/Debug/ChelasInjection.Tests2.DLL" adapterTypeName="Microsoft.VisualStudio.TestTools.TestTypes.Unit.UnitTestAdapter, Microsoft.VisualStudio.QualityTools.Tips.UnitTest.Adapter, Version=10.0.0.0, Culture=neutral, PublicKeyToken=b03f5f7f11d50a3a" className="ChelasInjection.Tests.UnitTest1, ChelasInjection.Tests2, Version=1.0.0.0, Culture=neutral, PublicKeyToken=null" name="ShouldChooseSomeInterface10RedImplementationForDependencyOnSomeClass11" />
    </UnitTest>
    <UnitTest name="ShouldCreateASomeClass9InstanceForSomeClass9RequestWithSelfBindConfiguration" storage="h:\spf\prompt11\prompt11-02-advancedprogramming.sandrapatfer\src\finalwork\chelasinjection.tests2\bin\debug\chelasinjection.tests2.dll" id="4ff804d2-0826-4eee-5faa-2c0b05eada64">
      <Execution id="c1e69e85-e0f5-4e98-b6a5-b45d720e494e" />
      <TestMethod codeBase="H:/SPF/PROMPT11/PROMPT11-02-AdvancedProgramming.sandrapatfer/src/FinalWork/ChelasInjection.Tests2/bin/Debug/ChelasInjection.Tests2.DLL" adapterTypeName="Microsoft.VisualStudio.TestTools.TestTypes.Unit.UnitTestAdapter, Microsoft.VisualStudio.QualityTools.Tips.UnitTest.Adapter, Version=10.0.0.0, Culture=neutral, PublicKeyToken=b03f5f7f11d50a3a" className="ChelasInjection.Tests.UnitTest1, ChelasInjection.Tests2, Version=1.0.0.0, Culture=neutral, PublicKeyToken=null" name="ShouldCreateASomeClass9InstanceForSomeClass9RequestWithSelfBindConfiguration" />
    </UnitTest>
    <UnitTest name="ShouldChooseSomeInterface10YellowImplementationForDependencyOnSomeClass12" storage="h:\spf\prompt11\prompt11-02-advancedprogramming.sandrapatfer\src\finalwork\chelasinjection.tests2\bin\debug\chelasinjection.tests2.dll" id="67be36d0-e847-5d39-b115-e4c98c1d269a">
      <Execution id="f577e210-8216-405c-aaa7-668b06d97573" />
      <TestMethod codeBase="H:/SPF/PROMPT11/PROMPT11-02-AdvancedProgramming.sandrapatfer/src/FinalWork/ChelasInjection.Tests2/bin/Debug/ChelasInjection.Tests2.DLL" adapterTypeName="Microsoft.VisualStudio.TestTools.TestTypes.Unit.UnitTestAdapter, Microsoft.VisualStudio.QualityTools.Tips.UnitTest.Adapter, Version=10.0.0.0, Culture=neutral, PublicKeyToken=b03f5f7f11d50a3a" className="ChelasInjection.Tests.UnitTest1, ChelasInjection.Tests2, Version=1.0.0.0, Culture=neutral, PublicKeyToken=null" name="ShouldChooseSomeInterface10YellowImplementationForDependencyOnSomeClass12" />
    </UnitTest>
    <UnitTest name="ShouldHavePerRequestActivationForISomeInterface2Request" storage="h:\spf\prompt11\prompt11-02-advancedprogramming.sandrapatfer\src\finalwork\chelasinjection.tests2\bin\debug\chelasinjection.tests2.dll" id="e858f66b-5ff7-80c7-d0f2-04868ce086ed">
      <Execution id="218db374-ddd0-44ee-942e-3bd4805b65b9" />
      <TestMethod codeBase="H:/SPF/PROMPT11/PROMPT11-02-AdvancedProgramming.sandrapatfer/src/FinalWork/ChelasInjection.Tests2/bin/Debug/ChelasInjection.Tests2.DLL" adapterTypeName="Microsoft.VisualStudio.TestTools.TestTypes.Unit.UnitTestAdapter, Microsoft.VisualStudio.QualityTools.Tips.UnitTest.Adapter, Version=10.0.0.0, Culture=neutral, PublicKeyToken=b03f5f7f11d50a3a" className="ChelasInjection.Tests.UnitTest1, ChelasInjection.Tests2, Version=1.0.0.0, Culture=neutral, PublicKeyToken=null" name="ShouldHavePerRequestActivationForISomeInterface2Request" />
    </UnitTest>
    <UnitTest name="ShouldHaveSingletonActivationForISomeInterface3Request" storage="h:\spf\prompt11\prompt11-02-advancedprogramming.sandrapatfer\src\finalwork\chelasinjection.tests2\bin\debug\chelasinjection.tests2.dll" id="950830c6-0f4f-8968-2d6c-fa6b82ea8ddc">
      <Execution id="4bb6a1ee-9c74-412a-8754-6c6a882c0cfb" />
      <TestMethod codeBase="H:/SPF/PROMPT11/PROMPT11-02-AdvancedProgramming.sandrapatfer/src/FinalWork/ChelasInjection.Tests2/bin/Debug/ChelasInjection.Tests2.DLL" adapterTypeName="Microsoft.VisualStudio.TestTools.TestTypes.Unit.UnitTestAdapter, Microsoft.VisualStudio.QualityTools.Tips.UnitTest.Adapter, Version=10.0.0.0, Culture=neutral, PublicKeyToken=b03f5f7f11d50a3a" className="ChelasInjection.Tests.UnitTest1, ChelasInjection.Tests2, Version=1.0.0.0, Culture=neutral, PublicKeyToken=null" name="ShouldHaveSingletonActivationForISomeInterface3Request" />
    </UnitTest>
    <UnitTest name="ShouldExecuteInitializationExpressionForISomeInterface2Impl" storage="h:\spf\prompt11\prompt11-02-advancedprogramming.sandrapatfer\src\finalwork\chelasinjection.tests2\bin\debug\chelasinjection.tests2.dll" id="771b46f7-fec5-a01b-e7d5-50ec03f005a0">
      <Execution id="03e758df-8c6a-428a-a236-fbded7e7da88" />
      <TestMethod codeBase="H:/SPF/PROMPT11/PROMPT11-02-AdvancedProgramming.sandrapatfer/src/FinalWork/ChelasInjection.Tests2/bin/Debug/ChelasInjection.Tests2.DLL" adapterTypeName="Microsoft.VisualStudio.TestTools.TestTypes.Unit.UnitTestAdapter, Microsoft.VisualStudio.QualityTools.Tips.UnitTest.Adapter, Version=10.0.0.0, Culture=neutral, PublicKeyToken=b03f5f7f11d50a3a" className="ChelasInjection.Tests.UnitTest1, ChelasInjection.Tests2, Version=1.0.0.0, Culture=neutral, PublicKeyToken=null" name="ShouldExecuteInitializationExpressionForISomeInterface2Impl" />
    </UnitTest>
    <UnitTest name="TestMethod1" storage="h:\spf\prompt11\prompt11-02-advancedprogramming.sandrapatfer\src\finalwork\chelasinjection.tests2\bin\debug\chelasinjection.tests2.dll" id="0e1818d9-cc61-fd84-b00f-dc6e3addb7b2">
      <Execution id="8ca43835-aca4-4401-9012-c0433999ef2d" />
      <TestMethod codeBase="H:/SPF/PROMPT11/PROMPT11-02-AdvancedProgramming.sandrapatfer/src/FinalWork/ChelasInjection.Tests2/bin/Debug/ChelasInjection.Tests2.DLL" adapterTypeName="Microsoft.VisualStudio.TestTools.TestTypes.Unit.UnitTestAdapter, Microsoft.VisualStudio.QualityTools.Tips.UnitTest.Adapter, Version=10.0.0.0, Culture=neutral, PublicKeyToken=b03f5f7f11d50a3a" className="ChelasInjection.Tests.UnitTest1, ChelasInjection.Tests2, Version=1.0.0.0, Culture=neutral, PublicKeyToken=null" name="TestMethod1" />
    </UnitTest>
    <UnitTest name="ShouldReturnSomeInterface7DefaultForSomeInterface7RequestWhenNoSelectionAttributeIsdefined" storage="h:\spf\prompt11\prompt11-02-advancedprogramming.sandrapatfer\src\finalwork\chelasinjection.tests2\bin\debug\chelasinjection.tests2.dll" id="c43435fc-d314-f391-46cd-d23dbed660d5">
      <Execution id="b67f5565-9bc3-4528-86c5-cf7b8de75a78" />
      <TestMethod codeBase="H:/SPF/PROMPT11/PROMPT11-02-AdvancedProgramming.sandrapatfer/src/FinalWork/ChelasInjection.Tests2/bin/Debug/ChelasInjection.Tests2.DLL" adapterTypeName="Microsoft.VisualStudio.TestTools.TestTypes.Unit.UnitTestAdapter, Microsoft.VisualStudio.QualityTools.Tips.UnitTest.Adapter, Version=10.0.0.0, Culture=neutral, PublicKeyToken=b03f5f7f11d50a3a" className="ChelasInjection.Tests.UnitTest1, ChelasInjection.Tests2, Version=1.0.0.0, Culture=neutral, PublicKeyToken=null" name="ShouldReturnSomeInterface7DefaultForSomeInterface7RequestWhenNoSelectionAttributeIsdefined" />
    </UnitTest>
    <UnitTest name="ShouldThrowCircularDependencyExceptionOnInstantiationForSomeClass1" storage="h:\spf\prompt11\prompt11-02-advancedprogramming.sandrapatfer\src\finalwork\chelasinjection.tests2\bin\debug\chelasinjection.tests2.dll" id="28b0781c-525f-79c7-0fe1-7f25197915d6">
      <Execution id="1a10ffd2-afb1-4fa9-95a8-9a42f8172fb5" />
      <TestMethod codeBase="H:/SPF/PROMPT11/PROMPT11-02-AdvancedProgramming.sandrapatfer/src/FinalWork/ChelasInjection.Tests2/bin/Debug/ChelasInjection.Tests2.DLL" adapterTypeName="Microsoft.VisualStudio.TestTools.TestTypes.Unit.UnitTestAdapter, Microsoft.VisualStudio.QualityTools.Tips.UnitTest.Adapter, Version=10.0.0.0, Culture=neutral, PublicKeyToken=b03f5f7f11d50a3a" className="ChelasInjection.Tests.UnitTest1, ChelasInjection.Tests2, Version=1.0.0.0, Culture=neutral, PublicKeyToken=null" name="ShouldThrowCircularDependencyExceptionOnInstantiationForSomeClass1" />
    </UnitTest>
    <UnitTest name="ShouldThrowUnboundExceptionForISomeInterface8Request" storage="h:\spf\prompt11\prompt11-02-advancedprogramming.sandrapatfer\src\finalwork\chelasinjection.tests2\bin\debug\chelasinjection.tests2.dll" id="343e2330-020f-ca29-0724-95104f785584">
      <Execution id="58991483-2fe6-41ef-8ff8-29712d398ac5" />
      <TestMethod codeBase="H:/SPF/PROMPT11/PROMPT11-02-AdvancedProgramming.sandrapatfer/src/FinalWork/ChelasInjection.Tests2/bin/Debug/ChelasInjection.Tests2.DLL" adapterTypeName="Microsoft.VisualStudio.TestTools.TestTypes.Unit.UnitTestAdapter, Microsoft.VisualStudio.QualityTools.Tips.UnitTest.Adapter, Version=10.0.0.0, Culture=neutral, PublicKeyToken=b03f5f7f11d50a3a" className="ChelasInjection.Tests.UnitTest1, ChelasInjection.Tests2, Version=1.0.0.0, Culture=neutral, PublicKeyToken=null" name="ShouldThrowUnboundExceptionForISomeInterface8Request" />
    </UnitTest>
    <UnitTest name="ShouldHavePerRequestAsDefaultActivation" storage="h:\spf\prompt11\prompt11-02-advancedprogramming.sandrapatfer\src\finalwork\chelasinjection.tests2\bin\debug\chelasinjection.tests2.dll" id="19ea25b7-39b5-1dcf-59fc-6e8eaa2a7cad">
      <Execution id="b7c05497-58f6-4ad9-b0e3-bfabb5b21eab" />
      <TestMethod codeBase="H:/SPF/PROMPT11/PROMPT11-02-AdvancedProgramming.sandrapatfer/src/FinalWork/ChelasInjection.Tests2/bin/Debug/ChelasInjection.Tests2.DLL" adapterTypeName="Microsoft.VisualStudio.TestTools.TestTypes.Unit.UnitTestAdapter, Microsoft.VisualStudio.QualityTools.Tips.UnitTest.Adapter, Version=10.0.0.0, Culture=neutral, PublicKeyToken=b03f5f7f11d50a3a" className="ChelasInjection.Tests.UnitTest1, ChelasInjection.Tests2, Version=1.0.0.0, Culture=neutral, PublicKeyToken=null" name="ShouldHavePerRequestAsDefaultActivation" />
    </UnitTest>
    <UnitTest name="ShouldMaintainActivationEvenForSomeClass7ProvidedByCustomResolver" storage="h:\spf\prompt11\prompt11-02-advancedprogramming.sandrapatfer\src\finalwork\chelasinjection.tests2\bin\debug\chelasinjection.tests2.dll" id="77c4ee26-43df-d990-818c-b93181d9d426">
      <Execution id="0a59ee19-9ded-4407-860d-6ab6080a8ac6" />
      <TestMethod codeBase="H:/SPF/PROMPT11/PROMPT11-02-AdvancedProgramming.sandrapatfer/src/FinalWork/ChelasInjection.Tests2/bin/Debug/ChelasInjection.Tests2.DLL" adapterTypeName="Microsoft.VisualStudio.TestTools.TestTypes.Unit.UnitTestAdapter, Microsoft.VisualStudio.QualityTools.Tips.UnitTest.Adapter, Version=10.0.0.0, Culture=neutral, PublicKeyToken=b03f5f7f11d50a3a" className="ChelasInjection.Tests.UnitTest1, ChelasInjection.Tests2, Version=1.0.0.0, Culture=neutral, PublicKeyToken=null" name="ShouldMaintainActivationEvenForSomeClass7ProvidedByCustomResolver" />
    </UnitTest>
    <UnitTest name="ShouldReturnSomeInterface7DefaultForSomeInterface7DependencyOnSomeClass14WithNoArgumentAttribute" storage="h:\spf\prompt11\prompt11-02-advancedprogramming.sandrapatfer\src\finalwork\chelasinjection.tests2\bin\debug\chelasinjection.tests2.dll" id="fb960a69-164e-b826-ab52-fd7d677561d6">
      <Execution id="92f007c6-a2c0-4419-84ee-1770f280c72a" />
      <TestMethod codeBase="H:/SPF/PROMPT11/PROMPT11-02-AdvancedProgramming.sandrapatfer/src/FinalWork/ChelasInjection.Tests2/bin/Debug/ChelasInjection.Tests2.DLL" adapterTypeName="Microsoft.VisualStudio.TestTools.TestTypes.Unit.UnitTestAdapter, Microsoft.VisualStudio.QualityTools.Tips.UnitTest.Adapter, Version=10.0.0.0, Culture=neutral, PublicKeyToken=b03f5f7f11d50a3a" className="ChelasInjection.Tests.UnitTest1, ChelasInjection.Tests2, Version=1.0.0.0, Culture=neutral, PublicKeyToken=null" name="ShouldReturnSomeInterface7DefaultForSomeInterface7DependencyOnSomeClass14WithNoArgumentAttribute" />
    </UnitTest>
    <UnitTest name="ShouldUseTheLastConstructorDefinitionInOneBindForISomeInterface3" storage="h:\spf\prompt11\prompt11-02-advancedprogramming.sandrapatfer\src\finalwork\chelasinjection.tests2\bin\debug\chelasinjection.tests2.dll" id="fef9c989-3738-c8d2-2df9-720456409fe6">
      <Execution id="c4128060-a06c-46e7-8d1e-ab96a1694a40" />
      <TestMethod codeBase="H:/SPF/PROMPT11/PROMPT11-02-AdvancedProgramming.sandrapatfer/src/FinalWork/ChelasInjection.Tests2/bin/Debug/ChelasInjection.Tests2.DLL" adapterTypeName="Microsoft.VisualStudio.TestTools.TestTypes.Unit.UnitTestAdapter, Microsoft.VisualStudio.QualityTools.Tips.UnitTest.Adapter, Version=10.0.0.0, Culture=neutral, PublicKeyToken=b03f5f7f11d50a3a" className="ChelasInjection.Tests.UnitTest1, ChelasInjection.Tests2, Version=1.0.0.0, Culture=neutral, PublicKeyToken=null" name="ShouldUseTheLastConstructorDefinitionInOneBindForISomeInterface3" />
    </UnitTest>
    <UnitTest name="ShouldHavePerRequestActivationForNotBoundClass8ButWithCustomResolverProvidedInstance" storage="h:\spf\prompt11\prompt11-02-advancedprogramming.sandrapatfer\src\finalwork\chelasinjection.tests2\bin\debug\chelasinjection.tests2.dll" id="83226284-881c-2a5e-6de7-8d09db6a6d08">
      <Execution id="1b44bc06-0f58-4fd1-89f6-ff74bcf6dfbf" />
      <TestMethod codeBase="H:/SPF/PROMPT11/PROMPT11-02-AdvancedProgramming.sandrapatfer/src/FinalWork/ChelasInjection.Tests2/bin/Debug/ChelasInjection.Tests2.DLL" adapterTypeName="Microsoft.VisualStudio.TestTools.TestTypes.Unit.UnitTestAdapter, Microsoft.VisualStudio.QualityTools.Tips.UnitTest.Adapter, Version=10.0.0.0, Culture=neutral, PublicKeyToken=b03f5f7f11d50a3a" className="ChelasInjection.Tests.UnitTest1, ChelasInjection.Tests2, Version=1.0.0.0, Culture=neutral, PublicKeyToken=null" name="ShouldHavePerRequestActivationForNotBoundClass8ButWithCustomResolverProvidedInstance" />
    </UnitTest>
    <UnitTest name="ShouldChooseTheConstructorAnotatedWithDefaulAttributeForISomeInterface5" storage="h:\spf\prompt11\prompt11-02-advancedprogramming.sandrapatfer\src\finalwork\chelasinjection.tests2\bin\debug\chelasinjection.tests2.dll" id="9a649419-67ea-379c-fb21-90bad3354097">
      <Execution id="c401dd5b-d486-4c0c-a054-25179a84265d" />
      <TestMethod codeBase="H:/SPF/PROMPT11/PROMPT11-02-AdvancedProgramming.sandrapatfer/src/FinalWork/ChelasInjection.Tests2/bin/Debug/ChelasInjection.Tests2.DLL" adapterTypeName="Microsoft.VisualStudio.TestTools.TestTypes.Unit.UnitTestAdapter, Microsoft.VisualStudio.QualityTools.Tips.UnitTest.Adapter, Version=10.0.0.0, Culture=neutral, PublicKeyToken=b03f5f7f11d50a3a" className="ChelasInjection.Tests.UnitTest1, ChelasInjection.Tests2, Version=1.0.0.0, Culture=neutral, PublicKeyToken=null" name="ShouldChooseTheConstructorAnotatedWithDefaulAttributeForISomeInterface5" />
    </UnitTest>
  </TestDefinitions>
  <TestLists>
    <TestList name="Results Not in a List" id="8c84fa94-04c1-424b-9868-57a2d4851a1d" />
    <TestList name="All Loaded Results" id="19431567-8539-422a-85d7-44ee4e166bda" />
  </TestLists>
  <TestEntries>
    <TestEntry testId="0e1818d9-cc61-fd84-b00f-dc6e3addb7b2" executionId="8ca43835-aca4-4401-9012-c0433999ef2d" testListId="8c84fa94-04c1-424b-9868-57a2d4851a1d" />
    <TestEntry testId="0fb9d857-b22e-831c-2b38-70d77b06e36b" executionId="425a2cf6-cea5-44c9-93b3-0bd6e67f7386" testListId="8c84fa94-04c1-424b-9868-57a2d4851a1d" />
    <TestEntry testId="12c34159-a3d5-4e71-915d-5d2a9292a276" executionId="09355660-3aff-42f4-b572-de6d7ff4b7b9" testListId="8c84fa94-04c1-424b-9868-57a2d4851a1d" />
    <TestEntry testId="12d69a01-353d-6243-926f-aae67310746f" executionId="127508b0-5021-4f5e-90b9-a80ec5731eff" testListId="8c84fa94-04c1-424b-9868-57a2d4851a1d" />
    <TestEntry testId="19ea25b7-39b5-1dcf-59fc-6e8eaa2a7cad" executionId="b7c05497-58f6-4ad9-b0e3-bfabb5b21eab" testListId="8c84fa94-04c1-424b-9868-57a2d4851a1d" />
    <TestEntry testId="203b2176-34be-f441-1eb4-ea8404ba4292" executionId="649124eb-3e0e-4348-b8e6-7c97b02a9d64" testListId="8c84fa94-04c1-424b-9868-57a2d4851a1d" />
    <TestEntry testId="28b0781c-525f-79c7-0fe1-7f25197915d6" executionId="1a10ffd2-afb1-4fa9-95a8-9a42f8172fb5" testListId="8c84fa94-04c1-424b-9868-57a2d4851a1d" />
    <TestEntry testId="2d574b83-6eb8-d38d-596f-4dbdcb30b343" executionId="15184cf0-edea-4136-8d31-4e7be042ec2c" testListId="8c84fa94-04c1-424b-9868-57a2d4851a1d" />
    <TestEntry testId="2dbe1cb0-1300-91d9-d83a-4537ac6ebaeb" executionId="60c78e9e-ed46-4c80-a78d-033f2cb9e1e2" testListId="8c84fa94-04c1-424b-9868-57a2d4851a1d" />
    <TestEntry testId="343e2330-020f-ca29-0724-95104f785584" executionId="58991483-2fe6-41ef-8ff8-29712d398ac5" testListId="8c84fa94-04c1-424b-9868-57a2d4851a1d" />
    <TestEntry testId="4ff804d2-0826-4eee-5faa-2c0b05eada64" executionId="c1e69e85-e0f5-4e98-b6a5-b45d720e494e" testListId="8c84fa94-04c1-424b-9868-57a2d4851a1d" />
    <TestEntry testId="55e104c0-88fa-628e-eff2-a03a25d5724b" executionId="0d8d95e0-328a-41f9-a20f-d1d0f178e42b" testListId="8c84fa94-04c1-424b-9868-57a2d4851a1d" />
    <TestEntry testId="656d7ed8-51e6-ac9e-3238-7d523d24fb7f" executionId="f8398756-9420-42bd-97f0-14fae00cde55" testListId="8c84fa94-04c1-424b-9868-57a2d4851a1d" />
    <TestEntry testId="67be36d0-e847-5d39-b115-e4c98c1d269a" executionId="f577e210-8216-405c-aaa7-668b06d97573" testListId="8c84fa94-04c1-424b-9868-57a2d4851a1d" />
    <TestEntry testId="69ed810d-5677-1ec5-22fa-3be6e29a4af5" executionId="2a30869b-2435-44e8-9315-d83787496d3e" testListId="8c84fa94-04c1-424b-9868-57a2d4851a1d" />
    <TestEntry testId="771b46f7-fec5-a01b-e7d5-50ec03f005a0" executionId="03e758df-8c6a-428a-a236-fbded7e7da88" testListId="8c84fa94-04c1-424b-9868-57a2d4851a1d" />
    <TestEntry testId="77c4ee26-43df-d990-818c-b93181d9d426" executionId="0a59ee19-9ded-4407-860d-6ab6080a8ac6" testListId="8c84fa94-04c1-424b-9868-57a2d4851a1d" />
    <TestEntry testId="799df84a-d0f7-d582-afb8-66d314142c52" executionId="e548fb35-06fe-4c7b-8623-b75702410dc0" testListId="8c84fa94-04c1-424b-9868-57a2d4851a1d" />
    <TestEntry testId="83226284-881c-2a5e-6de7-8d09db6a6d08" executionId="1b44bc06-0f58-4fd1-89f6-ff74bcf6dfbf" testListId="8c84fa94-04c1-424b-9868-57a2d4851a1d" />
    <TestEntry testId="8557c812-6de1-9709-80ad-f04c0594564d" executionId="0881b13a-ddd4-4c7c-9638-528b8cb352bb" testListId="8c84fa94-04c1-424b-9868-57a2d4851a1d" />
    <TestEntry testId="8a4b3c7d-7572-49a8-20e7-b97ba68832af" executionId="311cc512-1f41-4a6a-9c3e-b169d6fa6286" testListId="8c84fa94-04c1-424b-9868-57a2d4851a1d" />
    <TestEntry testId="950830c6-0f4f-8968-2d6c-fa6b82ea8ddc" executionId="4bb6a1ee-9c74-412a-8754-6c6a882c0cfb" testListId="8c84fa94-04c1-424b-9868-57a2d4851a1d" />
    <TestEntry testId="992fa773-e39d-6e61-1a30-6e747e297c53" executionId="c0b6676d-a4f2-4070-b3ab-617892d24110" testListId="8c84fa94-04c1-424b-9868-57a2d4851a1d" />
    <TestEntry testId="9a649419-67ea-379c-fb21-90bad3354097" executionId="c401dd5b-d486-4c0c-a054-25179a84265d" testListId="8c84fa94-04c1-424b-9868-57a2d4851a1d" />
    <TestEntry testId="9b0c2864-875b-7395-9439-5c60eee626cf" executionId="d8db9bd6-78c1-4d26-8297-d9bcc5627bea" testListId="8c84fa94-04c1-424b-9868-57a2d4851a1d" />
    <TestEntry testId="a8d53dff-3b7a-8a6d-08b4-ec3ef7866c7b" executionId="c5b88860-5623-47f4-81ef-08dff32e9525" testListId="8c84fa94-04c1-424b-9868-57a2d4851a1d" />
    <TestEntry testId="aff7ce77-7373-e91c-38d4-a2cc7eff8eb9" executionId="8b6fa389-00f7-4b53-b5f7-a2c51b2a405e" testListId="8c84fa94-04c1-424b-9868-57a2d4851a1d" />
    <TestEntry testId="b1dae230-0702-1c38-61e9-e91d35c3e828" executionId="afd8c7a5-f01a-40f5-bb23-1e847845d401" testListId="8c84fa94-04c1-424b-9868-57a2d4851a1d" />
    <TestEntry testId="badb261c-79e1-f2d7-f803-19e335e6a24b" executionId="88ff2399-c2ce-44d8-9db6-ad851f09b21c" testListId="8c84fa94-04c1-424b-9868-57a2d4851a1d" />
    <TestEntry testId="c43435fc-d314-f391-46cd-d23dbed660d5" executionId="b67f5565-9bc3-4528-86c5-cf7b8de75a78" testListId="8c84fa94-04c1-424b-9868-57a2d4851a1d" />
    <TestEntry testId="e858f66b-5ff7-80c7-d0f2-04868ce086ed" executionId="218db374-ddd0-44ee-942e-3bd4805b65b9" testListId="8c84fa94-04c1-424b-9868-57a2d4851a1d" />
    <TestEntry testId="f3af9dd6-57e5-e2ea-f6d2-38630ed06ba9" executionId="c4cbf86b-8556-4338-9d3a-8a54854be5d1" testListId="8c84fa94-04c1-424b-9868-57a2d4851a1d" />
    <TestEntry testId="f9b93fa6-b71a-f71d-284d-5bec026536ee" executionId="410b5781-574d-49f2-9a76-886186672c73" testListId="8c84fa94-04c1-424b-9868-57a2d4851a1d" />
    <TestEntry testId="fb960a69-164e-b826-ab52-fd7d677561d6" executionId="92f007c6-a2c0-4419-84ee-1770f280c72a" testListId="8c84fa94-04c1-424b-9868-57a2d4851a1d" />
    <TestEntry testId="fef9c989-3738-c8d2-2df9-720456409fe6" executionId="c4128060-a06c-46e7-8d1e-ab96a1694a40" testListId="8c84fa94-04c1-424b-9868-57a2d4851a1d" />
  </TestEntries>
  <Results>
    <UnitTestResult executionId="8ca43835-aca4-4401-9012-c0433999ef2d" testId="0e1818d9-cc61-fd84-b00f-dc6e3addb7b2" testName="TestMethod1" computerName="TICHINHA" duration="00:00:00.0275340" startTime="2011-06-23T17:42:27.8484414+01:00" endTime="2011-06-23T17:42:28.0200417+01:00" testType="13cdc9d9-ddb5-4fa4-a97d-d965ccfc6d4b" outcome="Passed" testListId="8c84fa94-04c1-424b-9868-57a2d4851a1d" relativeResultsDirectory="8ca43835-aca4-4401-9012-c0433999ef2d">
    </UnitTestResult>
    <UnitTestResult executionId="425a2cf6-cea5-44c9-93b3-0bd6e67f7386" testId="0fb9d857-b22e-831c-2b38-70d77b06e36b" testName="ShouldReturnSomeInterface7And8RedForSomeInterface8RequestWhenSelectionAttributeIsdefined" computerName="TICHINHA" duration="00:00:00.0112485" startTime="2011-06-23T17:42:28.0356417+01:00" endTime="2011-06-23T17:42:28.0356417+01:00" testType="13cdc9d9-ddb5-4fa4-a97d-d965ccfc6d4b" outcome="Passed" testListId="8c84fa94-04c1-424b-9868-57a2d4851a1d" relativeResultsDirectory="425a2cf6-cea5-44c9-93b3-0bd6e67f7386">
    </UnitTestResult>
    <UnitTestResult executionId="09355660-3aff-42f4-b572-de6d7ff4b7b9" testId="12c34159-a3d5-4e71-915d-5d2a9292a276" testName="ShouldHaveSingletonActivationForSomeClass7CustomResolverProvidedInstances" computerName="TICHINHA" duration="00:00:00.0012217" startTime="2011-06-23T17:42:28.0356417+01:00" endTime="2011-06-23T17:42:28.0512418+01:00" testType="13cdc9d9-ddb5-4fa4-a97d-d965ccfc6d4b" outcome="Passed" testListId="8c84fa94-04c1-424b-9868-57a2d4851a1d" relativeResultsDirectory="09355660-3aff-42f4-b572-de6d7ff4b7b9">
    </UnitTestResult>
    <UnitTestResult executionId="127508b0-5021-4f5e-90b9-a80ec5731eff" testId="12d69a01-353d-6243-926f-aae67310746f" testName="ShouldCreateASomeInterface3ImplInstanceForISomeInterface2RequestAndAlsoCreateItsDependencies" computerName="TICHINHA" duration="00:00:00.0038212" startTime="2011-06-23T17:42:28.0512418+01:00" endTime="2011-06-23T17:42:28.0512418+01:00" testType="13cdc9d9-ddb5-4fa4-a97d-d965ccfc6d4b" outcome="Passed" testListId="8c84fa94-04c1-424b-9868-57a2d4851a1d" relativeResultsDirectory="127508b0-5021-4f5e-90b9-a80ec5731eff">
    </UnitTestResult>
    <UnitTestResult executionId="b7c05497-58f6-4ad9-b0e3-bfabb5b21eab" testId="19ea25b7-39b5-1dcf-59fc-6e8eaa2a7cad" testName="ShouldHavePerRequestAsDefaultActivation" computerName="TICHINHA" duration="00:00:00.0002095" startTime="2011-06-23T17:42:28.0512418+01:00" endTime="2011-06-23T17:42:28.0512418+01:00" testType="13cdc9d9-ddb5-4fa4-a97d-d965ccfc6d4b" outcome="Passed" testListId="8c84fa94-04c1-424b-9868-57a2d4851a1d" relativeResultsDirectory="b7c05497-58f6-4ad9-b0e3-bfabb5b21eab">
    </UnitTestResult>
    <UnitTestResult executionId="649124eb-3e0e-4348-b8e6-7c97b02a9d64" testId="203b2176-34be-f441-1eb4-ea8404ba4292" testName="ShouldHaveDefautActivationOnDependencies" computerName="TICHINHA" duration="00:00:00.0002612" startTime="2011-06-23T17:42:28.0512418+01:00" endTime="2011-06-23T17:42:28.0668418+01:00" testType="13cdc9d9-ddb5-4fa4-a97d-d965ccfc6d4b" outcome="Passed" testListId="8c84fa94-04c1-424b-9868-57a2d4851a1d" relativeResultsDirectory="649124eb-3e0e-4348-b8e6-7c97b02a9d64">
    </UnitTestResult>
    <UnitTestResult executionId="1a10ffd2-afb1-4fa9-95a8-9a42f8172fb5" testId="28b0781c-525f-79c7-0fe1-7f25197915d6" testName="ShouldThrowCircularDependencyExceptionOnInstantiationForSomeClass1" computerName="TICHINHA" duration="00:00:00.0022282" startTime="2011-06-23T17:42:28.0668418+01:00" endTime="2011-06-23T17:42:28.0668418+01:00" testType="13cdc9d9-ddb5-4fa4-a97d-d965ccfc6d4b" outcome="Passed" testListId="8c84fa94-04c1-424b-9868-57a2d4851a1d" relativeResultsDirectory="1a10ffd2-afb1-4fa9-95a8-9a42f8172fb5">
    </UnitTestResult>
    <UnitTestResult executionId="15184cf0-edea-4136-8d31-4e7be042ec2c" testId="2d574b83-6eb8-d38d-596f-4dbdcb30b343" testName="ShouldCreateASomeInterface2ImplInstanceForISomeInterface2RequestAndAlsoCreateItsDependencies" computerName="TICHINHA" duration="00:00:00.0002206" startTime="2011-06-23T17:42:28.0668418+01:00" endTime="2011-06-23T17:42:28.0668418+01:00" testType="13cdc9d9-ddb5-4fa4-a97d-d965ccfc6d4b" outcome="Passed" testListId="8c84fa94-04c1-424b-9868-57a2d4851a1d" relativeResultsDirectory="15184cf0-edea-4136-8d31-4e7be042ec2c">
    </UnitTestResult>
    <UnitTestResult executionId="60c78e9e-ed46-4c80-a78d-033f2cb9e1e2" testId="2dbe1cb0-1300-91d9-d83a-4537ac6ebaeb" testName="ShouldReturnSomeInterface7DefaultForSomeInterface7DependencyOnSomeClass13WithNotConfiguredBlackAttribute" computerName="TICHINHA" duration="00:00:00.0152805" startTime="2011-06-23T17:42:28.0668418+01:00" endTime="2011-06-23T17:42:28.0824418+01:00" testType="13cdc9d9-ddb5-4fa4-a97d-d965ccfc6d4b" outcome="Failed" testListId="8c84fa94-04c1-424b-9868-57a2d4851a1d" relativeResultsDirectory="60c78e9e-ed46-4c80-a78d-033f2cb9e1e2">
      <Output>
        <ErrorInfo>
          <Message>Test method ChelasInjection.Tests.UnitTest1.ShouldReturnSomeInterface7DefaultForSomeInterface7DependencyOnSomeClass13WithNotConfiguredBlackAttribute threw exception: 
ChelasInjection.Exceptions.UnboundTypeException: Exception of type 'ChelasInjection.Exceptions.UnboundTypeException' was thrown.</Message>
          <StackTrace>    at ChelasInjection.Binder.TypeConfigHandler.AttributeConfig(Type attrType) in H:\SPF\PROMPT11\PROMPT11-02-AdvancedProgramming.sandrapatfer\src\FinalWork\ChelasInjection\Binder\TypeConfigHandler.cs:line 52
   at ChelasInjection.Injector.InstanceManager.GetBinderConfig(TypeIndex tIndex) in H:\SPF\PROMPT11\PROMPT11-02-AdvancedProgramming.sandrapatfer\src\FinalWork\ChelasInjection\Injector\InstanceManager.cs:line 264
   at ChelasInjection.Injector.InstanceManager.GetInstance(TypeIndex tIndex) in H:\SPF\PROMPT11\PROMPT11-02-AdvancedProgramming.sandrapatfer\src\FinalWork\ChelasInjection\Injector\InstanceManager.cs:line 48
   at ChelasInjection.Injector.InstanceManager.&lt;FunctionForBuildingParameters&gt;b__1d(ParameterInfo p) in H:\SPF\PROMPT11\PROMPT11-02-AdvancedProgramming.sandrapatfer\src\FinalWork\ChelasInjection\Injector\InstanceManager.cs:line 209
   at System.Linq.Enumerable.WhereSelectArrayIterator`2.MoveNext()
   at System.Linq.Buffer`1..ctor(IEnumerable`1 source)
   at System.Linq.Enumerable.ToArray[TSource](IEnumerable`1 source)
   at ChelasInjection.Injector.InstanceManager.&lt;FunctionForBuildingParameters&gt;b__1c(ConstructorInfo constructor) in H:\SPF\PROMPT11\PROMPT11-02-AdvancedProgramming.sandrapatfer\src\FinalWork\ChelasInjection\Injector\InstanceManager.cs:line 209
   at ChelasInjection.Injector.InstanceManager.CreateObjectWithConstructor(ConstructorInfo constructor, Func`2 parameters) in H:\SPF\PROMPT11\PROMPT11-02-AdvancedProgramming.sandrapatfer\src\FinalWork\ChelasInjection\Injector\InstanceManager.cs:line 199
   at ChelasInjection.Injector.InstanceManager.&lt;&gt;c__DisplayClassc.&lt;GetInstanceFromConfig&gt;b__2() in H:\SPF\PROMPT11\PROMPT11-02-AdvancedProgramming.sandrapatfer\src\FinalWork\ChelasInjection\Injector\InstanceManager.cs:line 84
   at ChelasInjection.Injector.InstanceManager.ProtectObjectCreation(TypeIndex tIndex, Func`1 creationFunc, Action`1 additionalAction) in H:\SPF\PROMPT11\PROMPT11-02-AdvancedProgramming.sandrapatfer\src\FinalWork\ChelasInjection\Injector\InstanceManager.cs:line 108
   at ChelasInjection.Injector.InstanceManager.GetInstanceFromConfig(TypeIndex tIndex, BaseTypeConfig tConfig) in H:\SPF\PROMPT11\PROMPT11-02-AdvancedProgramming.sandrapatfer\src\FinalWork\ChelasInjection\Injector\InstanceManager.cs:line 84
   at ChelasInjection.Injector.InstanceManager.GetInstance(TypeIndex tIndex) in H:\SPF\PROMPT11\PROMPT11-02-AdvancedProgramming.sandrapatfer\src\FinalWork\ChelasInjection\Injector\InstanceManager.cs:line 66
   at ChelasInjection.Injector.InstanceManager.GetInstance[T]() in H:\SPF\PROMPT11\PROMPT11-02-AdvancedProgramming.sandrapatfer\src\FinalWork\ChelasInjection\Injector\InstanceManager.cs:line 32
   at ChelasInjection.Injector.GetInstance[T]() in H:\SPF\PROMPT11\PROMPT11-02-AdvancedProgramming.sandrapatfer\src\FinalWork\ChelasInjection\Injector\Injector.cs:line 19
   at ChelasInjection.Tests.UnitTest1.ShouldReturnSomeInterface7DefaultForSomeInterface7DependencyOnSomeClass13WithNotConfiguredBlackAttribute() in H:\SPF\PROMPT11\PROMPT11-02-AdvancedProgramming.sandrapatfer\src\FinalWork\ChelasInjection.Tests2\UnitTest1.cs:line 438
</StackTrace>
        </ErrorInfo>
      </Output>
    </UnitTestResult>
    <UnitTestResult executionId="58991483-2fe6-41ef-8ff8-29712d398ac5" testId="343e2330-020f-ca29-0724-95104f785584" testName="ShouldThrowUnboundExceptionForISomeInterface8Request" computerName="TICHINHA" duration="00:00:00.0003655" startTime="2011-06-23T17:42:28.0824418+01:00" endTime="2011-06-23T17:42:28.0980418+01:00" testType="13cdc9d9-ddb5-4fa4-a97d-d965ccfc6d4b" outcome="Passed" testListId="8c84fa94-04c1-424b-9868-57a2d4851a1d" relativeResultsDirectory="58991483-2fe6-41ef-8ff8-29712d398ac5">
    </UnitTestResult>
    <UnitTestResult executionId="c1e69e85-e0f5-4e98-b6a5-b45d720e494e" testId="4ff804d2-0826-4eee-5faa-2c0b05eada64" testName="ShouldCreateASomeClass9InstanceForSomeClass9RequestWithSelfBindConfiguration" computerName="TICHINHA" duration="00:00:00.0002524" startTime="2011-06-23T17:42:28.0980418+01:00" endTime="2011-06-23T17:42:28.0980418+01:00" testType="13cdc9d9-ddb5-4fa4-a97d-d965ccfc6d4b" outcome="Passed" testListId="8c84fa94-04c1-424b-9868-57a2d4851a1d" relativeResultsDirectory="c1e69e85-e0f5-4e98-b6a5-b45d720e494e">
    </UnitTestResult>
    <UnitTestResult executionId="0d8d95e0-328a-41f9-a20f-d1d0f178e42b" testId="55e104c0-88fa-628e-eff2-a03a25d5724b" testName="ShouldReturnSomeInterface7And8RedForSomeInterface7RequestWhenSelectionAttributeIsdefined" computerName="TICHINHA" duration="00:00:00.0002149" startTime="2011-06-23T17:42:28.0980418+01:00" endTime="2011-06-23T17:42:28.0980418+01:00" testType="13cdc9d9-ddb5-4fa4-a97d-d965ccfc6d4b" outcome="Passed" testListId="8c84fa94-04c1-424b-9868-57a2d4851a1d" relativeResultsDirectory="0d8d95e0-328a-41f9-a20f-d1d0f178e42b">
    </UnitTestResult>
    <UnitTestResult executionId="f8398756-9420-42bd-97f0-14fae00cde55" testId="656d7ed8-51e6-ac9e-3238-7d523d24fb7f" testName="ShouldThrowUnboundTypeExceptionForAnUnboundAbstractType" computerName="TICHINHA" duration="00:00:00.0003674" startTime="2011-06-23T17:42:28.0980418+01:00" endTime="2011-06-23T17:42:28.0980418+01:00" testType="13cdc9d9-ddb5-4fa4-a97d-d965ccfc6d4b" outcome="Passed" testListId="8c84fa94-04c1-424b-9868-57a2d4851a1d" relativeResultsDirectory="f8398756-9420-42bd-97f0-14fae00cde55">
    </UnitTestResult>
    <UnitTestResult executionId="f577e210-8216-405c-aaa7-668b06d97573" testId="67be36d0-e847-5d39-b115-e4c98c1d269a" testName="ShouldChooseSomeInterface10YellowImplementationForDependencyOnSomeClass12" computerName="TICHINHA" duration="00:00:00.0005907" startTime="2011-06-23T17:42:28.0980418+01:00" endTime="2011-06-23T17:42:28.1136419+01:00" testType="13cdc9d9-ddb5-4fa4-a97d-d965ccfc6d4b" outcome="Passed" testListId="8c84fa94-04c1-424b-9868-57a2d4851a1d" relativeResultsDirectory="f577e210-8216-405c-aaa7-668b06d97573">
    </UnitTestResult>
    <UnitTestResult executionId="2a30869b-2435-44e8-9315-d83787496d3e" testId="69ed810d-5677-1ec5-22fa-3be6e29a4af5" testName="ShouldCreateASomeInterface1ImplInstanceForISomeInterface1Request" computerName="TICHINHA" duration="00:00:00.0001850" startTime="2011-06-23T17:42:28.1136419+01:00" endTime="2011-06-23T17:42:28.1136419+01:00" testType="13cdc9d9-ddb5-4fa4-a97d-d965ccfc6d4b" outcome="Passed" testListId="8c84fa94-04c1-424b-9868-57a2d4851a1d" relativeResultsDirectory="2a30869b-2435-44e8-9315-d83787496d3e">
    </UnitTestResult>
    <UnitTestResult executionId="03e758df-8c6a-428a-a236-fbded7e7da88" testId="771b46f7-fec5-a01b-e7d5-50ec03f005a0" testName="ShouldExecuteInitializationExpressionForISomeInterface2Impl" computerName="TICHINHA" duration="00:00:00.0010125" startTime="2011-06-23T17:42:28.1136419+01:00" endTime="2011-06-23T17:42:28.1136419+01:00" testType="13cdc9d9-ddb5-4fa4-a97d-d965ccfc6d4b" outcome="Passed" testListId="8c84fa94-04c1-424b-9868-57a2d4851a1d" relativeResultsDirectory="03e758df-8c6a-428a-a236-fbded7e7da88">
    </UnitTestResult>
    <UnitTestResult executionId="0a59ee19-9ded-4407-860d-6ab6080a8ac6" testId="77c4ee26-43df-d990-818c-b93181d9d426" testName="ShouldMaintainActivationEvenForSomeClass7ProvidedByCustomResolver" computerName="TICHINHA" duration="00:00:00.0001735" startTime="2011-06-23T17:42:28.1136419+01:00" endTime="2011-06-23T17:42:28.1136419+01:00" testType="13cdc9d9-ddb5-4fa4-a97d-d965ccfc6d4b" outcome="Passed" testListId="8c84fa94-04c1-424b-9868-57a2d4851a1d" relativeResultsDirectory="0a59ee19-9ded-4407-860d-6ab6080a8ac6">
    </UnitTestResult>
    <UnitTestResult executionId="e548fb35-06fe-4c7b-8623-b75702410dc0" testId="799df84a-d0f7-d582-afb8-66d314142c52" testName="ShouldChooseTheCorrectConstructorWhenWithConstructorOperatorIsUsedForISomeInterface2" computerName="TICHINHA" duration="00:00:00.0004087" startTime="2011-06-23T17:42:28.1136419+01:00" endTime="2011-06-23T17:42:28.1292419+01:00" testType="13cdc9d9-ddb5-4fa4-a97d-d965ccfc6d4b" outcome="Passed" testListId="8c84fa94-04c1-424b-9868-57a2d4851a1d" relativeResultsDirectory="e548fb35-06fe-4c7b-8623-b75702410dc0">
    </UnitTestResult>
    <UnitTestResult executionId="1b44bc06-0f58-4fd1-89f6-ff74bcf6dfbf" testId="83226284-881c-2a5e-6de7-8d09db6a6d08" testName="ShouldHavePerRequestActivationForNotBoundClass8ButWithCustomResolverProvidedInstance" computerName="TICHINHA" duration="00:00:00.0005513" startTime="2011-06-23T17:42:28.1292419+01:00" endTime="2011-06-23T17:42:28.1292419+01:00" testType="13cdc9d9-ddb5-4fa4-a97d-d965ccfc6d4b" outcome="Passed" testListId="8c84fa94-04c1-424b-9868-57a2d4851a1d" relativeResultsDirectory="1b44bc06-0f58-4fd1-89f6-ff74bcf6dfbf">
    </UnitTestResult>
    <UnitTestResult executionId="0881b13a-ddd4-4c7c-9638-528b8cb352bb" testId="8557c812-6de1-9709-80ad-f04c0594564d" testName="ShouldGivePriorirtyToCustomResolverAlthoughSomeClass7IsBound" computerName="TICHINHA" duration="00:00:00.0002145" startTime="2011-06-23T17:42:28.1292419+01:00" endTime="2011-06-23T17:42:28.1292419+01:00" testType="13cdc9d9-ddb5-4fa4-a97d-d965ccfc6d4b" outcome="Passed" testListId="8c84fa94-04c1-424b-9868-57a2d4851a1d" relativeResultsDirectory="0881b13a-ddd4-4c7c-9638-528b8cb352bb">
    </UnitTestResult>
    <UnitTestResult executionId="311cc512-1f41-4a6a-9c3e-b169d6fa6286" testId="8a4b3c7d-7572-49a8-20e7-b97ba68832af" testName="ShouldUseTheLastBindForISomeInterface4" computerName="TICHINHA" duration="00:00:00.0004528" startTime="2011-06-23T17:42:28.1292419+01:00" endTime="2011-06-23T17:42:28.1292419+01:00" testType="13cdc9d9-ddb5-4fa4-a97d-d965ccfc6d4b" outcome="Passed" testListId="8c84fa94-04c1-424b-9868-57a2d4851a1d" relativeResultsDirectory="311cc512-1f41-4a6a-9c3e-b169d6fa6286">
    </UnitTestResult>
    <UnitTestResult executionId="4bb6a1ee-9c74-412a-8754-6c6a882c0cfb" testId="950830c6-0f4f-8968-2d6c-fa6b82ea8ddc" testName="ShouldHaveSingletonActivationForISomeInterface3Request" computerName="TICHINHA" duration="00:00:00.0002245" startTime="2011-06-23T17:42:28.1292419+01:00" endTime="2011-06-23T17:42:28.1292419+01:00" testType="13cdc9d9-ddb5-4fa4-a97d-d965ccfc6d4b" outcome="Passed" testListId="8c84fa94-04c1-424b-9868-57a2d4851a1d" relativeResultsDirectory="4bb6a1ee-9c74-412a-8754-6c6a882c0cfb">
    </UnitTestResult>
    <UnitTestResult executionId="c0b6676d-a4f2-4070-b3ab-617892d24110" testId="992fa773-e39d-6e61-1a30-6e747e297c53" testName="ShouldReturnSomeClass6NotBoundAndCreatedByTheCustomResolver" computerName="TICHINHA" duration="00:00:00.0001597" startTime="2011-06-23T17:42:28.1292419+01:00" endTime="2011-06-23T17:42:28.1448419+01:00" testType="13cdc9d9-ddb5-4fa4-a97d-d965ccfc6d4b" outcome="Passed" testListId="8c84fa94-04c1-424b-9868-57a2d4851a1d" relativeResultsDirectory="c0b6676d-a4f2-4070-b3ab-617892d24110">
    </UnitTestResult>
    <UnitTestResult executionId="c401dd5b-d486-4c0c-a054-25179a84265d" testId="9a649419-67ea-379c-fb21-90bad3354097" testName="ShouldChooseTheConstructorAnotatedWithDefaulAttributeForISomeInterface5" computerName="TICHINHA" duration="00:00:00.0005731" startTime="2011-06-23T17:42:28.1448419+01:00" endTime="2011-06-23T17:42:28.1448419+01:00" testType="13cdc9d9-ddb5-4fa4-a97d-d965ccfc6d4b" outcome="Passed" testListId="8c84fa94-04c1-424b-9868-57a2d4851a1d" relativeResultsDirectory="c401dd5b-d486-4c0c-a054-25179a84265d">
    </UnitTestResult>
    <UnitTestResult executionId="d8db9bd6-78c1-4d26-8297-d9bcc5627bea" testId="9b0c2864-875b-7395-9439-5c60eee626cf" testName="ShouldChooseTheConstructorWithMoreBindedArgumenstByDefault" computerName="TICHINHA" duration="00:00:00.0002214" startTime="2011-06-23T17:42:28.1448419+01:00" endTime="2011-06-23T17:42:28.1448419+01:00" testType="13cdc9d9-ddb5-4fa4-a97d-d965ccfc6d4b" outcome="Passed" testListId="8c84fa94-04c1-424b-9868-57a2d4851a1d" relativeResultsDirectory="d8db9bd6-78c1-4d26-8297-d9bcc5627bea">
    </UnitTestResult>
    <UnitTestResult executionId="c5b88860-5623-47f4-81ef-08dff32e9525" testId="a8d53dff-3b7a-8a6d-08b4-ec3ef7866c7b" testName="ShouldChooseTheNoArgumentsConstructorWhenNoArgumentsConstructorOperatorIsUsedForISomeInterface1" computerName="TICHINHA" duration="00:00:00.0001314" startTime="2011-06-23T17:42:28.1448419+01:00" endTime="2011-06-23T17:42:28.1448419+01:00" testType="13cdc9d9-ddb5-4fa4-a97d-d965ccfc6d4b" outcome="Passed" testListId="8c84fa94-04c1-424b-9868-57a2d4851a1d" relativeResultsDirectory="c5b88860-5623-47f4-81ef-08dff32e9525">
    </UnitTestResult>
    <UnitTestResult executionId="8b6fa389-00f7-4b53-b5f7-a2c51b2a405e" testId="aff7ce77-7373-e91c-38d4-a2cc7eff8eb9" testName="ShouldCreateASomeClass4InstanceForSomeClass4Request" computerName="TICHINHA" duration="00:00:00.0002892" startTime="2011-06-23T17:42:28.1448419+01:00" endTime="2011-06-23T17:42:28.1448419+01:00" testType="13cdc9d9-ddb5-4fa4-a97d-d965ccfc6d4b" outcome="Passed" testListId="8c84fa94-04c1-424b-9868-57a2d4851a1d" relativeResultsDirectory="8b6fa389-00f7-4b53-b5f7-a2c51b2a405e">
    </UnitTestResult>
    <UnitTestResult executionId="afd8c7a5-f01a-40f5-bb23-1e847845d401" testId="b1dae230-0702-1c38-61e9-e91d35c3e828" testName="ShouldHavePerCallActivationForDependenciesISomeInterface3Instances" computerName="TICHINHA" duration="00:00:00.0002283" startTime="2011-06-23T17:42:28.1448419+01:00" endTime="2011-06-23T17:42:28.1604419+01:00" testType="13cdc9d9-ddb5-4fa4-a97d-d965ccfc6d4b" outcome="Passed" testListId="8c84fa94-04c1-424b-9868-57a2d4851a1d" relativeResultsDirectory="afd8c7a5-f01a-40f5-bb23-1e847845d401">
    </UnitTestResult>
    <UnitTestResult executionId="88ff2399-c2ce-44d8-9db6-ad851f09b21c" testId="badb261c-79e1-f2d7-f803-19e335e6a24b" testName="ShouldThrowMultipleDefaultConstructorAttributesExceptionWhenForSomeClass10BecauseHasMultipleConstructorsWithDefaultConstructorAttribute" computerName="TICHINHA" duration="00:00:00.0004873" startTime="2011-06-23T17:42:28.1604419+01:00" endTime="2011-06-23T17:42:28.1604419+01:00" testType="13cdc9d9-ddb5-4fa4-a97d-d965ccfc6d4b" outcome="Passed" testListId="8c84fa94-04c1-424b-9868-57a2d4851a1d" relativeResultsDirectory="88ff2399-c2ce-44d8-9db6-ad851f09b21c">
    </UnitTestResult>
    <UnitTestResult executionId="b67f5565-9bc3-4528-86c5-cf7b8de75a78" testId="c43435fc-d314-f391-46cd-d23dbed660d5" testName="ShouldReturnSomeInterface7DefaultForSomeInterface7RequestWhenNoSelectionAttributeIsdefined" computerName="TICHINHA" duration="00:00:00.0002689" startTime="2011-06-23T17:42:28.1604419+01:00" endTime="2011-06-23T17:42:28.1604419+01:00" testType="13cdc9d9-ddb5-4fa4-a97d-d965ccfc6d4b" outcome="Passed" testListId="8c84fa94-04c1-424b-9868-57a2d4851a1d" relativeResultsDirectory="b67f5565-9bc3-4528-86c5-cf7b8de75a78">
    </UnitTestResult>
    <UnitTestResult executionId="218db374-ddd0-44ee-942e-3bd4805b65b9" testId="e858f66b-5ff7-80c7-d0f2-04868ce086ed" testName="ShouldHavePerRequestActivationForISomeInterface2Request" computerName="TICHINHA" duration="00:00:00.0002049" startTime="2011-06-23T17:42:28.1604419+01:00" endTime="2011-06-23T17:42:28.1604419+01:00" testType="13cdc9d9-ddb5-4fa4-a97d-d965ccfc6d4b" outcome="Passed" testListId="8c84fa94-04c1-424b-9868-57a2d4851a1d" relativeResultsDirectory="218db374-ddd0-44ee-942e-3bd4805b65b9">
    </UnitTestResult>
    <UnitTestResult executionId="c4cbf86b-8556-4338-9d3a-8a54854be5d1" testId="f3af9dd6-57e5-e2ea-f6d2-38630ed06ba9" testName="ShouldCreateAnInstanceForAnUnboundTypeWithPublicConstructors" computerName="TICHINHA" duration="00:00:00.0002701" startTime="2011-06-23T17:42:28.1604419+01:00" endTime="2011-06-23T17:42:28.1760420+01:00" testType="13cdc9d9-ddb5-4fa4-a97d-d965ccfc6d4b" outcome="Passed" testListId="8c84fa94-04c1-424b-9868-57a2d4851a1d" relativeResultsDirectory="c4cbf86b-8556-4338-9d3a-8a54854be5d1">
    </UnitTestResult>
    <UnitTestResult executionId="410b5781-574d-49f2-9a76-886186672c73" testId="f9b93fa6-b71a-f71d-284d-5bec026536ee" testName="ShouldChooseSomeInterface10RedImplementationForDependencyOnSomeClass11" computerName="TICHINHA" duration="00:00:00.0005218" startTime="2011-06-23T17:42:28.1760420+01:00" endTime="2011-06-23T17:42:28.1760420+01:00" testType="13cdc9d9-ddb5-4fa4-a97d-d965ccfc6d4b" outcome="Passed" testListId="8c84fa94-04c1-424b-9868-57a2d4851a1d" relativeResultsDirectory="410b5781-574d-49f2-9a76-886186672c73">
    </UnitTestResult>
    <UnitTestResult executionId="92f007c6-a2c0-4419-84ee-1770f280c72a" testId="fb960a69-164e-b826-ab52-fd7d677561d6" testName="ShouldReturnSomeInterface7DefaultForSomeInterface7DependencyOnSomeClass14WithNoArgumentAttribute" computerName="TICHINHA" duration="00:00:00.0028638" startTime="2011-06-23T17:42:28.1760420+01:00" endTime="2011-06-23T17:42:28.1760420+01:00" testType="13cdc9d9-ddb5-4fa4-a97d-d965ccfc6d4b" outcome="Failed" testListId="8c84fa94-04c1-424b-9868-57a2d4851a1d" relativeResultsDirectory="92f007c6-a2c0-4419-84ee-1770f280c72a">
      <Output>
        <ErrorInfo>
          <Message>Assert.AreSame failed. </Message>
          <StackTrace>   at ChelasInjection.Tests.UnitTest1.ShouldReturnSomeInterface7DefaultForSomeInterface7DependencyOnSomeClass14WithNoArgumentAttribute() in H:\SPF\PROMPT11\PROMPT11-02-AdvancedProgramming.sandrapatfer\src\FinalWork\ChelasInjection.Tests2\UnitTest1.cs:line 455
</StackTrace>
        </ErrorInfo>
      </Output>
    </UnitTestResult>
    <UnitTestResult executionId="c4128060-a06c-46e7-8d1e-ab96a1694a40" testId="fef9c989-3738-c8d2-2df9-720456409fe6" testName="ShouldUseTheLastConstructorDefinitionInOneBindForISomeInterface3" computerName="TICHINHA" duration="00:00:00.0002980" startTime="2011-06-23T17:42:28.1760420+01:00" endTime="2011-06-23T17:42:28.1760420+01:00" testType="13cdc9d9-ddb5-4fa4-a97d-d965ccfc6d4b" outcome="Passed" testListId="8c84fa94-04c1-424b-9868-57a2d4851a1d" relativeResultsDirectory="c4128060-a06c-46e7-8d1e-ab96a1694a40">
    </UnitTestResult>
  </Results>
</TestRun>