<?xml version="1.0" encoding="UTF-8"?>
<TestRun id="2a92a363-924f-4e29-9bbf-f6d4eef400bd" name="Ticha@TICHINHA 2011-06-23 17:50:59" runUser="Tichinha\Ticha" xmlns="http://microsoft.com/schemas/VisualStudio/TeamTest/2010">
  <TestSettings name="Local" id="9cc0ef20-9937-47d7-8157-49516918ae7e">
    <Description>These are default test settings for a local test run.</Description>
    <Deployment userDeploymentRoot="H:\SPF\PROMPT11\PROMPT11-02-AdvancedProgramming.sandrapatfer\src\FinalWork\TestResults" useDefaultDeploymentRoot="false" enabled="false" runDeploymentRoot="Ticha_TICHINHA 2011-06-23 17_50_59">
      <DeploymentItem filename="H:\SPF\PROMPT11\PROMPT11-02-AdvancedProgramming.sandrapatfer\src\FinalWork\ChelasInjection\bin\Debug\ChelasInjection.dll" />
      <DeploymentItem filename="H:\SPF\PROMPT11\PROMPT11-02-AdvancedProgramming.sandrapatfer\src\FinalWork\ChelasInjection.SampleTypes\bin\Debug\ChelasInjection.SampleTypes.dll" />
    </Deployment>
    <Execution>
      <TestTypeSpecific />
      <AgentRule name="Execution Agents">
      </AgentRule>
    </Execution>
  </TestSettings>
  <Times creation="2011-06-23T17:50:59.6523954+01:00" queuing="2011-06-23T17:50:59.6523954+01:00" start="2011-06-23T17:50:59.6679954+01:00" finish="2011-06-23T17:50:59.9955960+01:00" />
  <ResultSummary outcome="Completed">
    <Counters total="35" executed="35" passed="35" error="0" failed="0" timeout="0" aborted="0" inconclusive="0" passedButRunAborted="0" notRunnable="0" notExecuted="0" disconnected="0" warning="0" completed="0" inProgress="0" pending="0" />
  </ResultSummary>
  <TestDefinitions>
    <UnitTest name="ShouldHaveSingletonActivationForSomeClass7CustomResolverProvidedInstances" storage="h:\spf\prompt11\prompt11-02-advancedprogramming.sandrapatfer\src\finalwork\chelasinjection.tests2\bin\debug\chelasinjection.tests2.dll" id="12c34159-a3d5-4e71-915d-5d2a9292a276">
      <Execution id="976d5f29-255f-482c-bf74-116e30c506da" />
      <TestMethod codeBase="H:/SPF/PROMPT11/PROMPT11-02-AdvancedProgramming.sandrapatfer/src/FinalWork/ChelasInjection.Tests2/bin/Debug/ChelasInjection.Tests2.DLL" adapterTypeName="Microsoft.VisualStudio.TestTools.TestTypes.Unit.UnitTestAdapter, Microsoft.VisualStudio.QualityTools.Tips.UnitTest.Adapter, Version=10.0.0.0, Culture=neutral, PublicKeyToken=b03f5f7f11d50a3a" className="ChelasInjection.Tests.UnitTest1, ChelasInjection.Tests2, Version=1.0.0.0, Culture=neutral, PublicKeyToken=null" name="ShouldHaveSingletonActivationForSomeClass7CustomResolverProvidedInstances" />
    </UnitTest>
    <UnitTest name="ShouldThrowUnboundTypeExceptionForAnUnboundAbstractType" storage="h:\spf\prompt11\prompt11-02-advancedprogramming.sandrapatfer\src\finalwork\chelasinjection.tests2\bin\debug\chelasinjection.tests2.dll" id="656d7ed8-51e6-ac9e-3238-7d523d24fb7f">
      <Execution id="05af07e8-a1d4-4984-b734-a694af53b240" />
      <TestMethod codeBase="H:/SPF/PROMPT11/PROMPT11-02-AdvancedProgramming.sandrapatfer/src/FinalWork/ChelasInjection.Tests2/bin/Debug/ChelasInjection.Tests2.DLL" adapterTypeName="Microsoft.VisualStudio.TestTools.TestTypes.Unit.UnitTestAdapter, Microsoft.VisualStudio.QualityTools.Tips.UnitTest.Adapter, Version=10.0.0.0, Culture=neutral, PublicKeyToken=b03f5f7f11d50a3a" className="ChelasInjection.Tests.UnitTest1, ChelasInjection.Tests2, Version=1.0.0.0, Culture=neutral, PublicKeyToken=null" name="ShouldThrowUnboundTypeExceptionForAnUnboundAbstractType" />
    </UnitTest>
    <UnitTest name="ShouldCreateASomeInterface3ImplInstanceForISomeInterface2RequestAndAlsoCreateItsDependencies" storage="h:\spf\prompt11\prompt11-02-advancedprogramming.sandrapatfer\src\finalwork\chelasinjection.tests2\bin\debug\chelasinjection.tests2.dll" id="12d69a01-353d-6243-926f-aae67310746f">
      <Execution id="9d81dcef-3a33-42e4-a3ac-4d77f3bb0d6f" />
      <TestMethod codeBase="H:/SPF/PROMPT11/PROMPT11-02-AdvancedProgramming.sandrapatfer/src/FinalWork/ChelasInjection.Tests2/bin/Debug/ChelasInjection.Tests2.DLL" adapterTypeName="Microsoft.VisualStudio.TestTools.TestTypes.Unit.UnitTestAdapter, Microsoft.VisualStudio.QualityTools.Tips.UnitTest.Adapter, Version=10.0.0.0, Culture=neutral, PublicKeyToken=b03f5f7f11d50a3a" className="ChelasInjection.Tests.UnitTest1, ChelasInjection.Tests2, Version=1.0.0.0, Culture=neutral, PublicKeyToken=null" name="ShouldCreateASomeInterface3ImplInstanceForISomeInterface2RequestAndAlsoCreateItsDependencies" />
    </UnitTest>
    <UnitTest name="ShouldThrowMultipleDefaultConstructorAttributesExceptionWhenForSomeClass10BecauseHasMultipleConstructorsWithDefaultConstructorAttribute" storage="h:\spf\prompt11\prompt11-02-advancedprogramming.sandrapatfer\src\finalwork\chelasinjection.tests2\bin\debug\chelasinjection.tests2.dll" id="badb261c-79e1-f2d7-f803-19e335e6a24b">
      <Execution id="1fbd9f69-e66e-4b17-bb21-eb7a80f7c853" />
      <TestMethod codeBase="H:/SPF/PROMPT11/PROMPT11-02-AdvancedProgramming.sandrapatfer/src/FinalWork/ChelasInjection.Tests2/bin/Debug/ChelasInjection.Tests2.DLL" adapterTypeName="Microsoft.VisualStudio.TestTools.TestTypes.Unit.UnitTestAdapter, Microsoft.VisualStudio.QualityTools.Tips.UnitTest.Adapter, Version=10.0.0.0, Culture=neutral, PublicKeyToken=b03f5f7f11d50a3a" className="ChelasInjection.Tests.UnitTest1, ChelasInjection.Tests2, Version=1.0.0.0, Culture=neutral, PublicKeyToken=null" name="ShouldThrowMultipleDefaultConstructorAttributesExceptionWhenForSomeClass10BecauseHasMultipleConstructorsWithDefaultConstructorAttribute" />
    </UnitTest>
    <UnitTest name="ShouldHavePerCallActivationForDependenciesISomeInterface3Instances" storage="h:\spf\prompt11\prompt11-02-advancedprogramming.sandrapatfer\src\finalwork\chelasinjection.tests2\bin\debug\chelasinjection.tests2.dll" id="b1dae230-0702-1c38-61e9-e91d35c3e828">
      <Execution id="cd75834a-b30b-40ee-9a6f-a18383f864dd" />
      <TestMethod codeBase="H:/SPF/PROMPT11/PROMPT11-02-AdvancedProgramming.sandrapatfer/src/FinalWork/ChelasInjection.Tests2/bin/Debug/ChelasInjection.Tests2.DLL" adapterTypeName="Microsoft.VisualStudio.TestTools.TestTypes.Unit.UnitTestAdapter, Microsoft.VisualStudio.QualityTools.Tips.UnitTest.Adapter, Version=10.0.0.0, Culture=neutral, PublicKeyToken=b03f5f7f11d50a3a" className="ChelasInjection.Tests.UnitTest1, ChelasInjection.Tests2, Version=1.0.0.0, Culture=neutral, PublicKeyToken=null" name="ShouldHavePerCallActivationForDependenciesISomeInterface3Instances" />
    </UnitTest>
    <UnitTest name="ShouldReturnSomeInterface7DefaultForSomeInterface7DependencyOnSomeClass13WithNotConfiguredBlackAttribute" storage="h:\spf\prompt11\prompt11-02-advancedprogramming.sandrapatfer\src\finalwork\chelasinjection.tests2\bin\debug\chelasinjection.tests2.dll" id="2dbe1cb0-1300-91d9-d83a-4537ac6ebaeb">
      <Execution id="b0ba3f53-a9c4-45da-913b-e3e0f0dd095a" />
      <TestMethod codeBase="H:/SPF/PROMPT11/PROMPT11-02-AdvancedProgramming.sandrapatfer/src/FinalWork/ChelasInjection.Tests2/bin/Debug/ChelasInjection.Tests2.DLL" adapterTypeName="Microsoft.VisualStudio.TestTools.TestTypes.Unit.UnitTestAdapter, Microsoft.VisualStudio.QualityTools.Tips.UnitTest.Adapter, Version=10.0.0.0, Culture=neutral, PublicKeyToken=b03f5f7f11d50a3a" className="ChelasInjection.Tests.UnitTest1, ChelasInjection.Tests2, Version=1.0.0.0, Culture=neutral, PublicKeyToken=null" name="ShouldReturnSomeInterface7DefaultForSomeInterface7DependencyOnSomeClass13WithNotConfiguredBlackAttribute" />
    </UnitTest>
    <UnitTest name="ShouldReturnSomeInterface7And8RedForSomeInterface8RequestWhenSelectionAttributeIsdefined" storage="h:\spf\prompt11\prompt11-02-advancedprogramming.sandrapatfer\src\finalwork\chelasinjection.tests2\bin\debug\chelasinjection.tests2.dll" id="0fb9d857-b22e-831c-2b38-70d77b06e36b">
      <Execution id="5d906319-230e-4268-9b1a-5863eea26073" />
      <TestMethod codeBase="H:/SPF/PROMPT11/PROMPT11-02-AdvancedProgramming.sandrapatfer/src/FinalWork/ChelasInjection.Tests2/bin/Debug/ChelasInjection.Tests2.DLL" adapterTypeName="Microsoft.VisualStudio.TestTools.TestTypes.Unit.UnitTestAdapter, Microsoft.VisualStudio.QualityTools.Tips.UnitTest.Adapter, Version=10.0.0.0, Culture=neutral, PublicKeyToken=b03f5f7f11d50a3a" className="ChelasInjection.Tests.UnitTest1, ChelasInjection.Tests2, Version=1.0.0.0, Culture=neutral, PublicKeyToken=null" name="ShouldReturnSomeInterface7And8RedForSomeInterface8RequestWhenSelectionAttributeIsdefined" />
    </UnitTest>
    <UnitTest name="ShouldCreateAnInstanceForAnUnboundTypeWithPublicConstructors" storage="h:\spf\prompt11\prompt11-02-advancedprogramming.sandrapatfer\src\finalwork\chelasinjection.tests2\bin\debug\chelasinjection.tests2.dll" id="f3af9dd6-57e5-e2ea-f6d2-38630ed06ba9">
      <Execution id="d32ff02e-d912-4f4e-af42-de320f7810bd" />
      <TestMethod codeBase="H:/SPF/PROMPT11/PROMPT11-02-AdvancedProgramming.sandrapatfer/src/FinalWork/ChelasInjection.Tests2/bin/Debug/ChelasInjection.Tests2.DLL" adapterTypeName="Microsoft.VisualStudio.TestTools.TestTypes.Unit.UnitTestAdapter, Microsoft.VisualStudio.QualityTools.Tips.UnitTest.Adapter, Version=10.0.0.0, Culture=neutral, PublicKeyToken=b03f5f7f11d50a3a" className="ChelasInjection.Tests.UnitTest1, ChelasInjection.Tests2, Version=1.0.0.0, Culture=neutral, PublicKeyToken=null" name="ShouldCreateAnInstanceForAnUnboundTypeWithPublicConstructors" />
    </UnitTest>
    <UnitTest name="ShouldChooseTheCorrectConstructorWhenWithConstructorOperatorIsUsedForISomeInterface2" storage="h:\spf\prompt11\prompt11-02-advancedprogramming.sandrapatfer\src\finalwork\chelasinjection.tests2\bin\debug\chelasinjection.tests2.dll" id="799df84a-d0f7-d582-afb8-66d314142c52">
      <Execution id="33b744c6-a6d6-4e25-9e68-f58cf6fea946" />
      <TestMethod codeBase="H:/SPF/PROMPT11/PROMPT11-02-AdvancedProgramming.sandrapatfer/src/FinalWork/ChelasInjection.Tests2/bin/Debug/ChelasInjection.Tests2.DLL" adapterTypeName="Microsoft.VisualStudio.TestTools.TestTypes.Unit.UnitTestAdapter, Microsoft.VisualStudio.QualityTools.Tips.UnitTest.Adapter, Version=10.0.0.0, Culture=neutral, PublicKeyToken=b03f5f7f11d50a3a" className="ChelasInjection.Tests.UnitTest1, ChelasInjection.Tests2, Version=1.0.0.0, Culture=neutral, PublicKeyToken=null" name="ShouldChooseTheCorrectConstructorWhenWithConstructorOperatorIsUsedForISomeInterface2" />
    </UnitTest>
    <UnitTest name="ShouldHaveDefautActivationOnDependencies" storage="h:\spf\prompt11\prompt11-02-advancedprogramming.sandrapatfer\src\finalwork\chelasinjection.tests2\bin\debug\chelasinjection.tests2.dll" id="203b2176-34be-f441-1eb4-ea8404ba4292">
      <Execution id="cdf8f354-8caf-4639-8efa-f67c54a9772b" />
      <TestMethod codeBase="H:/SPF/PROMPT11/PROMPT11-02-AdvancedProgramming.sandrapatfer/src/FinalWork/ChelasInjection.Tests2/bin/Debug/ChelasInjection.Tests2.DLL" adapterTypeName="Microsoft.VisualStudio.TestTools.TestTypes.Unit.UnitTestAdapter, Microsoft.VisualStudio.QualityTools.Tips.UnitTest.Adapter, Version=10.0.0.0, Culture=neutral, PublicKeyToken=b03f5f7f11d50a3a" className="ChelasInjection.Tests.UnitTest1, ChelasInjection.Tests2, Version=1.0.0.0, Culture=neutral, PublicKeyToken=null" name="ShouldHaveDefautActivationOnDependencies" />
    </UnitTest>
    <UnitTest name="ShouldReturnSomeClass6NotBoundAndCreatedByTheCustomResolver" storage="h:\spf\prompt11\prompt11-02-advancedprogramming.sandrapatfer\src\finalwork\chelasinjection.tests2\bin\debug\chelasinjection.tests2.dll" id="992fa773-e39d-6e61-1a30-6e747e297c53">
      <Execution id="16856a18-86e3-4fe7-9afd-4d30ad642afc" />
      <TestMethod codeBase="H:/SPF/PROMPT11/PROMPT11-02-AdvancedProgramming.sandrapatfer/src/FinalWork/ChelasInjection.Tests2/bin/Debug/ChelasInjection.Tests2.DLL" adapterTypeName="Microsoft.VisualStudio.TestTools.TestTypes.Unit.UnitTestAdapter, Microsoft.VisualStudio.QualityTools.Tips.UnitTest.Adapter, Version=10.0.0.0, Culture=neutral, PublicKeyToken=b03f5f7f11d50a3a" className="ChelasInjection.Tests.UnitTest1, ChelasInjection.Tests2, Version=1.0.0.0, Culture=neutral, PublicKeyToken=null" name="ShouldReturnSomeClass6NotBoundAndCreatedByTheCustomResolver" />
    </UnitTest>
    <UnitTest name="ShouldReturnSomeInterface7And8RedForSomeInterface7RequestWhenSelectionAttributeIsdefined" storage="h:\spf\prompt11\prompt11-02-advancedprogramming.sandrapatfer\src\finalwork\chelasinjection.tests2\bin\debug\chelasinjection.tests2.dll" id="55e104c0-88fa-628e-eff2-a03a25d5724b">
      <Execution id="8500029e-48bd-4b32-9210-22c4e25e882f" />
      <TestMethod codeBase="H:/SPF/PROMPT11/PROMPT11-02-AdvancedProgramming.sandrapatfer/src/FinalWork/ChelasInjection.Tests2/bin/Debug/ChelasInjection.Tests2.DLL" adapterTypeName="Microsoft.VisualStudio.TestTools.TestTypes.Unit.UnitTestAdapter, Microsoft.VisualStudio.QualityTools.Tips.UnitTest.Adapter, Version=10.0.0.0, Culture=neutral, PublicKeyToken=b03f5f7f11d50a3a" className="ChelasInjection.Tests.UnitTest1, ChelasInjection.Tests2, Version=1.0.0.0, Culture=neutral, PublicKeyToken=null" name="ShouldReturnSomeInterface7And8RedForSomeInterface7RequestWhenSelectionAttributeIsdefined" />
    </UnitTest>
    <UnitTest name="ShouldGivePriorirtyToCustomResolverAlthoughSomeClass7IsBound" storage="h:\spf\prompt11\prompt11-02-advancedprogramming.sandrapatfer\src\finalwork\chelasinjection.tests2\bin\debug\chelasinjection.tests2.dll" id="8557c812-6de1-9709-80ad-f04c0594564d">
      <Execution id="830defaa-f832-4355-8a1b-1549d2d5d00e" />
      <TestMethod codeBase="H:/SPF/PROMPT11/PROMPT11-02-AdvancedProgramming.sandrapatfer/src/FinalWork/ChelasInjection.Tests2/bin/Debug/ChelasInjection.Tests2.DLL" adapterTypeName="Microsoft.VisualStudio.TestTools.TestTypes.Unit.UnitTestAdapter, Microsoft.VisualStudio.QualityTools.Tips.UnitTest.Adapter, Version=10.0.0.0, Culture=neutral, PublicKeyToken=b03f5f7f11d50a3a" className="ChelasInjection.Tests.UnitTest1, ChelasInjection.Tests2, Version=1.0.0.0, Culture=neutral, PublicKeyToken=null" name="ShouldGivePriorirtyToCustomResolverAlthoughSomeClass7IsBound" />
    </UnitTest>
    <UnitTest name="ShouldCreateASomeClass4InstanceForSomeClass4Request" storage="h:\spf\prompt11\prompt11-02-advancedprogramming.sandrapatfer\src\finalwork\chelasinjection.tests2\bin\debug\chelasinjection.tests2.dll" id="aff7ce77-7373-e91c-38d4-a2cc7eff8eb9">
      <Execution id="8d3a4f8e-cca3-4632-8100-12a326bc1c3e" />
      <TestMethod codeBase="H:/SPF/PROMPT11/PROMPT11-02-AdvancedProgramming.sandrapatfer/src/FinalWork/ChelasInjection.Tests2/bin/Debug/ChelasInjection.Tests2.DLL" adapterTypeName="Microsoft.VisualStudio.TestTools.TestTypes.Unit.UnitTestAdapter, Microsoft.VisualStudio.QualityTools.Tips.UnitTest.Adapter, Version=10.0.0.0, Culture=neutral, PublicKeyToken=b03f5f7f11d50a3a" className="ChelasInjection.Tests.UnitTest1, ChelasInjection.Tests2, Version=1.0.0.0, Culture=neutral, PublicKeyToken=null" name="ShouldCreateASomeClass4InstanceForSomeClass4Request" />
    </UnitTest>
    <UnitTest name="ShouldCreateASomeInterface2ImplInstanceForISomeInterface2RequestAndAlsoCreateItsDependencies" storage="h:\spf\prompt11\prompt11-02-advancedprogramming.sandrapatfer\src\finalwork\chelasinjection.tests2\bin\debug\chelasinjection.tests2.dll" id="2d574b83-6eb8-d38d-596f-4dbdcb30b343">
      <Execution id="67b6bc2c-a864-4747-a59e-2d8076a133bf" />
      <TestMethod codeBase="H:/SPF/PROMPT11/PROMPT11-02-AdvancedProgramming.sandrapatfer/src/FinalWork/ChelasInjection.Tests2/bin/Debug/ChelasInjection.Tests2.DLL" adapterTypeName="Microsoft.VisualStudio.TestTools.TestTypes.Unit.UnitTestAdapter, Microsoft.VisualStudio.QualityTools.Tips.UnitTest.Adapter, Version=10.0.0.0, Culture=neutral, PublicKeyToken=b03f5f7f11d50a3a" className="ChelasInjection.Tests.UnitTest1, ChelasInjection.Tests2, Version=1.0.0.0, Culture=neutral, PublicKeyToken=null" name="ShouldCreateASomeInterface2ImplInstanceForISomeInterface2RequestAndAlsoCreateItsDependencies" />
    </UnitTest>
    <UnitTest name="ShouldChooseTheNoArgumentsConstructorWhenNoArgumentsConstructorOperatorIsUsedForISomeInterface1" storage="h:\spf\prompt11\prompt11-02-advancedprogramming.sandrapatfer\src\finalwork\chelasinjection.tests2\bin\debug\chelasinjection.tests2.dll" id="a8d53dff-3b7a-8a6d-08b4-ec3ef7866c7b">
      <Execution id="aaee11a1-66c5-45cd-841e-ba7c93a9d144" />
      <TestMethod codeBase="H:/SPF/PROMPT11/PROMPT11-02-AdvancedProgramming.sandrapatfer/src/FinalWork/ChelasInjection.Tests2/bin/Debug/ChelasInjection.Tests2.DLL" adapterTypeName="Microsoft.VisualStudio.TestTools.TestTypes.Unit.UnitTestAdapter, Microsoft.VisualStudio.QualityTools.Tips.UnitTest.Adapter, Version=10.0.0.0, Culture=neutral, PublicKeyToken=b03f5f7f11d50a3a" className="ChelasInjection.Tests.UnitTest1, ChelasInjection.Tests2, Version=1.0.0.0, Culture=neutral, PublicKeyToken=null" name="ShouldChooseTheNoArgumentsConstructorWhenNoArgumentsConstructorOperatorIsUsedForISomeInterface1" />
    </UnitTest>
    <UnitTest name="ShouldChooseTheConstructorWithMoreBindedArgumenstByDefault" storage="h:\spf\prompt11\prompt11-02-advancedprogramming.sandrapatfer\src\finalwork\chelasinjection.tests2\bin\debug\chelasinjection.tests2.dll" id="9b0c2864-875b-7395-9439-5c60eee626cf">
      <Execution id="cade070f-461f-4a04-b6f1-484947acc89e" />
      <TestMethod codeBase="H:/SPF/PROMPT11/PROMPT11-02-AdvancedProgramming.sandrapatfer/src/FinalWork/ChelasInjection.Tests2/bin/Debug/ChelasInjection.Tests2.DLL" adapterTypeName="Microsoft.VisualStudio.TestTools.TestTypes.Unit.UnitTestAdapter, Microsoft.VisualStudio.QualityTools.Tips.UnitTest.Adapter, Version=10.0.0.0, Culture=neutral, PublicKeyToken=b03f5f7f11d50a3a" className="ChelasInjection.Tests.UnitTest1, ChelasInjection.Tests2, Version=1.0.0.0, Culture=neutral, PublicKeyToken=null" name="ShouldChooseTheConstructorWithMoreBindedArgumenstByDefault" />
    </UnitTest>
    <UnitTest name="ShouldCreateASomeInterface1ImplInstanceForISomeInterface1Request" storage="h:\spf\prompt11\prompt11-02-advancedprogramming.sandrapatfer\src\finalwork\chelasinjection.tests2\bin\debug\chelasinjection.tests2.dll" id="69ed810d-5677-1ec5-22fa-3be6e29a4af5">
      <Execution id="84d81207-013c-403c-89af-499b88af0f19" />
      <TestMethod codeBase="H:/SPF/PROMPT11/PROMPT11-02-AdvancedProgramming.sandrapatfer/src/FinalWork/ChelasInjection.Tests2/bin/Debug/ChelasInjection.Tests2.DLL" adapterTypeName="Microsoft.VisualStudio.TestTools.TestTypes.Unit.UnitTestAdapter, Microsoft.VisualStudio.QualityTools.Tips.UnitTest.Adapter, Version=10.0.0.0, Culture=neutral, PublicKeyToken=b03f5f7f11d50a3a" className="ChelasInjection.Tests.UnitTest1, ChelasInjection.Tests2, Version=1.0.0.0, Culture=neutral, PublicKeyToken=null" name="ShouldCreateASomeInterface1ImplInstanceForISomeInterface1Request" />
    </UnitTest>
    <UnitTest name="ShouldUseTheLastBindForISomeInterface4" storage="h:\spf\prompt11\prompt11-02-advancedprogramming.sandrapatfer\src\finalwork\chelasinjection.tests2\bin\debug\chelasinjection.tests2.dll" id="8a4b3c7d-7572-49a8-20e7-b97ba68832af">
      <Execution id="dc4e1d0e-6652-464d-b87d-ef7d6eff050e" />
      <TestMethod codeBase="H:/SPF/PROMPT11/PROMPT11-02-AdvancedProgramming.sandrapatfer/src/FinalWork/ChelasInjection.Tests2/bin/Debug/ChelasInjection.Tests2.DLL" adapterTypeName="Microsoft.VisualStudio.TestTools.TestTypes.Unit.UnitTestAdapter, Microsoft.VisualStudio.QualityTools.Tips.UnitTest.Adapter, Version=10.0.0.0, Culture=neutral, PublicKeyToken=b03f5f7f11d50a3a" className="ChelasInjection.Tests.UnitTest1, ChelasInjection.Tests2, Version=1.0.0.0, Culture=neutral, PublicKeyToken=null" name="ShouldUseTheLastBindForISomeInterface4" />
    </UnitTest>
    <UnitTest name="ShouldChooseSomeInterface10RedImplementationForDependencyOnSomeClass11" storage="h:\spf\prompt11\prompt11-02-advancedprogramming.sandrapatfer\src\finalwork\chelasinjection.tests2\bin\debug\chelasinjection.tests2.dll" id="f9b93fa6-b71a-f71d-284d-5bec026536ee">
      <Execution id="23950c8d-dafd-44f1-b8eb-dfaf7640c5e4" />
      <TestMethod codeBase="H:/SPF/PROMPT11/PROMPT11-02-AdvancedProgramming.sandrapatfer/src/FinalWork/ChelasInjection.Tests2/bin/Debug/ChelasInjection.Tests2.DLL" adapterTypeName="Microsoft.VisualStudio.TestTools.TestTypes.Unit.UnitTestAdapter, Microsoft.VisualStudio.QualityTools.Tips.UnitTest.Adapter, Version=10.0.0.0, Culture=neutral, PublicKeyToken=b03f5f7f11d50a3a" className="ChelasInjection.Tests.UnitTest1, ChelasInjection.Tests2, Version=1.0.0.0, Culture=neutral, PublicKeyToken=null" name="ShouldChooseSomeInterface10RedImplementationForDependencyOnSomeClass11" />
    </UnitTest>
    <UnitTest name="ShouldCreateASomeClass9InstanceForSomeClass9RequestWithSelfBindConfiguration" storage="h:\spf\prompt11\prompt11-02-advancedprogramming.sandrapatfer\src\finalwork\chelasinjection.tests2\bin\debug\chelasinjection.tests2.dll" id="4ff804d2-0826-4eee-5faa-2c0b05eada64">
      <Execution id="dab2bf91-7adc-4682-916d-1b076338291b" />
      <TestMethod codeBase="H:/SPF/PROMPT11/PROMPT11-02-AdvancedProgramming.sandrapatfer/src/FinalWork/ChelasInjection.Tests2/bin/Debug/ChelasInjection.Tests2.DLL" adapterTypeName="Microsoft.VisualStudio.TestTools.TestTypes.Unit.UnitTestAdapter, Microsoft.VisualStudio.QualityTools.Tips.UnitTest.Adapter, Version=10.0.0.0, Culture=neutral, PublicKeyToken=b03f5f7f11d50a3a" className="ChelasInjection.Tests.UnitTest1, ChelasInjection.Tests2, Version=1.0.0.0, Culture=neutral, PublicKeyToken=null" name="ShouldCreateASomeClass9InstanceForSomeClass9RequestWithSelfBindConfiguration" />
    </UnitTest>
    <UnitTest name="ShouldChooseSomeInterface10YellowImplementationForDependencyOnSomeClass12" storage="h:\spf\prompt11\prompt11-02-advancedprogramming.sandrapatfer\src\finalwork\chelasinjection.tests2\bin\debug\chelasinjection.tests2.dll" id="67be36d0-e847-5d39-b115-e4c98c1d269a">
      <Execution id="db34ad21-a706-43a2-ae03-9c61a934584f" />
      <TestMethod codeBase="H:/SPF/PROMPT11/PROMPT11-02-AdvancedProgramming.sandrapatfer/src/FinalWork/ChelasInjection.Tests2/bin/Debug/ChelasInjection.Tests2.DLL" adapterTypeName="Microsoft.VisualStudio.TestTools.TestTypes.Unit.UnitTestAdapter, Microsoft.VisualStudio.QualityTools.Tips.UnitTest.Adapter, Version=10.0.0.0, Culture=neutral, PublicKeyToken=b03f5f7f11d50a3a" className="ChelasInjection.Tests.UnitTest1, ChelasInjection.Tests2, Version=1.0.0.0, Culture=neutral, PublicKeyToken=null" name="ShouldChooseSomeInterface10YellowImplementationForDependencyOnSomeClass12" />
    </UnitTest>
    <UnitTest name="ShouldHavePerRequestActivationForISomeInterface2Request" storage="h:\spf\prompt11\prompt11-02-advancedprogramming.sandrapatfer\src\finalwork\chelasinjection.tests2\bin\debug\chelasinjection.tests2.dll" id="e858f66b-5ff7-80c7-d0f2-04868ce086ed">
      <Execution id="0ce223e0-76e0-41dc-ab0b-907377845525" />
      <TestMethod codeBase="H:/SPF/PROMPT11/PROMPT11-02-AdvancedProgramming.sandrapatfer/src/FinalWork/ChelasInjection.Tests2/bin/Debug/ChelasInjection.Tests2.DLL" adapterTypeName="Microsoft.VisualStudio.TestTools.TestTypes.Unit.UnitTestAdapter, Microsoft.VisualStudio.QualityTools.Tips.UnitTest.Adapter, Version=10.0.0.0, Culture=neutral, PublicKeyToken=b03f5f7f11d50a3a" className="ChelasInjection.Tests.UnitTest1, ChelasInjection.Tests2, Version=1.0.0.0, Culture=neutral, PublicKeyToken=null" name="ShouldHavePerRequestActivationForISomeInterface2Request" />
    </UnitTest>
    <UnitTest name="ShouldHaveSingletonActivationForISomeInterface3Request" storage="h:\spf\prompt11\prompt11-02-advancedprogramming.sandrapatfer\src\finalwork\chelasinjection.tests2\bin\debug\chelasinjection.tests2.dll" id="950830c6-0f4f-8968-2d6c-fa6b82ea8ddc">
      <Execution id="d4215c5e-8cb9-469a-898c-105d0497c1ab" />
      <TestMethod codeBase="H:/SPF/PROMPT11/PROMPT11-02-AdvancedProgramming.sandrapatfer/src/FinalWork/ChelasInjection.Tests2/bin/Debug/ChelasInjection.Tests2.DLL" adapterTypeName="Microsoft.VisualStudio.TestTools.TestTypes.Unit.UnitTestAdapter, Microsoft.VisualStudio.QualityTools.Tips.UnitTest.Adapter, Version=10.0.0.0, Culture=neutral, PublicKeyToken=b03f5f7f11d50a3a" className="ChelasInjection.Tests.UnitTest1, ChelasInjection.Tests2, Version=1.0.0.0, Culture=neutral, PublicKeyToken=null" name="ShouldHaveSingletonActivationForISomeInterface3Request" />
    </UnitTest>
    <UnitTest name="ShouldExecuteInitializationExpressionForISomeInterface2Impl" storage="h:\spf\prompt11\prompt11-02-advancedprogramming.sandrapatfer\src\finalwork\chelasinjection.tests2\bin\debug\chelasinjection.tests2.dll" id="771b46f7-fec5-a01b-e7d5-50ec03f005a0">
      <Execution id="4a82c961-f109-4376-8470-b718c3e90809" />
      <TestMethod codeBase="H:/SPF/PROMPT11/PROMPT11-02-AdvancedProgramming.sandrapatfer/src/FinalWork/ChelasInjection.Tests2/bin/Debug/ChelasInjection.Tests2.DLL" adapterTypeName="Microsoft.VisualStudio.TestTools.TestTypes.Unit.UnitTestAdapter, Microsoft.VisualStudio.QualityTools.Tips.UnitTest.Adapter, Version=10.0.0.0, Culture=neutral, PublicKeyToken=b03f5f7f11d50a3a" className="ChelasInjection.Tests.UnitTest1, ChelasInjection.Tests2, Version=1.0.0.0, Culture=neutral, PublicKeyToken=null" name="ShouldExecuteInitializationExpressionForISomeInterface2Impl" />
    </UnitTest>
    <UnitTest name="TestMethod1" storage="h:\spf\prompt11\prompt11-02-advancedprogramming.sandrapatfer\src\finalwork\chelasinjection.tests2\bin\debug\chelasinjection.tests2.dll" id="0e1818d9-cc61-fd84-b00f-dc6e3addb7b2">
      <Execution id="bbfafcdb-3c07-4826-980f-7a288a2e27f1" />
      <TestMethod codeBase="H:/SPF/PROMPT11/PROMPT11-02-AdvancedProgramming.sandrapatfer/src/FinalWork/ChelasInjection.Tests2/bin/Debug/ChelasInjection.Tests2.DLL" adapterTypeName="Microsoft.VisualStudio.TestTools.TestTypes.Unit.UnitTestAdapter, Microsoft.VisualStudio.QualityTools.Tips.UnitTest.Adapter, Version=10.0.0.0, Culture=neutral, PublicKeyToken=b03f5f7f11d50a3a" className="ChelasInjection.Tests.UnitTest1, ChelasInjection.Tests2, Version=1.0.0.0, Culture=neutral, PublicKeyToken=null" name="TestMethod1" />
    </UnitTest>
    <UnitTest name="ShouldReturnSomeInterface7DefaultForSomeInterface7RequestWhenNoSelectionAttributeIsdefined" storage="h:\spf\prompt11\prompt11-02-advancedprogramming.sandrapatfer\src\finalwork\chelasinjection.tests2\bin\debug\chelasinjection.tests2.dll" id="c43435fc-d314-f391-46cd-d23dbed660d5">
      <Execution id="fc7b81ff-35e8-47e8-80f5-0b1071dfea97" />
      <TestMethod codeBase="H:/SPF/PROMPT11/PROMPT11-02-AdvancedProgramming.sandrapatfer/src/FinalWork/ChelasInjection.Tests2/bin/Debug/ChelasInjection.Tests2.DLL" adapterTypeName="Microsoft.VisualStudio.TestTools.TestTypes.Unit.UnitTestAdapter, Microsoft.VisualStudio.QualityTools.Tips.UnitTest.Adapter, Version=10.0.0.0, Culture=neutral, PublicKeyToken=b03f5f7f11d50a3a" className="ChelasInjection.Tests.UnitTest1, ChelasInjection.Tests2, Version=1.0.0.0, Culture=neutral, PublicKeyToken=null" name="ShouldReturnSomeInterface7DefaultForSomeInterface7RequestWhenNoSelectionAttributeIsdefined" />
    </UnitTest>
    <UnitTest name="ShouldThrowCircularDependencyExceptionOnInstantiationForSomeClass1" storage="h:\spf\prompt11\prompt11-02-advancedprogramming.sandrapatfer\src\finalwork\chelasinjection.tests2\bin\debug\chelasinjection.tests2.dll" id="28b0781c-525f-79c7-0fe1-7f25197915d6">
      <Execution id="b8e4f24f-12af-4e44-b3ac-e8471787701f" />
      <TestMethod codeBase="H:/SPF/PROMPT11/PROMPT11-02-AdvancedProgramming.sandrapatfer/src/FinalWork/ChelasInjection.Tests2/bin/Debug/ChelasInjection.Tests2.DLL" adapterTypeName="Microsoft.VisualStudio.TestTools.TestTypes.Unit.UnitTestAdapter, Microsoft.VisualStudio.QualityTools.Tips.UnitTest.Adapter, Version=10.0.0.0, Culture=neutral, PublicKeyToken=b03f5f7f11d50a3a" className="ChelasInjection.Tests.UnitTest1, ChelasInjection.Tests2, Version=1.0.0.0, Culture=neutral, PublicKeyToken=null" name="ShouldThrowCircularDependencyExceptionOnInstantiationForSomeClass1" />
    </UnitTest>
    <UnitTest name="ShouldThrowUnboundExceptionForISomeInterface8Request" storage="h:\spf\prompt11\prompt11-02-advancedprogramming.sandrapatfer\src\finalwork\chelasinjection.tests2\bin\debug\chelasinjection.tests2.dll" id="343e2330-020f-ca29-0724-95104f785584">
      <Execution id="07dad88a-80b4-4a99-abbf-2cfd6a0d7706" />
      <TestMethod codeBase="H:/SPF/PROMPT11/PROMPT11-02-AdvancedProgramming.sandrapatfer/src/FinalWork/ChelasInjection.Tests2/bin/Debug/ChelasInjection.Tests2.DLL" adapterTypeName="Microsoft.VisualStudio.TestTools.TestTypes.Unit.UnitTestAdapter, Microsoft.VisualStudio.QualityTools.Tips.UnitTest.Adapter, Version=10.0.0.0, Culture=neutral, PublicKeyToken=b03f5f7f11d50a3a" className="ChelasInjection.Tests.UnitTest1, ChelasInjection.Tests2, Version=1.0.0.0, Culture=neutral, PublicKeyToken=null" name="ShouldThrowUnboundExceptionForISomeInterface8Request" />
    </UnitTest>
    <UnitTest name="ShouldHavePerRequestAsDefaultActivation" storage="h:\spf\prompt11\prompt11-02-advancedprogramming.sandrapatfer\src\finalwork\chelasinjection.tests2\bin\debug\chelasinjection.tests2.dll" id="19ea25b7-39b5-1dcf-59fc-6e8eaa2a7cad">
      <Execution id="6478b0ab-daf5-418a-85c6-54542562e460" />
      <TestMethod codeBase="H:/SPF/PROMPT11/PROMPT11-02-AdvancedProgramming.sandrapatfer/src/FinalWork/ChelasInjection.Tests2/bin/Debug/ChelasInjection.Tests2.DLL" adapterTypeName="Microsoft.VisualStudio.TestTools.TestTypes.Unit.UnitTestAdapter, Microsoft.VisualStudio.QualityTools.Tips.UnitTest.Adapter, Version=10.0.0.0, Culture=neutral, PublicKeyToken=b03f5f7f11d50a3a" className="ChelasInjection.Tests.UnitTest1, ChelasInjection.Tests2, Version=1.0.0.0, Culture=neutral, PublicKeyToken=null" name="ShouldHavePerRequestAsDefaultActivation" />
    </UnitTest>
    <UnitTest name="ShouldMaintainActivationEvenForSomeClass7ProvidedByCustomResolver" storage="h:\spf\prompt11\prompt11-02-advancedprogramming.sandrapatfer\src\finalwork\chelasinjection.tests2\bin\debug\chelasinjection.tests2.dll" id="77c4ee26-43df-d990-818c-b93181d9d426">
      <Execution id="7ec592d4-521b-4ee6-8824-15898104b457" />
      <TestMethod codeBase="H:/SPF/PROMPT11/PROMPT11-02-AdvancedProgramming.sandrapatfer/src/FinalWork/ChelasInjection.Tests2/bin/Debug/ChelasInjection.Tests2.DLL" adapterTypeName="Microsoft.VisualStudio.TestTools.TestTypes.Unit.UnitTestAdapter, Microsoft.VisualStudio.QualityTools.Tips.UnitTest.Adapter, Version=10.0.0.0, Culture=neutral, PublicKeyToken=b03f5f7f11d50a3a" className="ChelasInjection.Tests.UnitTest1, ChelasInjection.Tests2, Version=1.0.0.0, Culture=neutral, PublicKeyToken=null" name="ShouldMaintainActivationEvenForSomeClass7ProvidedByCustomResolver" />
    </UnitTest>
    <UnitTest name="ShouldReturnSomeInterface7DefaultForSomeInterface7DependencyOnSomeClass14WithNoArgumentAttribute" storage="h:\spf\prompt11\prompt11-02-advancedprogramming.sandrapatfer\src\finalwork\chelasinjection.tests2\bin\debug\chelasinjection.tests2.dll" id="fb960a69-164e-b826-ab52-fd7d677561d6">
      <Execution id="e600125a-3aaa-45d6-ba3a-82b90cc04da8" />
      <TestMethod codeBase="H:/SPF/PROMPT11/PROMPT11-02-AdvancedProgramming.sandrapatfer/src/FinalWork/ChelasInjection.Tests2/bin/Debug/ChelasInjection.Tests2.DLL" adapterTypeName="Microsoft.VisualStudio.TestTools.TestTypes.Unit.UnitTestAdapter, Microsoft.VisualStudio.QualityTools.Tips.UnitTest.Adapter, Version=10.0.0.0, Culture=neutral, PublicKeyToken=b03f5f7f11d50a3a" className="ChelasInjection.Tests.UnitTest1, ChelasInjection.Tests2, Version=1.0.0.0, Culture=neutral, PublicKeyToken=null" name="ShouldReturnSomeInterface7DefaultForSomeInterface7DependencyOnSomeClass14WithNoArgumentAttribute" />
    </UnitTest>
    <UnitTest name="ShouldUseTheLastConstructorDefinitionInOneBindForISomeInterface3" storage="h:\spf\prompt11\prompt11-02-advancedprogramming.sandrapatfer\src\finalwork\chelasinjection.tests2\bin\debug\chelasinjection.tests2.dll" id="fef9c989-3738-c8d2-2df9-720456409fe6">
      <Execution id="839451da-c89f-4682-b1b1-1d762d4db12a" />
      <TestMethod codeBase="H:/SPF/PROMPT11/PROMPT11-02-AdvancedProgramming.sandrapatfer/src/FinalWork/ChelasInjection.Tests2/bin/Debug/ChelasInjection.Tests2.DLL" adapterTypeName="Microsoft.VisualStudio.TestTools.TestTypes.Unit.UnitTestAdapter, Microsoft.VisualStudio.QualityTools.Tips.UnitTest.Adapter, Version=10.0.0.0, Culture=neutral, PublicKeyToken=b03f5f7f11d50a3a" className="ChelasInjection.Tests.UnitTest1, ChelasInjection.Tests2, Version=1.0.0.0, Culture=neutral, PublicKeyToken=null" name="ShouldUseTheLastConstructorDefinitionInOneBindForISomeInterface3" />
    </UnitTest>
    <UnitTest name="ShouldHavePerRequestActivationForNotBoundClass8ButWithCustomResolverProvidedInstance" storage="h:\spf\prompt11\prompt11-02-advancedprogramming.sandrapatfer\src\finalwork\chelasinjection.tests2\bin\debug\chelasinjection.tests2.dll" id="83226284-881c-2a5e-6de7-8d09db6a6d08">
      <Execution id="cb39f7c4-52d0-490b-b995-f9ea5debbb0a" />
      <TestMethod codeBase="H:/SPF/PROMPT11/PROMPT11-02-AdvancedProgramming.sandrapatfer/src/FinalWork/ChelasInjection.Tests2/bin/Debug/ChelasInjection.Tests2.DLL" adapterTypeName="Microsoft.VisualStudio.TestTools.TestTypes.Unit.UnitTestAdapter, Microsoft.VisualStudio.QualityTools.Tips.UnitTest.Adapter, Version=10.0.0.0, Culture=neutral, PublicKeyToken=b03f5f7f11d50a3a" className="ChelasInjection.Tests.UnitTest1, ChelasInjection.Tests2, Version=1.0.0.0, Culture=neutral, PublicKeyToken=null" name="ShouldHavePerRequestActivationForNotBoundClass8ButWithCustomResolverProvidedInstance" />
    </UnitTest>
    <UnitTest name="ShouldChooseTheConstructorAnotatedWithDefaulAttributeForISomeInterface5" storage="h:\spf\prompt11\prompt11-02-advancedprogramming.sandrapatfer\src\finalwork\chelasinjection.tests2\bin\debug\chelasinjection.tests2.dll" id="9a649419-67ea-379c-fb21-90bad3354097">
      <Execution id="8f4bab2f-9382-44ce-a32e-6005c6ad0f5b" />
      <TestMethod codeBase="H:/SPF/PROMPT11/PROMPT11-02-AdvancedProgramming.sandrapatfer/src/FinalWork/ChelasInjection.Tests2/bin/Debug/ChelasInjection.Tests2.DLL" adapterTypeName="Microsoft.VisualStudio.TestTools.TestTypes.Unit.UnitTestAdapter, Microsoft.VisualStudio.QualityTools.Tips.UnitTest.Adapter, Version=10.0.0.0, Culture=neutral, PublicKeyToken=b03f5f7f11d50a3a" className="ChelasInjection.Tests.UnitTest1, ChelasInjection.Tests2, Version=1.0.0.0, Culture=neutral, PublicKeyToken=null" name="ShouldChooseTheConstructorAnotatedWithDefaulAttributeForISomeInterface5" />
    </UnitTest>
  </TestDefinitions>
  <TestLists>
    <TestList name="Results Not in a List" id="8c84fa94-04c1-424b-9868-57a2d4851a1d" />
    <TestList name="All Loaded Results" id="19431567-8539-422a-85d7-44ee4e166bda" />
  </TestLists>
  <TestEntries>
    <TestEntry testId="0e1818d9-cc61-fd84-b00f-dc6e3addb7b2" executionId="bbfafcdb-3c07-4826-980f-7a288a2e27f1" testListId="8c84fa94-04c1-424b-9868-57a2d4851a1d" />
    <TestEntry testId="0fb9d857-b22e-831c-2b38-70d77b06e36b" executionId="5d906319-230e-4268-9b1a-5863eea26073" testListId="8c84fa94-04c1-424b-9868-57a2d4851a1d" />
    <TestEntry testId="12c34159-a3d5-4e71-915d-5d2a9292a276" executionId="976d5f29-255f-482c-bf74-116e30c506da" testListId="8c84fa94-04c1-424b-9868-57a2d4851a1d" />
    <TestEntry testId="12d69a01-353d-6243-926f-aae67310746f" executionId="9d81dcef-3a33-42e4-a3ac-4d77f3bb0d6f" testListId="8c84fa94-04c1-424b-9868-57a2d4851a1d" />
    <TestEntry testId="19ea25b7-39b5-1dcf-59fc-6e8eaa2a7cad" executionId="6478b0ab-daf5-418a-85c6-54542562e460" testListId="8c84fa94-04c1-424b-9868-57a2d4851a1d" />
    <TestEntry testId="203b2176-34be-f441-1eb4-ea8404ba4292" executionId="cdf8f354-8caf-4639-8efa-f67c54a9772b" testListId="8c84fa94-04c1-424b-9868-57a2d4851a1d" />
    <TestEntry testId="28b0781c-525f-79c7-0fe1-7f25197915d6" executionId="b8e4f24f-12af-4e44-b3ac-e8471787701f" testListId="8c84fa94-04c1-424b-9868-57a2d4851a1d" />
    <TestEntry testId="2d574b83-6eb8-d38d-596f-4dbdcb30b343" executionId="67b6bc2c-a864-4747-a59e-2d8076a133bf" testListId="8c84fa94-04c1-424b-9868-57a2d4851a1d" />
    <TestEntry testId="2dbe1cb0-1300-91d9-d83a-4537ac6ebaeb" executionId="b0ba3f53-a9c4-45da-913b-e3e0f0dd095a" testListId="8c84fa94-04c1-424b-9868-57a2d4851a1d" />
    <TestEntry testId="343e2330-020f-ca29-0724-95104f785584" executionId="07dad88a-80b4-4a99-abbf-2cfd6a0d7706" testListId="8c84fa94-04c1-424b-9868-57a2d4851a1d" />
    <TestEntry testId="4ff804d2-0826-4eee-5faa-2c0b05eada64" executionId="dab2bf91-7adc-4682-916d-1b076338291b" testListId="8c84fa94-04c1-424b-9868-57a2d4851a1d" />
    <TestEntry testId="55e104c0-88fa-628e-eff2-a03a25d5724b" executionId="8500029e-48bd-4b32-9210-22c4e25e882f" testListId="8c84fa94-04c1-424b-9868-57a2d4851a1d" />
    <TestEntry testId="656d7ed8-51e6-ac9e-3238-7d523d24fb7f" executionId="05af07e8-a1d4-4984-b734-a694af53b240" testListId="8c84fa94-04c1-424b-9868-57a2d4851a1d" />
    <TestEntry testId="67be36d0-e847-5d39-b115-e4c98c1d269a" executionId="db34ad21-a706-43a2-ae03-9c61a934584f" testListId="8c84fa94-04c1-424b-9868-57a2d4851a1d" />
    <TestEntry testId="69ed810d-5677-1ec5-22fa-3be6e29a4af5" executionId="84d81207-013c-403c-89af-499b88af0f19" testListId="8c84fa94-04c1-424b-9868-57a2d4851a1d" />
    <TestEntry testId="771b46f7-fec5-a01b-e7d5-50ec03f005a0" executionId="4a82c961-f109-4376-8470-b718c3e90809" testListId="8c84fa94-04c1-424b-9868-57a2d4851a1d" />
    <TestEntry testId="77c4ee26-43df-d990-818c-b93181d9d426" executionId="7ec592d4-521b-4ee6-8824-15898104b457" testListId="8c84fa94-04c1-424b-9868-57a2d4851a1d" />
    <TestEntry testId="799df84a-d0f7-d582-afb8-66d314142c52" executionId="33b744c6-a6d6-4e25-9e68-f58cf6fea946" testListId="8c84fa94-04c1-424b-9868-57a2d4851a1d" />
    <TestEntry testId="83226284-881c-2a5e-6de7-8d09db6a6d08" executionId="cb39f7c4-52d0-490b-b995-f9ea5debbb0a" testListId="8c84fa94-04c1-424b-9868-57a2d4851a1d" />
    <TestEntry testId="8557c812-6de1-9709-80ad-f04c0594564d" executionId="830defaa-f832-4355-8a1b-1549d2d5d00e" testListId="8c84fa94-04c1-424b-9868-57a2d4851a1d" />
    <TestEntry testId="8a4b3c7d-7572-49a8-20e7-b97ba68832af" executionId="dc4e1d0e-6652-464d-b87d-ef7d6eff050e" testListId="8c84fa94-04c1-424b-9868-57a2d4851a1d" />
    <TestEntry testId="950830c6-0f4f-8968-2d6c-fa6b82ea8ddc" executionId="d4215c5e-8cb9-469a-898c-105d0497c1ab" testListId="8c84fa94-04c1-424b-9868-57a2d4851a1d" />
    <TestEntry testId="992fa773-e39d-6e61-1a30-6e747e297c53" executionId="16856a18-86e3-4fe7-9afd-4d30ad642afc" testListId="8c84fa94-04c1-424b-9868-57a2d4851a1d" />
    <TestEntry testId="9a649419-67ea-379c-fb21-90bad3354097" executionId="8f4bab2f-9382-44ce-a32e-6005c6ad0f5b" testListId="8c84fa94-04c1-424b-9868-57a2d4851a1d" />
    <TestEntry testId="9b0c2864-875b-7395-9439-5c60eee626cf" executionId="cade070f-461f-4a04-b6f1-484947acc89e" testListId="8c84fa94-04c1-424b-9868-57a2d4851a1d" />
    <TestEntry testId="a8d53dff-3b7a-8a6d-08b4-ec3ef7866c7b" executionId="aaee11a1-66c5-45cd-841e-ba7c93a9d144" testListId="8c84fa94-04c1-424b-9868-57a2d4851a1d" />
    <TestEntry testId="aff7ce77-7373-e91c-38d4-a2cc7eff8eb9" executionId="8d3a4f8e-cca3-4632-8100-12a326bc1c3e" testListId="8c84fa94-04c1-424b-9868-57a2d4851a1d" />
    <TestEntry testId="b1dae230-0702-1c38-61e9-e91d35c3e828" executionId="cd75834a-b30b-40ee-9a6f-a18383f864dd" testListId="8c84fa94-04c1-424b-9868-57a2d4851a1d" />
    <TestEntry testId="badb261c-79e1-f2d7-f803-19e335e6a24b" executionId="1fbd9f69-e66e-4b17-bb21-eb7a80f7c853" testListId="8c84fa94-04c1-424b-9868-57a2d4851a1d" />
    <TestEntry testId="c43435fc-d314-f391-46cd-d23dbed660d5" executionId="fc7b81ff-35e8-47e8-80f5-0b1071dfea97" testListId="8c84fa94-04c1-424b-9868-57a2d4851a1d" />
    <TestEntry testId="e858f66b-5ff7-80c7-d0f2-04868ce086ed" executionId="0ce223e0-76e0-41dc-ab0b-907377845525" testListId="8c84fa94-04c1-424b-9868-57a2d4851a1d" />
    <TestEntry testId="f3af9dd6-57e5-e2ea-f6d2-38630ed06ba9" executionId="d32ff02e-d912-4f4e-af42-de320f7810bd" testListId="8c84fa94-04c1-424b-9868-57a2d4851a1d" />
    <TestEntry testId="f9b93fa6-b71a-f71d-284d-5bec026536ee" executionId="23950c8d-dafd-44f1-b8eb-dfaf7640c5e4" testListId="8c84fa94-04c1-424b-9868-57a2d4851a1d" />
    <TestEntry testId="fb960a69-164e-b826-ab52-fd7d677561d6" executionId="e600125a-3aaa-45d6-ba3a-82b90cc04da8" testListId="8c84fa94-04c1-424b-9868-57a2d4851a1d" />
    <TestEntry testId="fef9c989-3738-c8d2-2df9-720456409fe6" executionId="839451da-c89f-4682-b1b1-1d762d4db12a" testListId="8c84fa94-04c1-424b-9868-57a2d4851a1d" />
  </TestEntries>
  <Results>
    <UnitTestResult executionId="bbfafcdb-3c07-4826-980f-7a288a2e27f1" testId="0e1818d9-cc61-fd84-b00f-dc6e3addb7b2" testName="TestMethod1" computerName="TICHINHA" duration="00:00:00.0233322" startTime="2011-06-23T17:50:59.6679954+01:00" endTime="2011-06-23T17:50:59.8395957+01:00" testType="13cdc9d9-ddb5-4fa4-a97d-d965ccfc6d4b" outcome="Passed" testListId="8c84fa94-04c1-424b-9868-57a2d4851a1d" relativeResultsDirectory="bbfafcdb-3c07-4826-980f-7a288a2e27f1">
    </UnitTestResult>
    <UnitTestResult executionId="5d906319-230e-4268-9b1a-5863eea26073" testId="0fb9d857-b22e-831c-2b38-70d77b06e36b" testName="ShouldReturnSomeInterface7And8RedForSomeInterface8RequestWhenSelectionAttributeIsdefined" computerName="TICHINHA" duration="00:00:00.0110010" startTime="2011-06-23T17:50:59.8395957+01:00" endTime="2011-06-23T17:50:59.8551957+01:00" testType="13cdc9d9-ddb5-4fa4-a97d-d965ccfc6d4b" outcome="Passed" testListId="8c84fa94-04c1-424b-9868-57a2d4851a1d" relativeResultsDirectory="5d906319-230e-4268-9b1a-5863eea26073">
    </UnitTestResult>
    <UnitTestResult executionId="976d5f29-255f-482c-bf74-116e30c506da" testId="12c34159-a3d5-4e71-915d-5d2a9292a276" testName="ShouldHaveSingletonActivationForSomeClass7CustomResolverProvidedInstances" computerName="TICHINHA" duration="00:00:00.0012137" startTime="2011-06-23T17:50:59.8551957+01:00" endTime="2011-06-23T17:50:59.8707958+01:00" testType="13cdc9d9-ddb5-4fa4-a97d-d965ccfc6d4b" outcome="Passed" testListId="8c84fa94-04c1-424b-9868-57a2d4851a1d" relativeResultsDirectory="976d5f29-255f-482c-bf74-116e30c506da">
    </UnitTestResult>
    <UnitTestResult executionId="9d81dcef-3a33-42e4-a3ac-4d77f3bb0d6f" testId="12d69a01-353d-6243-926f-aae67310746f" testName="ShouldCreateASomeInterface3ImplInstanceForISomeInterface2RequestAndAlsoCreateItsDependencies" computerName="TICHINHA" duration="00:00:00.0037707" startTime="2011-06-23T17:50:59.8707958+01:00" endTime="2011-06-23T17:50:59.8707958+01:00" testType="13cdc9d9-ddb5-4fa4-a97d-d965ccfc6d4b" outcome="Passed" testListId="8c84fa94-04c1-424b-9868-57a2d4851a1d" relativeResultsDirectory="9d81dcef-3a33-42e4-a3ac-4d77f3bb0d6f">
    </UnitTestResult>
    <UnitTestResult executionId="6478b0ab-daf5-418a-85c6-54542562e460" testId="19ea25b7-39b5-1dcf-59fc-6e8eaa2a7cad" testName="ShouldHavePerRequestAsDefaultActivation" computerName="TICHINHA" duration="00:00:00.0002030" startTime="2011-06-23T17:50:59.8707958+01:00" endTime="2011-06-23T17:50:59.8707958+01:00" testType="13cdc9d9-ddb5-4fa4-a97d-d965ccfc6d4b" outcome="Passed" testListId="8c84fa94-04c1-424b-9868-57a2d4851a1d" relativeResultsDirectory="6478b0ab-daf5-418a-85c6-54542562e460">
    </UnitTestResult>
    <UnitTestResult executionId="cdf8f354-8caf-4639-8efa-f67c54a9772b" testId="203b2176-34be-f441-1eb4-ea8404ba4292" testName="ShouldHaveDefautActivationOnDependencies" computerName="TICHINHA" duration="00:00:00.0002547" startTime="2011-06-23T17:50:59.8707958+01:00" endTime="2011-06-23T17:50:59.8863958+01:00" testType="13cdc9d9-ddb5-4fa4-a97d-d965ccfc6d4b" outcome="Passed" testListId="8c84fa94-04c1-424b-9868-57a2d4851a1d" relativeResultsDirectory="cdf8f354-8caf-4639-8efa-f67c54a9772b">
    </UnitTestResult>
    <UnitTestResult executionId="b8e4f24f-12af-4e44-b3ac-e8471787701f" testId="28b0781c-525f-79c7-0fe1-7f25197915d6" testName="ShouldThrowCircularDependencyExceptionOnInstantiationForSomeClass1" computerName="TICHINHA" duration="00:00:00.0032508" startTime="2011-06-23T17:50:59.8863958+01:00" endTime="2011-06-23T17:50:59.8863958+01:00" testType="13cdc9d9-ddb5-4fa4-a97d-d965ccfc6d4b" outcome="Passed" testListId="8c84fa94-04c1-424b-9868-57a2d4851a1d" relativeResultsDirectory="b8e4f24f-12af-4e44-b3ac-e8471787701f">
    </UnitTestResult>
    <UnitTestResult executionId="67b6bc2c-a864-4747-a59e-2d8076a133bf" testId="2d574b83-6eb8-d38d-596f-4dbdcb30b343" testName="ShouldCreateASomeInterface2ImplInstanceForISomeInterface2RequestAndAlsoCreateItsDependencies" computerName="TICHINHA" duration="00:00:00.0002237" startTime="2011-06-23T17:50:59.8863958+01:00" endTime="2011-06-23T17:50:59.8863958+01:00" testType="13cdc9d9-ddb5-4fa4-a97d-d965ccfc6d4b" outcome="Passed" testListId="8c84fa94-04c1-424b-9868-57a2d4851a1d" relativeResultsDirectory="67b6bc2c-a864-4747-a59e-2d8076a133bf">
    </UnitTestResult>
    <UnitTestResult executionId="b0ba3f53-a9c4-45da-913b-e3e0f0dd095a" testId="2dbe1cb0-1300-91d9-d83a-4537ac6ebaeb" testName="ShouldReturnSomeInterface7DefaultForSomeInterface7DependencyOnSomeClass13WithNotConfiguredBlackAttribute" computerName="TICHINHA" duration="00:00:00.0007896" startTime="2011-06-23T17:50:59.8863958+01:00" endTime="2011-06-23T17:50:59.8863958+01:00" testType="13cdc9d9-ddb5-4fa4-a97d-d965ccfc6d4b" outcome="Passed" testListId="8c84fa94-04c1-424b-9868-57a2d4851a1d" relativeResultsDirectory="b0ba3f53-a9c4-45da-913b-e3e0f0dd095a">
    </UnitTestResult>
    <UnitTestResult executionId="07dad88a-80b4-4a99-abbf-2cfd6a0d7706" testId="343e2330-020f-ca29-0724-95104f785584" testName="ShouldThrowUnboundExceptionForISomeInterface8Request" computerName="TICHINHA" duration="00:00:00.0004003" startTime="2011-06-23T17:50:59.8863958+01:00" endTime="2011-06-23T17:50:59.9019958+01:00" testType="13cdc9d9-ddb5-4fa4-a97d-d965ccfc6d4b" outcome="Passed" testListId="8c84fa94-04c1-424b-9868-57a2d4851a1d" relativeResultsDirectory="07dad88a-80b4-4a99-abbf-2cfd6a0d7706">
    </UnitTestResult>
    <UnitTestResult executionId="dab2bf91-7adc-4682-916d-1b076338291b" testId="4ff804d2-0826-4eee-5faa-2c0b05eada64" testName="ShouldCreateASomeClass9InstanceForSomeClass9RequestWithSelfBindConfiguration" computerName="TICHINHA" duration="00:00:00.0002444" startTime="2011-06-23T17:50:59.9019958+01:00" endTime="2011-06-23T17:50:59.9019958+01:00" testType="13cdc9d9-ddb5-4fa4-a97d-d965ccfc6d4b" outcome="Passed" testListId="8c84fa94-04c1-424b-9868-57a2d4851a1d" relativeResultsDirectory="dab2bf91-7adc-4682-916d-1b076338291b">
    </UnitTestResult>
    <UnitTestResult executionId="8500029e-48bd-4b32-9210-22c4e25e882f" testId="55e104c0-88fa-628e-eff2-a03a25d5724b" testName="ShouldReturnSomeInterface7And8RedForSomeInterface7RequestWhenSelectionAttributeIsdefined" computerName="TICHINHA" duration="00:00:00.0002045" startTime="2011-06-23T17:50:59.9019958+01:00" endTime="2011-06-23T17:50:59.9019958+01:00" testType="13cdc9d9-ddb5-4fa4-a97d-d965ccfc6d4b" outcome="Passed" testListId="8c84fa94-04c1-424b-9868-57a2d4851a1d" relativeResultsDirectory="8500029e-48bd-4b32-9210-22c4e25e882f">
    </UnitTestResult>
    <UnitTestResult executionId="05af07e8-a1d4-4984-b734-a694af53b240" testId="656d7ed8-51e6-ac9e-3238-7d523d24fb7f" testName="ShouldThrowUnboundTypeExceptionForAnUnboundAbstractType" computerName="TICHINHA" duration="00:00:00.0003597" startTime="2011-06-23T17:50:59.9019958+01:00" endTime="2011-06-23T17:50:59.9019958+01:00" testType="13cdc9d9-ddb5-4fa4-a97d-d965ccfc6d4b" outcome="Passed" testListId="8c84fa94-04c1-424b-9868-57a2d4851a1d" relativeResultsDirectory="05af07e8-a1d4-4984-b734-a694af53b240">
    </UnitTestResult>
    <UnitTestResult executionId="db34ad21-a706-43a2-ae03-9c61a934584f" testId="67be36d0-e847-5d39-b115-e4c98c1d269a" testName="ShouldChooseSomeInterface10YellowImplementationForDependencyOnSomeClass12" computerName="TICHINHA" duration="00:00:00.0006156" startTime="2011-06-23T17:50:59.9019958+01:00" endTime="2011-06-23T17:50:59.9175958+01:00" testType="13cdc9d9-ddb5-4fa4-a97d-d965ccfc6d4b" outcome="Passed" testListId="8c84fa94-04c1-424b-9868-57a2d4851a1d" relativeResultsDirectory="db34ad21-a706-43a2-ae03-9c61a934584f">
    </UnitTestResult>
    <UnitTestResult executionId="84d81207-013c-403c-89af-499b88af0f19" testId="69ed810d-5677-1ec5-22fa-3be6e29a4af5" testName="ShouldCreateASomeInterface1ImplInstanceForISomeInterface1Request" computerName="TICHINHA" duration="00:00:00.0001946" startTime="2011-06-23T17:50:59.9175958+01:00" endTime="2011-06-23T17:50:59.9175958+01:00" testType="13cdc9d9-ddb5-4fa4-a97d-d965ccfc6d4b" outcome="Passed" testListId="8c84fa94-04c1-424b-9868-57a2d4851a1d" relativeResultsDirectory="84d81207-013c-403c-89af-499b88af0f19">
    </UnitTestResult>
    <UnitTestResult executionId="4a82c961-f109-4376-8470-b718c3e90809" testId="771b46f7-fec5-a01b-e7d5-50ec03f005a0" testName="ShouldExecuteInitializationExpressionForISomeInterface2Impl" computerName="TICHINHA" duration="00:00:00.0012623" startTime="2011-06-23T17:50:59.9175958+01:00" endTime="2011-06-23T17:50:59.9175958+01:00" testType="13cdc9d9-ddb5-4fa4-a97d-d965ccfc6d4b" outcome="Passed" testListId="8c84fa94-04c1-424b-9868-57a2d4851a1d" relativeResultsDirectory="4a82c961-f109-4376-8470-b718c3e90809">
    </UnitTestResult>
    <UnitTestResult executionId="7ec592d4-521b-4ee6-8824-15898104b457" testId="77c4ee26-43df-d990-818c-b93181d9d426" testName="ShouldMaintainActivationEvenForSomeClass7ProvidedByCustomResolver" computerName="TICHINHA" duration="00:00:00.0001685" startTime="2011-06-23T17:50:59.9175958+01:00" endTime="2011-06-23T17:50:59.9175958+01:00" testType="13cdc9d9-ddb5-4fa4-a97d-d965ccfc6d4b" outcome="Passed" testListId="8c84fa94-04c1-424b-9868-57a2d4851a1d" relativeResultsDirectory="7ec592d4-521b-4ee6-8824-15898104b457">
    </UnitTestResult>
    <UnitTestResult executionId="33b744c6-a6d6-4e25-9e68-f58cf6fea946" testId="799df84a-d0f7-d582-afb8-66d314142c52" testName="ShouldChooseTheCorrectConstructorWhenWithConstructorOperatorIsUsedForISomeInterface2" computerName="TICHINHA" duration="00:00:00.0004107" startTime="2011-06-23T17:50:59.9175958+01:00" endTime="2011-06-23T17:50:59.9331959+01:00" testType="13cdc9d9-ddb5-4fa4-a97d-d965ccfc6d4b" outcome="Passed" testListId="8c84fa94-04c1-424b-9868-57a2d4851a1d" relativeResultsDirectory="33b744c6-a6d6-4e25-9e68-f58cf6fea946">
    </UnitTestResult>
    <UnitTestResult executionId="cb39f7c4-52d0-490b-b995-f9ea5debbb0a" testId="83226284-881c-2a5e-6de7-8d09db6a6d08" testName="ShouldHavePerRequestActivationForNotBoundClass8ButWithCustomResolverProvidedInstance" computerName="TICHINHA" duration="00:00:00.0005471" startTime="2011-06-23T17:50:59.9331959+01:00" endTime="2011-06-23T17:50:59.9331959+01:00" testType="13cdc9d9-ddb5-4fa4-a97d-d965ccfc6d4b" outcome="Passed" testListId="8c84fa94-04c1-424b-9868-57a2d4851a1d" relativeResultsDirectory="cb39f7c4-52d0-490b-b995-f9ea5debbb0a">
    </UnitTestResult>
    <UnitTestResult executionId="830defaa-f832-4355-8a1b-1549d2d5d00e" testId="8557c812-6de1-9709-80ad-f04c0594564d" testName="ShouldGivePriorirtyToCustomResolverAlthoughSomeClass7IsBound" computerName="TICHINHA" duration="00:00:00.0002168" startTime="2011-06-23T17:50:59.9331959+01:00" endTime="2011-06-23T17:50:59.9331959+01:00" testType="13cdc9d9-ddb5-4fa4-a97d-d965ccfc6d4b" outcome="Passed" testListId="8c84fa94-04c1-424b-9868-57a2d4851a1d" relativeResultsDirectory="830defaa-f832-4355-8a1b-1549d2d5d00e">
    </UnitTestResult>
    <UnitTestResult executionId="dc4e1d0e-6652-464d-b87d-ef7d6eff050e" testId="8a4b3c7d-7572-49a8-20e7-b97ba68832af" testName="ShouldUseTheLastBindForISomeInterface4" computerName="TICHINHA" duration="00:00:00.0004620" startTime="2011-06-23T17:50:59.9331959+01:00" endTime="2011-06-23T17:50:59.9331959+01:00" testType="13cdc9d9-ddb5-4fa4-a97d-d965ccfc6d4b" outcome="Passed" testListId="8c84fa94-04c1-424b-9868-57a2d4851a1d" relativeResultsDirectory="dc4e1d0e-6652-464d-b87d-ef7d6eff050e">
    </UnitTestResult>
    <UnitTestResult executionId="d4215c5e-8cb9-469a-898c-105d0497c1ab" testId="950830c6-0f4f-8968-2d6c-fa6b82ea8ddc" testName="ShouldHaveSingletonActivationForISomeInterface3Request" computerName="TICHINHA" duration="00:00:00.0002294" startTime="2011-06-23T17:50:59.9487959+01:00" endTime="2011-06-23T17:50:59.9487959+01:00" testType="13cdc9d9-ddb5-4fa4-a97d-d965ccfc6d4b" outcome="Passed" testListId="8c84fa94-04c1-424b-9868-57a2d4851a1d" relativeResultsDirectory="d4215c5e-8cb9-469a-898c-105d0497c1ab">
    </UnitTestResult>
    <UnitTestResult executionId="16856a18-86e3-4fe7-9afd-4d30ad642afc" testId="992fa773-e39d-6e61-1a30-6e747e297c53" testName="ShouldReturnSomeClass6NotBoundAndCreatedByTheCustomResolver" computerName="TICHINHA" duration="00:00:00.0001589" startTime="2011-06-23T17:50:59.9487959+01:00" endTime="2011-06-23T17:50:59.9487959+01:00" testType="13cdc9d9-ddb5-4fa4-a97d-d965ccfc6d4b" outcome="Passed" testListId="8c84fa94-04c1-424b-9868-57a2d4851a1d" relativeResultsDirectory="16856a18-86e3-4fe7-9afd-4d30ad642afc">
    </UnitTestResult>
    <UnitTestResult executionId="8f4bab2f-9382-44ce-a32e-6005c6ad0f5b" testId="9a649419-67ea-379c-fb21-90bad3354097" testName="ShouldChooseTheConstructorAnotatedWithDefaulAttributeForISomeInterface5" computerName="TICHINHA" duration="00:00:00.0005746" startTime="2011-06-23T17:50:59.9487959+01:00" endTime="2011-06-23T17:50:59.9487959+01:00" testType="13cdc9d9-ddb5-4fa4-a97d-d965ccfc6d4b" outcome="Passed" testListId="8c84fa94-04c1-424b-9868-57a2d4851a1d" relativeResultsDirectory="8f4bab2f-9382-44ce-a32e-6005c6ad0f5b">
    </UnitTestResult>
    <UnitTestResult executionId="cade070f-461f-4a04-b6f1-484947acc89e" testId="9b0c2864-875b-7395-9439-5c60eee626cf" testName="ShouldChooseTheConstructorWithMoreBindedArgumenstByDefault" computerName="TICHINHA" duration="00:00:00.0002164" startTime="2011-06-23T17:50:59.9487959+01:00" endTime="2011-06-23T17:50:59.9487959+01:00" testType="13cdc9d9-ddb5-4fa4-a97d-d965ccfc6d4b" outcome="Passed" testListId="8c84fa94-04c1-424b-9868-57a2d4851a1d" relativeResultsDirectory="cade070f-461f-4a04-b6f1-484947acc89e">
    </UnitTestResult>
    <UnitTestResult executionId="aaee11a1-66c5-45cd-841e-ba7c93a9d144" testId="a8d53dff-3b7a-8a6d-08b4-ec3ef7866c7b" testName="ShouldChooseTheNoArgumentsConstructorWhenNoArgumentsConstructorOperatorIsUsedForISomeInterface1" computerName="TICHINHA" duration="00:00:00.0001344" startTime="2011-06-23T17:50:59.9487959+01:00" endTime="2011-06-23T17:50:59.9643959+01:00" testType="13cdc9d9-ddb5-4fa4-a97d-d965ccfc6d4b" outcome="Passed" testListId="8c84fa94-04c1-424b-9868-57a2d4851a1d" relativeResultsDirectory="aaee11a1-66c5-45cd-841e-ba7c93a9d144">
    </UnitTestResult>
    <UnitTestResult executionId="8d3a4f8e-cca3-4632-8100-12a326bc1c3e" testId="aff7ce77-7373-e91c-38d4-a2cc7eff8eb9" testName="ShouldCreateASomeClass4InstanceForSomeClass4Request" computerName="TICHINHA" duration="00:00:00.0002881" startTime="2011-06-23T17:50:59.9643959+01:00" endTime="2011-06-23T17:50:59.9643959+01:00" testType="13cdc9d9-ddb5-4fa4-a97d-d965ccfc6d4b" outcome="Passed" testListId="8c84fa94-04c1-424b-9868-57a2d4851a1d" relativeResultsDirectory="8d3a4f8e-cca3-4632-8100-12a326bc1c3e">
    </UnitTestResult>
    <UnitTestResult executionId="cd75834a-b30b-40ee-9a6f-a18383f864dd" testId="b1dae230-0702-1c38-61e9-e91d35c3e828" testName="ShouldHavePerCallActivationForDependenciesISomeInterface3Instances" computerName="TICHINHA" duration="00:00:00.0002229" startTime="2011-06-23T17:50:59.9643959+01:00" endTime="2011-06-23T17:50:59.9643959+01:00" testType="13cdc9d9-ddb5-4fa4-a97d-d965ccfc6d4b" outcome="Passed" testListId="8c84fa94-04c1-424b-9868-57a2d4851a1d" relativeResultsDirectory="cd75834a-b30b-40ee-9a6f-a18383f864dd">
    </UnitTestResult>
    <UnitTestResult executionId="1fbd9f69-e66e-4b17-bb21-eb7a80f7c853" testId="badb261c-79e1-f2d7-f803-19e335e6a24b" testName="ShouldThrowMultipleDefaultConstructorAttributesExceptionWhenForSomeClass10BecauseHasMultipleConstructorsWithDefaultConstructorAttribute" computerName="TICHINHA" duration="00:00:00.0004758" startTime="2011-06-23T17:50:59.9643959+01:00" endTime="2011-06-23T17:50:59.9643959+01:00" testType="13cdc9d9-ddb5-4fa4-a97d-d965ccfc6d4b" outcome="Passed" testListId="8c84fa94-04c1-424b-9868-57a2d4851a1d" relativeResultsDirectory="1fbd9f69-e66e-4b17-bb21-eb7a80f7c853">
    </UnitTestResult>
    <UnitTestResult executionId="fc7b81ff-35e8-47e8-80f5-0b1071dfea97" testId="c43435fc-d314-f391-46cd-d23dbed660d5" testName="ShouldReturnSomeInterface7DefaultForSomeInterface7RequestWhenNoSelectionAttributeIsdefined" computerName="TICHINHA" duration="00:00:00.0002176" startTime="2011-06-23T17:50:59.9643959+01:00" endTime="2011-06-23T17:50:59.9799959+01:00" testType="13cdc9d9-ddb5-4fa4-a97d-d965ccfc6d4b" outcome="Passed" testListId="8c84fa94-04c1-424b-9868-57a2d4851a1d" relativeResultsDirectory="fc7b81ff-35e8-47e8-80f5-0b1071dfea97">
    </UnitTestResult>
    <UnitTestResult executionId="0ce223e0-76e0-41dc-ab0b-907377845525" testId="e858f66b-5ff7-80c7-d0f2-04868ce086ed" testName="ShouldHavePerRequestActivationForISomeInterface2Request" computerName="TICHINHA" duration="00:00:00.0002164" startTime="2011-06-23T17:50:59.9799959+01:00" endTime="2011-06-23T17:50:59.9799959+01:00" testType="13cdc9d9-ddb5-4fa4-a97d-d965ccfc6d4b" outcome="Passed" testListId="8c84fa94-04c1-424b-9868-57a2d4851a1d" relativeResultsDirectory="0ce223e0-76e0-41dc-ab0b-907377845525">
    </UnitTestResult>
    <UnitTestResult executionId="d32ff02e-d912-4f4e-af42-de320f7810bd" testId="f3af9dd6-57e5-e2ea-f6d2-38630ed06ba9" testName="ShouldCreateAnInstanceForAnUnboundTypeWithPublicConstructors" computerName="TICHINHA" duration="00:00:00.0002800" startTime="2011-06-23T17:50:59.9799959+01:00" endTime="2011-06-23T17:50:59.9799959+01:00" testType="13cdc9d9-ddb5-4fa4-a97d-d965ccfc6d4b" outcome="Passed" testListId="8c84fa94-04c1-424b-9868-57a2d4851a1d" relativeResultsDirectory="d32ff02e-d912-4f4e-af42-de320f7810bd">
    </UnitTestResult>
    <UnitTestResult executionId="23950c8d-dafd-44f1-b8eb-dfaf7640c5e4" testId="f9b93fa6-b71a-f71d-284d-5bec026536ee" testName="ShouldChooseSomeInterface10RedImplementationForDependencyOnSomeClass11" computerName="TICHINHA" duration="00:00:00.0005153" startTime="2011-06-23T17:50:59.9799959+01:00" endTime="2011-06-23T17:50:59.9799959+01:00" testType="13cdc9d9-ddb5-4fa4-a97d-d965ccfc6d4b" outcome="Passed" testListId="8c84fa94-04c1-424b-9868-57a2d4851a1d" relativeResultsDirectory="23950c8d-dafd-44f1-b8eb-dfaf7640c5e4">
    </UnitTestResult>
    <UnitTestResult executionId="e600125a-3aaa-45d6-ba3a-82b90cc04da8" testId="fb960a69-164e-b826-ab52-fd7d677561d6" testName="ShouldReturnSomeInterface7DefaultForSomeInterface7DependencyOnSomeClass14WithNoArgumentAttribute" computerName="TICHINHA" duration="00:00:00.0004336" startTime="2011-06-23T17:50:59.9799959+01:00" endTime="2011-06-23T17:50:59.9955960+01:00" testType="13cdc9d9-ddb5-4fa4-a97d-d965ccfc6d4b" outcome="Passed" testListId="8c84fa94-04c1-424b-9868-57a2d4851a1d" relativeResultsDirectory="e600125a-3aaa-45d6-ba3a-82b90cc04da8">
    </UnitTestResult>
    <UnitTestResult executionId="839451da-c89f-4682-b1b1-1d762d4db12a" testId="fef9c989-3738-c8d2-2df9-720456409fe6" testName="ShouldUseTheLastConstructorDefinitionInOneBindForISomeInterface3" computerName="TICHINHA" duration="00:00:00.0002831" startTime="2011-06-23T17:50:59.9955960+01:00" endTime="2011-06-23T17:50:59.9955960+01:00" testType="13cdc9d9-ddb5-4fa4-a97d-d965ccfc6d4b" outcome="Passed" testListId="8c84fa94-04c1-424b-9868-57a2d4851a1d" relativeResultsDirectory="839451da-c89f-4682-b1b1-1d762d4db12a">
    </UnitTestResult>
  </Results>
</TestRun>