<?xml version="1.0" encoding="UTF-8"?>
<TestRun id="9d0ddc49-cc12-4eda-a79b-ae64c763b34e" name="Ticha@TICHINHA 2011-06-23 17:24:44" runUser="Tichinha\Ticha" xmlns="http://microsoft.com/schemas/VisualStudio/TeamTest/2010">
  <TestSettings name="Local" id="9cc0ef20-9937-47d7-8157-49516918ae7e">
    <Description>These are default test settings for a local test run.</Description>
    <Deployment userDeploymentRoot="H:\SPF\PROMPT11\PROMPT11-02-AdvancedProgramming.sandrapatfer\src\FinalWork\TestResults" useDefaultDeploymentRoot="false" enabled="false" runDeploymentRoot="Ticha_TICHINHA 2011-06-23 17_24_44">
      <DeploymentItem filename="H:\SPF\PROMPT11\PROMPT11-02-AdvancedProgramming.sandrapatfer\src\FinalWork\ChelasInjection\bin\Debug\ChelasInjection.dll" />
      <DeploymentItem filename="H:\SPF\PROMPT11\PROMPT11-02-AdvancedProgramming.sandrapatfer\src\FinalWork\ChelasInjection.SampleTypes\bin\Debug\ChelasInjection.SampleTypes.dll" />
    </Deployment>
    <Execution>
      <TestTypeSpecific />
      <AgentRule name="Execution Agents">
      </AgentRule>
    </Execution>
  </TestSettings>
  <Times creation="2011-06-23T17:24:44.3570468+01:00" queuing="2011-06-23T17:24:44.3882469+01:00" start="2011-06-23T17:24:44.3882469+01:00" finish="2011-06-23T17:24:44.7314475+01:00" />
  <ResultSummary outcome="Failed">
    <Counters total="35" executed="35" passed="30" error="0" failed="5" timeout="0" aborted="0" inconclusive="0" passedButRunAborted="0" notRunnable="0" notExecuted="0" disconnected="0" warning="0" completed="0" inProgress="0" pending="0" />
  </ResultSummary>
  <TestDefinitions>
    <UnitTest name="ShouldHaveSingletonActivationForSomeClass7CustomResolverProvidedInstances" storage="h:\spf\prompt11\prompt11-02-advancedprogramming.sandrapatfer\src\finalwork\chelasinjection.tests2\bin\debug\chelasinjection.tests2.dll" id="12c34159-a3d5-4e71-915d-5d2a9292a276">
      <Execution id="89d58721-6e0b-4bf2-84b4-0471ce5ed256" />
      <TestMethod codeBase="H:/SPF/PROMPT11/PROMPT11-02-AdvancedProgramming.sandrapatfer/src/FinalWork/ChelasInjection.Tests2/bin/Debug/ChelasInjection.Tests2.DLL" adapterTypeName="Microsoft.VisualStudio.TestTools.TestTypes.Unit.UnitTestAdapter, Microsoft.VisualStudio.QualityTools.Tips.UnitTest.Adapter, Version=10.0.0.0, Culture=neutral, PublicKeyToken=b03f5f7f11d50a3a" className="ChelasInjection.Tests.UnitTest1, ChelasInjection.Tests2, Version=1.0.0.0, Culture=neutral, PublicKeyToken=null" name="ShouldHaveSingletonActivationForSomeClass7CustomResolverProvidedInstances" />
    </UnitTest>
    <UnitTest name="ShouldThrowUnboundTypeExceptionForAnUnboundAbstractType" storage="h:\spf\prompt11\prompt11-02-advancedprogramming.sandrapatfer\src\finalwork\chelasinjection.tests2\bin\debug\chelasinjection.tests2.dll" id="656d7ed8-51e6-ac9e-3238-7d523d24fb7f">
      <Execution id="fb56aba0-8fd3-40bc-bd01-2137590e2357" />
      <TestMethod codeBase="H:/SPF/PROMPT11/PROMPT11-02-AdvancedProgramming.sandrapatfer/src/FinalWork/ChelasInjection.Tests2/bin/Debug/ChelasInjection.Tests2.DLL" adapterTypeName="Microsoft.VisualStudio.TestTools.TestTypes.Unit.UnitTestAdapter, Microsoft.VisualStudio.QualityTools.Tips.UnitTest.Adapter, Version=10.0.0.0, Culture=neutral, PublicKeyToken=b03f5f7f11d50a3a" className="ChelasInjection.Tests.UnitTest1, ChelasInjection.Tests2, Version=1.0.0.0, Culture=neutral, PublicKeyToken=null" name="ShouldThrowUnboundTypeExceptionForAnUnboundAbstractType" />
    </UnitTest>
    <UnitTest name="ShouldCreateASomeInterface3ImplInstanceForISomeInterface2RequestAndAlsoCreateItsDependencies" storage="h:\spf\prompt11\prompt11-02-advancedprogramming.sandrapatfer\src\finalwork\chelasinjection.tests2\bin\debug\chelasinjection.tests2.dll" id="12d69a01-353d-6243-926f-aae67310746f">
      <Execution id="0c9ef08e-4d29-48dd-a776-03917df235c1" />
      <TestMethod codeBase="H:/SPF/PROMPT11/PROMPT11-02-AdvancedProgramming.sandrapatfer/src/FinalWork/ChelasInjection.Tests2/bin/Debug/ChelasInjection.Tests2.DLL" adapterTypeName="Microsoft.VisualStudio.TestTools.TestTypes.Unit.UnitTestAdapter, Microsoft.VisualStudio.QualityTools.Tips.UnitTest.Adapter, Version=10.0.0.0, Culture=neutral, PublicKeyToken=b03f5f7f11d50a3a" className="ChelasInjection.Tests.UnitTest1, ChelasInjection.Tests2, Version=1.0.0.0, Culture=neutral, PublicKeyToken=null" name="ShouldCreateASomeInterface3ImplInstanceForISomeInterface2RequestAndAlsoCreateItsDependencies" />
    </UnitTest>
    <UnitTest name="ShouldThrowMultipleDefaultConstructorAttributesExceptionWhenForSomeClass10BecauseHasMultipleConstructorsWithDefaultConstructorAttribute" storage="h:\spf\prompt11\prompt11-02-advancedprogramming.sandrapatfer\src\finalwork\chelasinjection.tests2\bin\debug\chelasinjection.tests2.dll" id="badb261c-79e1-f2d7-f803-19e335e6a24b">
      <Execution id="ef8c2ff4-5094-4f5e-bea1-3e391bb82d06" />
      <TestMethod codeBase="H:/SPF/PROMPT11/PROMPT11-02-AdvancedProgramming.sandrapatfer/src/FinalWork/ChelasInjection.Tests2/bin/Debug/ChelasInjection.Tests2.DLL" adapterTypeName="Microsoft.VisualStudio.TestTools.TestTypes.Unit.UnitTestAdapter, Microsoft.VisualStudio.QualityTools.Tips.UnitTest.Adapter, Version=10.0.0.0, Culture=neutral, PublicKeyToken=b03f5f7f11d50a3a" className="ChelasInjection.Tests.UnitTest1, ChelasInjection.Tests2, Version=1.0.0.0, Culture=neutral, PublicKeyToken=null" name="ShouldThrowMultipleDefaultConstructorAttributesExceptionWhenForSomeClass10BecauseHasMultipleConstructorsWithDefaultConstructorAttribute" />
    </UnitTest>
    <UnitTest name="ShouldHavePerCallActivationForDependenciesISomeInterface3Instances" storage="h:\spf\prompt11\prompt11-02-advancedprogramming.sandrapatfer\src\finalwork\chelasinjection.tests2\bin\debug\chelasinjection.tests2.dll" id="b1dae230-0702-1c38-61e9-e91d35c3e828">
      <Execution id="cefb8e38-3479-41ca-a785-dac179e52882" />
      <TestMethod codeBase="H:/SPF/PROMPT11/PROMPT11-02-AdvancedProgramming.sandrapatfer/src/FinalWork/ChelasInjection.Tests2/bin/Debug/ChelasInjection.Tests2.DLL" adapterTypeName="Microsoft.VisualStudio.TestTools.TestTypes.Unit.UnitTestAdapter, Microsoft.VisualStudio.QualityTools.Tips.UnitTest.Adapter, Version=10.0.0.0, Culture=neutral, PublicKeyToken=b03f5f7f11d50a3a" className="ChelasInjection.Tests.UnitTest1, ChelasInjection.Tests2, Version=1.0.0.0, Culture=neutral, PublicKeyToken=null" name="ShouldHavePerCallActivationForDependenciesISomeInterface3Instances" />
    </UnitTest>
    <UnitTest name="ShouldReturnSomeInterface7DefaultForSomeInterface7DependencyOnSomeClass13WithNotConfiguredBlackAttribute" storage="h:\spf\prompt11\prompt11-02-advancedprogramming.sandrapatfer\src\finalwork\chelasinjection.tests2\bin\debug\chelasinjection.tests2.dll" id="2dbe1cb0-1300-91d9-d83a-4537ac6ebaeb">
      <Execution id="0db4b5f1-859e-4e69-abc7-6eb492affbbc" />
      <TestMethod codeBase="H:/SPF/PROMPT11/PROMPT11-02-AdvancedProgramming.sandrapatfer/src/FinalWork/ChelasInjection.Tests2/bin/Debug/ChelasInjection.Tests2.DLL" adapterTypeName="Microsoft.VisualStudio.TestTools.TestTypes.Unit.UnitTestAdapter, Microsoft.VisualStudio.QualityTools.Tips.UnitTest.Adapter, Version=10.0.0.0, Culture=neutral, PublicKeyToken=b03f5f7f11d50a3a" className="ChelasInjection.Tests.UnitTest1, ChelasInjection.Tests2, Version=1.0.0.0, Culture=neutral, PublicKeyToken=null" name="ShouldReturnSomeInterface7DefaultForSomeInterface7DependencyOnSomeClass13WithNotConfiguredBlackAttribute" />
    </UnitTest>
    <UnitTest name="ShouldReturnSomeInterface7And8RedForSomeInterface8RequestWhenSelectionAttributeIsdefined" storage="h:\spf\prompt11\prompt11-02-advancedprogramming.sandrapatfer\src\finalwork\chelasinjection.tests2\bin\debug\chelasinjection.tests2.dll" id="0fb9d857-b22e-831c-2b38-70d77b06e36b">
      <Execution id="a9519a7f-6c90-43af-872e-e028cd9adbd6" />
      <TestMethod codeBase="H:/SPF/PROMPT11/PROMPT11-02-AdvancedProgramming.sandrapatfer/src/FinalWork/ChelasInjection.Tests2/bin/Debug/ChelasInjection.Tests2.DLL" adapterTypeName="Microsoft.VisualStudio.TestTools.TestTypes.Unit.UnitTestAdapter, Microsoft.VisualStudio.QualityTools.Tips.UnitTest.Adapter, Version=10.0.0.0, Culture=neutral, PublicKeyToken=b03f5f7f11d50a3a" className="ChelasInjection.Tests.UnitTest1, ChelasInjection.Tests2, Version=1.0.0.0, Culture=neutral, PublicKeyToken=null" name="ShouldReturnSomeInterface7And8RedForSomeInterface8RequestWhenSelectionAttributeIsdefined" />
    </UnitTest>
    <UnitTest name="ShouldCreateAnInstanceForAnUnboundTypeWithPublicConstructors" storage="h:\spf\prompt11\prompt11-02-advancedprogramming.sandrapatfer\src\finalwork\chelasinjection.tests2\bin\debug\chelasinjection.tests2.dll" id="f3af9dd6-57e5-e2ea-f6d2-38630ed06ba9">
      <Execution id="8b4c9cc7-6ca0-4f2d-90f5-c760466009db" />
      <TestMethod codeBase="H:/SPF/PROMPT11/PROMPT11-02-AdvancedProgramming.sandrapatfer/src/FinalWork/ChelasInjection.Tests2/bin/Debug/ChelasInjection.Tests2.DLL" adapterTypeName="Microsoft.VisualStudio.TestTools.TestTypes.Unit.UnitTestAdapter, Microsoft.VisualStudio.QualityTools.Tips.UnitTest.Adapter, Version=10.0.0.0, Culture=neutral, PublicKeyToken=b03f5f7f11d50a3a" className="ChelasInjection.Tests.UnitTest1, ChelasInjection.Tests2, Version=1.0.0.0, Culture=neutral, PublicKeyToken=null" name="ShouldCreateAnInstanceForAnUnboundTypeWithPublicConstructors" />
    </UnitTest>
    <UnitTest name="ShouldChooseTheCorrectConstructorWhenWithConstructorOperatorIsUsedForISomeInterface2" storage="h:\spf\prompt11\prompt11-02-advancedprogramming.sandrapatfer\src\finalwork\chelasinjection.tests2\bin\debug\chelasinjection.tests2.dll" id="799df84a-d0f7-d582-afb8-66d314142c52">
      <Execution id="4c709b58-dc87-44dc-94a7-2f3018df0654" />
      <TestMethod codeBase="H:/SPF/PROMPT11/PROMPT11-02-AdvancedProgramming.sandrapatfer/src/FinalWork/ChelasInjection.Tests2/bin/Debug/ChelasInjection.Tests2.DLL" adapterTypeName="Microsoft.VisualStudio.TestTools.TestTypes.Unit.UnitTestAdapter, Microsoft.VisualStudio.QualityTools.Tips.UnitTest.Adapter, Version=10.0.0.0, Culture=neutral, PublicKeyToken=b03f5f7f11d50a3a" className="ChelasInjection.Tests.UnitTest1, ChelasInjection.Tests2, Version=1.0.0.0, Culture=neutral, PublicKeyToken=null" name="ShouldChooseTheCorrectConstructorWhenWithConstructorOperatorIsUsedForISomeInterface2" />
    </UnitTest>
    <UnitTest name="ShouldHaveDefautActivationOnDependencies" storage="h:\spf\prompt11\prompt11-02-advancedprogramming.sandrapatfer\src\finalwork\chelasinjection.tests2\bin\debug\chelasinjection.tests2.dll" id="203b2176-34be-f441-1eb4-ea8404ba4292">
      <Execution id="b8a2e258-f27f-44b1-abd3-21bcd8a5797a" />
      <TestMethod codeBase="H:/SPF/PROMPT11/PROMPT11-02-AdvancedProgramming.sandrapatfer/src/FinalWork/ChelasInjection.Tests2/bin/Debug/ChelasInjection.Tests2.DLL" adapterTypeName="Microsoft.VisualStudio.TestTools.TestTypes.Unit.UnitTestAdapter, Microsoft.VisualStudio.QualityTools.Tips.UnitTest.Adapter, Version=10.0.0.0, Culture=neutral, PublicKeyToken=b03f5f7f11d50a3a" className="ChelasInjection.Tests.UnitTest1, ChelasInjection.Tests2, Version=1.0.0.0, Culture=neutral, PublicKeyToken=null" name="ShouldHaveDefautActivationOnDependencies" />
    </UnitTest>
    <UnitTest name="ShouldReturnSomeClass6NotBoundAndCreatedByTheCustomResolver" storage="h:\spf\prompt11\prompt11-02-advancedprogramming.sandrapatfer\src\finalwork\chelasinjection.tests2\bin\debug\chelasinjection.tests2.dll" id="992fa773-e39d-6e61-1a30-6e747e297c53">
      <Execution id="4ba85769-df34-4066-aee7-607e8d6679e0" />
      <TestMethod codeBase="H:/SPF/PROMPT11/PROMPT11-02-AdvancedProgramming.sandrapatfer/src/FinalWork/ChelasInjection.Tests2/bin/Debug/ChelasInjection.Tests2.DLL" adapterTypeName="Microsoft.VisualStudio.TestTools.TestTypes.Unit.UnitTestAdapter, Microsoft.VisualStudio.QualityTools.Tips.UnitTest.Adapter, Version=10.0.0.0, Culture=neutral, PublicKeyToken=b03f5f7f11d50a3a" className="ChelasInjection.Tests.UnitTest1, ChelasInjection.Tests2, Version=1.0.0.0, Culture=neutral, PublicKeyToken=null" name="ShouldReturnSomeClass6NotBoundAndCreatedByTheCustomResolver" />
    </UnitTest>
    <UnitTest name="ShouldReturnSomeInterface7And8RedForSomeInterface7RequestWhenSelectionAttributeIsdefined" storage="h:\spf\prompt11\prompt11-02-advancedprogramming.sandrapatfer\src\finalwork\chelasinjection.tests2\bin\debug\chelasinjection.tests2.dll" id="55e104c0-88fa-628e-eff2-a03a25d5724b">
      <Execution id="907a75d2-dfb4-408d-b76a-20c9491b196b" />
      <TestMethod codeBase="H:/SPF/PROMPT11/PROMPT11-02-AdvancedProgramming.sandrapatfer/src/FinalWork/ChelasInjection.Tests2/bin/Debug/ChelasInjection.Tests2.DLL" adapterTypeName="Microsoft.VisualStudio.TestTools.TestTypes.Unit.UnitTestAdapter, Microsoft.VisualStudio.QualityTools.Tips.UnitTest.Adapter, Version=10.0.0.0, Culture=neutral, PublicKeyToken=b03f5f7f11d50a3a" className="ChelasInjection.Tests.UnitTest1, ChelasInjection.Tests2, Version=1.0.0.0, Culture=neutral, PublicKeyToken=null" name="ShouldReturnSomeInterface7And8RedForSomeInterface7RequestWhenSelectionAttributeIsdefined" />
    </UnitTest>
    <UnitTest name="ShouldGivePriorirtyToCustomResolverAlthoughSomeClass7IsBound" storage="h:\spf\prompt11\prompt11-02-advancedprogramming.sandrapatfer\src\finalwork\chelasinjection.tests2\bin\debug\chelasinjection.tests2.dll" id="8557c812-6de1-9709-80ad-f04c0594564d">
      <Execution id="5a0c504e-9b51-478a-b6fa-36cfa161f3c1" />
      <TestMethod codeBase="H:/SPF/PROMPT11/PROMPT11-02-AdvancedProgramming.sandrapatfer/src/FinalWork/ChelasInjection.Tests2/bin/Debug/ChelasInjection.Tests2.DLL" adapterTypeName="Microsoft.VisualStudio.TestTools.TestTypes.Unit.UnitTestAdapter, Microsoft.VisualStudio.QualityTools.Tips.UnitTest.Adapter, Version=10.0.0.0, Culture=neutral, PublicKeyToken=b03f5f7f11d50a3a" className="ChelasInjection.Tests.UnitTest1, ChelasInjection.Tests2, Version=1.0.0.0, Culture=neutral, PublicKeyToken=null" name="ShouldGivePriorirtyToCustomResolverAlthoughSomeClass7IsBound" />
    </UnitTest>
    <UnitTest name="ShouldCreateASomeClass4InstanceForSomeClass4Request" storage="h:\spf\prompt11\prompt11-02-advancedprogramming.sandrapatfer\src\finalwork\chelasinjection.tests2\bin\debug\chelasinjection.tests2.dll" id="aff7ce77-7373-e91c-38d4-a2cc7eff8eb9">
      <Execution id="b3bfbf6e-1b5a-4eb9-acbb-232e9e79a4df" />
      <TestMethod codeBase="H:/SPF/PROMPT11/PROMPT11-02-AdvancedProgramming.sandrapatfer/src/FinalWork/ChelasInjection.Tests2/bin/Debug/ChelasInjection.Tests2.DLL" adapterTypeName="Microsoft.VisualStudio.TestTools.TestTypes.Unit.UnitTestAdapter, Microsoft.VisualStudio.QualityTools.Tips.UnitTest.Adapter, Version=10.0.0.0, Culture=neutral, PublicKeyToken=b03f5f7f11d50a3a" className="ChelasInjection.Tests.UnitTest1, ChelasInjection.Tests2, Version=1.0.0.0, Culture=neutral, PublicKeyToken=null" name="ShouldCreateASomeClass4InstanceForSomeClass4Request" />
    </UnitTest>
    <UnitTest name="ShouldCreateASomeInterface2ImplInstanceForISomeInterface2RequestAndAlsoCreateItsDependencies" storage="h:\spf\prompt11\prompt11-02-advancedprogramming.sandrapatfer\src\finalwork\chelasinjection.tests2\bin\debug\chelasinjection.tests2.dll" id="2d574b83-6eb8-d38d-596f-4dbdcb30b343">
      <Execution id="75112175-bf11-42d8-8bf8-d7059a49a3c9" />
      <TestMethod codeBase="H:/SPF/PROMPT11/PROMPT11-02-AdvancedProgramming.sandrapatfer/src/FinalWork/ChelasInjection.Tests2/bin/Debug/ChelasInjection.Tests2.DLL" adapterTypeName="Microsoft.VisualStudio.TestTools.TestTypes.Unit.UnitTestAdapter, Microsoft.VisualStudio.QualityTools.Tips.UnitTest.Adapter, Version=10.0.0.0, Culture=neutral, PublicKeyToken=b03f5f7f11d50a3a" className="ChelasInjection.Tests.UnitTest1, ChelasInjection.Tests2, Version=1.0.0.0, Culture=neutral, PublicKeyToken=null" name="ShouldCreateASomeInterface2ImplInstanceForISomeInterface2RequestAndAlsoCreateItsDependencies" />
    </UnitTest>
    <UnitTest name="ShouldChooseTheNoArgumentsConstructorWhenNoArgumentsConstructorOperatorIsUsedForISomeInterface1" storage="h:\spf\prompt11\prompt11-02-advancedprogramming.sandrapatfer\src\finalwork\chelasinjection.tests2\bin\debug\chelasinjection.tests2.dll" id="a8d53dff-3b7a-8a6d-08b4-ec3ef7866c7b">
      <Execution id="e2922d9b-8ca4-4d04-8173-4dd2885c8030" />
      <TestMethod codeBase="H:/SPF/PROMPT11/PROMPT11-02-AdvancedProgramming.sandrapatfer/src/FinalWork/ChelasInjection.Tests2/bin/Debug/ChelasInjection.Tests2.DLL" adapterTypeName="Microsoft.VisualStudio.TestTools.TestTypes.Unit.UnitTestAdapter, Microsoft.VisualStudio.QualityTools.Tips.UnitTest.Adapter, Version=10.0.0.0, Culture=neutral, PublicKeyToken=b03f5f7f11d50a3a" className="ChelasInjection.Tests.UnitTest1, ChelasInjection.Tests2, Version=1.0.0.0, Culture=neutral, PublicKeyToken=null" name="ShouldChooseTheNoArgumentsConstructorWhenNoArgumentsConstructorOperatorIsUsedForISomeInterface1" />
    </UnitTest>
    <UnitTest name="ShouldChooseTheConstructorWithMoreBindedArgumenstByDefault" storage="h:\spf\prompt11\prompt11-02-advancedprogramming.sandrapatfer\src\finalwork\chelasinjection.tests2\bin\debug\chelasinjection.tests2.dll" id="9b0c2864-875b-7395-9439-5c60eee626cf">
      <Execution id="01fc77c6-c7d1-4b13-9336-58548e529959" />
      <TestMethod codeBase="H:/SPF/PROMPT11/PROMPT11-02-AdvancedProgramming.sandrapatfer/src/FinalWork/ChelasInjection.Tests2/bin/Debug/ChelasInjection.Tests2.DLL" adapterTypeName="Microsoft.VisualStudio.TestTools.TestTypes.Unit.UnitTestAdapter, Microsoft.VisualStudio.QualityTools.Tips.UnitTest.Adapter, Version=10.0.0.0, Culture=neutral, PublicKeyToken=b03f5f7f11d50a3a" className="ChelasInjection.Tests.UnitTest1, ChelasInjection.Tests2, Version=1.0.0.0, Culture=neutral, PublicKeyToken=null" name="ShouldChooseTheConstructorWithMoreBindedArgumenstByDefault" />
    </UnitTest>
    <UnitTest name="ShouldCreateASomeInterface1ImplInstanceForISomeInterface1Request" storage="h:\spf\prompt11\prompt11-02-advancedprogramming.sandrapatfer\src\finalwork\chelasinjection.tests2\bin\debug\chelasinjection.tests2.dll" id="69ed810d-5677-1ec5-22fa-3be6e29a4af5">
      <Execution id="ac1ad318-ea44-4369-a6a1-ce145189cee1" />
      <TestMethod codeBase="H:/SPF/PROMPT11/PROMPT11-02-AdvancedProgramming.sandrapatfer/src/FinalWork/ChelasInjection.Tests2/bin/Debug/ChelasInjection.Tests2.DLL" adapterTypeName="Microsoft.VisualStudio.TestTools.TestTypes.Unit.UnitTestAdapter, Microsoft.VisualStudio.QualityTools.Tips.UnitTest.Adapter, Version=10.0.0.0, Culture=neutral, PublicKeyToken=b03f5f7f11d50a3a" className="ChelasInjection.Tests.UnitTest1, ChelasInjection.Tests2, Version=1.0.0.0, Culture=neutral, PublicKeyToken=null" name="ShouldCreateASomeInterface1ImplInstanceForISomeInterface1Request" />
    </UnitTest>
    <UnitTest name="ShouldUseTheLastBindForISomeInterface4" storage="h:\spf\prompt11\prompt11-02-advancedprogramming.sandrapatfer\src\finalwork\chelasinjection.tests2\bin\debug\chelasinjection.tests2.dll" id="8a4b3c7d-7572-49a8-20e7-b97ba68832af">
      <Execution id="fd437d75-b7a9-4015-9986-157f2e8a115c" />
      <TestMethod codeBase="H:/SPF/PROMPT11/PROMPT11-02-AdvancedProgramming.sandrapatfer/src/FinalWork/ChelasInjection.Tests2/bin/Debug/ChelasInjection.Tests2.DLL" adapterTypeName="Microsoft.VisualStudio.TestTools.TestTypes.Unit.UnitTestAdapter, Microsoft.VisualStudio.QualityTools.Tips.UnitTest.Adapter, Version=10.0.0.0, Culture=neutral, PublicKeyToken=b03f5f7f11d50a3a" className="ChelasInjection.Tests.UnitTest1, ChelasInjection.Tests2, Version=1.0.0.0, Culture=neutral, PublicKeyToken=null" name="ShouldUseTheLastBindForISomeInterface4" />
    </UnitTest>
    <UnitTest name="ShouldChooseSomeInterface10RedImplementationForDependencyOnSomeClass11" storage="h:\spf\prompt11\prompt11-02-advancedprogramming.sandrapatfer\src\finalwork\chelasinjection.tests2\bin\debug\chelasinjection.tests2.dll" id="f9b93fa6-b71a-f71d-284d-5bec026536ee">
      <Execution id="6c3f5558-87d5-43ec-9efa-3d519a6421fe" />
      <TestMethod codeBase="H:/SPF/PROMPT11/PROMPT11-02-AdvancedProgramming.sandrapatfer/src/FinalWork/ChelasInjection.Tests2/bin/Debug/ChelasInjection.Tests2.DLL" adapterTypeName="Microsoft.VisualStudio.TestTools.TestTypes.Unit.UnitTestAdapter, Microsoft.VisualStudio.QualityTools.Tips.UnitTest.Adapter, Version=10.0.0.0, Culture=neutral, PublicKeyToken=b03f5f7f11d50a3a" className="ChelasInjection.Tests.UnitTest1, ChelasInjection.Tests2, Version=1.0.0.0, Culture=neutral, PublicKeyToken=null" name="ShouldChooseSomeInterface10RedImplementationForDependencyOnSomeClass11" />
    </UnitTest>
    <UnitTest name="ShouldCreateASomeClass9InstanceForSomeClass9RequestWithSelfBindConfiguration" storage="h:\spf\prompt11\prompt11-02-advancedprogramming.sandrapatfer\src\finalwork\chelasinjection.tests2\bin\debug\chelasinjection.tests2.dll" id="4ff804d2-0826-4eee-5faa-2c0b05eada64">
      <Execution id="8c4312f2-00c2-4df3-9307-62060d2b6d02" />
      <TestMethod codeBase="H:/SPF/PROMPT11/PROMPT11-02-AdvancedProgramming.sandrapatfer/src/FinalWork/ChelasInjection.Tests2/bin/Debug/ChelasInjection.Tests2.DLL" adapterTypeName="Microsoft.VisualStudio.TestTools.TestTypes.Unit.UnitTestAdapter, Microsoft.VisualStudio.QualityTools.Tips.UnitTest.Adapter, Version=10.0.0.0, Culture=neutral, PublicKeyToken=b03f5f7f11d50a3a" className="ChelasInjection.Tests.UnitTest1, ChelasInjection.Tests2, Version=1.0.0.0, Culture=neutral, PublicKeyToken=null" name="ShouldCreateASomeClass9InstanceForSomeClass9RequestWithSelfBindConfiguration" />
    </UnitTest>
    <UnitTest name="ShouldChooseSomeInterface10YellowImplementationForDependencyOnSomeClass12" storage="h:\spf\prompt11\prompt11-02-advancedprogramming.sandrapatfer\src\finalwork\chelasinjection.tests2\bin\debug\chelasinjection.tests2.dll" id="67be36d0-e847-5d39-b115-e4c98c1d269a">
      <Execution id="342a8973-1f8e-4c02-87d0-6926da603c7f" />
      <TestMethod codeBase="H:/SPF/PROMPT11/PROMPT11-02-AdvancedProgramming.sandrapatfer/src/FinalWork/ChelasInjection.Tests2/bin/Debug/ChelasInjection.Tests2.DLL" adapterTypeName="Microsoft.VisualStudio.TestTools.TestTypes.Unit.UnitTestAdapter, Microsoft.VisualStudio.QualityTools.Tips.UnitTest.Adapter, Version=10.0.0.0, Culture=neutral, PublicKeyToken=b03f5f7f11d50a3a" className="ChelasInjection.Tests.UnitTest1, ChelasInjection.Tests2, Version=1.0.0.0, Culture=neutral, PublicKeyToken=null" name="ShouldChooseSomeInterface10YellowImplementationForDependencyOnSomeClass12" />
    </UnitTest>
    <UnitTest name="ShouldHavePerRequestActivationForISomeInterface2Request" storage="h:\spf\prompt11\prompt11-02-advancedprogramming.sandrapatfer\src\finalwork\chelasinjection.tests2\bin\debug\chelasinjection.tests2.dll" id="e858f66b-5ff7-80c7-d0f2-04868ce086ed">
      <Execution id="0a34f64a-717c-410d-92a0-bf137682e170" />
      <TestMethod codeBase="H:/SPF/PROMPT11/PROMPT11-02-AdvancedProgramming.sandrapatfer/src/FinalWork/ChelasInjection.Tests2/bin/Debug/ChelasInjection.Tests2.DLL" adapterTypeName="Microsoft.VisualStudio.TestTools.TestTypes.Unit.UnitTestAdapter, Microsoft.VisualStudio.QualityTools.Tips.UnitTest.Adapter, Version=10.0.0.0, Culture=neutral, PublicKeyToken=b03f5f7f11d50a3a" className="ChelasInjection.Tests.UnitTest1, ChelasInjection.Tests2, Version=1.0.0.0, Culture=neutral, PublicKeyToken=null" name="ShouldHavePerRequestActivationForISomeInterface2Request" />
    </UnitTest>
    <UnitTest name="ShouldHaveSingletonActivationForISomeInterface3Request" storage="h:\spf\prompt11\prompt11-02-advancedprogramming.sandrapatfer\src\finalwork\chelasinjection.tests2\bin\debug\chelasinjection.tests2.dll" id="950830c6-0f4f-8968-2d6c-fa6b82ea8ddc">
      <Execution id="413ba953-3d11-48ce-9b23-bd622f45ae38" />
      <TestMethod codeBase="H:/SPF/PROMPT11/PROMPT11-02-AdvancedProgramming.sandrapatfer/src/FinalWork/ChelasInjection.Tests2/bin/Debug/ChelasInjection.Tests2.DLL" adapterTypeName="Microsoft.VisualStudio.TestTools.TestTypes.Unit.UnitTestAdapter, Microsoft.VisualStudio.QualityTools.Tips.UnitTest.Adapter, Version=10.0.0.0, Culture=neutral, PublicKeyToken=b03f5f7f11d50a3a" className="ChelasInjection.Tests.UnitTest1, ChelasInjection.Tests2, Version=1.0.0.0, Culture=neutral, PublicKeyToken=null" name="ShouldHaveSingletonActivationForISomeInterface3Request" />
    </UnitTest>
    <UnitTest name="ShouldExecuteInitializationExpressionForISomeInterface2Impl" storage="h:\spf\prompt11\prompt11-02-advancedprogramming.sandrapatfer\src\finalwork\chelasinjection.tests2\bin\debug\chelasinjection.tests2.dll" id="771b46f7-fec5-a01b-e7d5-50ec03f005a0">
      <Execution id="c771f7ef-57a7-4ba6-8cbf-5a4703839ace" />
      <TestMethod codeBase="H:/SPF/PROMPT11/PROMPT11-02-AdvancedProgramming.sandrapatfer/src/FinalWork/ChelasInjection.Tests2/bin/Debug/ChelasInjection.Tests2.DLL" adapterTypeName="Microsoft.VisualStudio.TestTools.TestTypes.Unit.UnitTestAdapter, Microsoft.VisualStudio.QualityTools.Tips.UnitTest.Adapter, Version=10.0.0.0, Culture=neutral, PublicKeyToken=b03f5f7f11d50a3a" className="ChelasInjection.Tests.UnitTest1, ChelasInjection.Tests2, Version=1.0.0.0, Culture=neutral, PublicKeyToken=null" name="ShouldExecuteInitializationExpressionForISomeInterface2Impl" />
    </UnitTest>
    <UnitTest name="TestMethod1" storage="h:\spf\prompt11\prompt11-02-advancedprogramming.sandrapatfer\src\finalwork\chelasinjection.tests2\bin\debug\chelasinjection.tests2.dll" id="0e1818d9-cc61-fd84-b00f-dc6e3addb7b2">
      <Execution id="9c1afb41-d0db-46ad-9b44-4d432f52296d" />
      <TestMethod codeBase="H:/SPF/PROMPT11/PROMPT11-02-AdvancedProgramming.sandrapatfer/src/FinalWork/ChelasInjection.Tests2/bin/Debug/ChelasInjection.Tests2.DLL" adapterTypeName="Microsoft.VisualStudio.TestTools.TestTypes.Unit.UnitTestAdapter, Microsoft.VisualStudio.QualityTools.Tips.UnitTest.Adapter, Version=10.0.0.0, Culture=neutral, PublicKeyToken=b03f5f7f11d50a3a" className="ChelasInjection.Tests.UnitTest1, ChelasInjection.Tests2, Version=1.0.0.0, Culture=neutral, PublicKeyToken=null" name="TestMethod1" />
    </UnitTest>
    <UnitTest name="ShouldReturnSomeInterface7DefaultForSomeInterface7RequestWhenNoSelectionAttributeIsdefined" storage="h:\spf\prompt11\prompt11-02-advancedprogramming.sandrapatfer\src\finalwork\chelasinjection.tests2\bin\debug\chelasinjection.tests2.dll" id="c43435fc-d314-f391-46cd-d23dbed660d5">
      <Execution id="11538ac6-2e8b-48af-aaaa-62e6b02c6909" />
      <TestMethod codeBase="H:/SPF/PROMPT11/PROMPT11-02-AdvancedProgramming.sandrapatfer/src/FinalWork/ChelasInjection.Tests2/bin/Debug/ChelasInjection.Tests2.DLL" adapterTypeName="Microsoft.VisualStudio.TestTools.TestTypes.Unit.UnitTestAdapter, Microsoft.VisualStudio.QualityTools.Tips.UnitTest.Adapter, Version=10.0.0.0, Culture=neutral, PublicKeyToken=b03f5f7f11d50a3a" className="ChelasInjection.Tests.UnitTest1, ChelasInjection.Tests2, Version=1.0.0.0, Culture=neutral, PublicKeyToken=null" name="ShouldReturnSomeInterface7DefaultForSomeInterface7RequestWhenNoSelectionAttributeIsdefined" />
    </UnitTest>
    <UnitTest name="ShouldThrowCircularDependencyExceptionOnInstantiationForSomeClass1" storage="h:\spf\prompt11\prompt11-02-advancedprogramming.sandrapatfer\src\finalwork\chelasinjection.tests2\bin\debug\chelasinjection.tests2.dll" id="28b0781c-525f-79c7-0fe1-7f25197915d6">
      <Execution id="912d89dc-98c6-4ff3-b1ab-2a8689f63ac4" />
      <TestMethod codeBase="H:/SPF/PROMPT11/PROMPT11-02-AdvancedProgramming.sandrapatfer/src/FinalWork/ChelasInjection.Tests2/bin/Debug/ChelasInjection.Tests2.DLL" adapterTypeName="Microsoft.VisualStudio.TestTools.TestTypes.Unit.UnitTestAdapter, Microsoft.VisualStudio.QualityTools.Tips.UnitTest.Adapter, Version=10.0.0.0, Culture=neutral, PublicKeyToken=b03f5f7f11d50a3a" className="ChelasInjection.Tests.UnitTest1, ChelasInjection.Tests2, Version=1.0.0.0, Culture=neutral, PublicKeyToken=null" name="ShouldThrowCircularDependencyExceptionOnInstantiationForSomeClass1" />
    </UnitTest>
    <UnitTest name="ShouldThrowUnboundExceptionForISomeInterface8Request" storage="h:\spf\prompt11\prompt11-02-advancedprogramming.sandrapatfer\src\finalwork\chelasinjection.tests2\bin\debug\chelasinjection.tests2.dll" id="343e2330-020f-ca29-0724-95104f785584">
      <Execution id="dc78120b-c27b-4ce1-9059-dd1b5cb52d27" />
      <TestMethod codeBase="H:/SPF/PROMPT11/PROMPT11-02-AdvancedProgramming.sandrapatfer/src/FinalWork/ChelasInjection.Tests2/bin/Debug/ChelasInjection.Tests2.DLL" adapterTypeName="Microsoft.VisualStudio.TestTools.TestTypes.Unit.UnitTestAdapter, Microsoft.VisualStudio.QualityTools.Tips.UnitTest.Adapter, Version=10.0.0.0, Culture=neutral, PublicKeyToken=b03f5f7f11d50a3a" className="ChelasInjection.Tests.UnitTest1, ChelasInjection.Tests2, Version=1.0.0.0, Culture=neutral, PublicKeyToken=null" name="ShouldThrowUnboundExceptionForISomeInterface8Request" />
    </UnitTest>
    <UnitTest name="ShouldHavePerRequestAsDefaultActivation" storage="h:\spf\prompt11\prompt11-02-advancedprogramming.sandrapatfer\src\finalwork\chelasinjection.tests2\bin\debug\chelasinjection.tests2.dll" id="19ea25b7-39b5-1dcf-59fc-6e8eaa2a7cad">
      <Execution id="4bd8d4b3-2144-4e22-9afe-302e46020107" />
      <TestMethod codeBase="H:/SPF/PROMPT11/PROMPT11-02-AdvancedProgramming.sandrapatfer/src/FinalWork/ChelasInjection.Tests2/bin/Debug/ChelasInjection.Tests2.DLL" adapterTypeName="Microsoft.VisualStudio.TestTools.TestTypes.Unit.UnitTestAdapter, Microsoft.VisualStudio.QualityTools.Tips.UnitTest.Adapter, Version=10.0.0.0, Culture=neutral, PublicKeyToken=b03f5f7f11d50a3a" className="ChelasInjection.Tests.UnitTest1, ChelasInjection.Tests2, Version=1.0.0.0, Culture=neutral, PublicKeyToken=null" name="ShouldHavePerRequestAsDefaultActivation" />
    </UnitTest>
    <UnitTest name="ShouldMaintainActivationEvenForSomeClass7ProvidedByCustomResolver" storage="h:\spf\prompt11\prompt11-02-advancedprogramming.sandrapatfer\src\finalwork\chelasinjection.tests2\bin\debug\chelasinjection.tests2.dll" id="77c4ee26-43df-d990-818c-b93181d9d426">
      <Execution id="a4ce3986-f387-43c7-9e52-05185c61af89" />
      <TestMethod codeBase="H:/SPF/PROMPT11/PROMPT11-02-AdvancedProgramming.sandrapatfer/src/FinalWork/ChelasInjection.Tests2/bin/Debug/ChelasInjection.Tests2.DLL" adapterTypeName="Microsoft.VisualStudio.TestTools.TestTypes.Unit.UnitTestAdapter, Microsoft.VisualStudio.QualityTools.Tips.UnitTest.Adapter, Version=10.0.0.0, Culture=neutral, PublicKeyToken=b03f5f7f11d50a3a" className="ChelasInjection.Tests.UnitTest1, ChelasInjection.Tests2, Version=1.0.0.0, Culture=neutral, PublicKeyToken=null" name="ShouldMaintainActivationEvenForSomeClass7ProvidedByCustomResolver" />
    </UnitTest>
    <UnitTest name="ShouldReturnSomeInterface7DefaultForSomeInterface7DependencyOnSomeClass14WithNoArgumentAttribute" storage="h:\spf\prompt11\prompt11-02-advancedprogramming.sandrapatfer\src\finalwork\chelasinjection.tests2\bin\debug\chelasinjection.tests2.dll" id="fb960a69-164e-b826-ab52-fd7d677561d6">
      <Execution id="b499975e-84f8-4ad4-8fa4-45200de35130" />
      <TestMethod codeBase="H:/SPF/PROMPT11/PROMPT11-02-AdvancedProgramming.sandrapatfer/src/FinalWork/ChelasInjection.Tests2/bin/Debug/ChelasInjection.Tests2.DLL" adapterTypeName="Microsoft.VisualStudio.TestTools.TestTypes.Unit.UnitTestAdapter, Microsoft.VisualStudio.QualityTools.Tips.UnitTest.Adapter, Version=10.0.0.0, Culture=neutral, PublicKeyToken=b03f5f7f11d50a3a" className="ChelasInjection.Tests.UnitTest1, ChelasInjection.Tests2, Version=1.0.0.0, Culture=neutral, PublicKeyToken=null" name="ShouldReturnSomeInterface7DefaultForSomeInterface7DependencyOnSomeClass14WithNoArgumentAttribute" />
    </UnitTest>
    <UnitTest name="ShouldUseTheLastConstructorDefinitionInOneBindForISomeInterface3" storage="h:\spf\prompt11\prompt11-02-advancedprogramming.sandrapatfer\src\finalwork\chelasinjection.tests2\bin\debug\chelasinjection.tests2.dll" id="fef9c989-3738-c8d2-2df9-720456409fe6">
      <Execution id="aac46ddb-ce52-4a28-a35e-5525053ce377" />
      <TestMethod codeBase="H:/SPF/PROMPT11/PROMPT11-02-AdvancedProgramming.sandrapatfer/src/FinalWork/ChelasInjection.Tests2/bin/Debug/ChelasInjection.Tests2.DLL" adapterTypeName="Microsoft.VisualStudio.TestTools.TestTypes.Unit.UnitTestAdapter, Microsoft.VisualStudio.QualityTools.Tips.UnitTest.Adapter, Version=10.0.0.0, Culture=neutral, PublicKeyToken=b03f5f7f11d50a3a" className="ChelasInjection.Tests.UnitTest1, ChelasInjection.Tests2, Version=1.0.0.0, Culture=neutral, PublicKeyToken=null" name="ShouldUseTheLastConstructorDefinitionInOneBindForISomeInterface3" />
    </UnitTest>
    <UnitTest name="ShouldHavePerRequestActivationForNotBoundClass8ButWithCustomResolverProvidedInstance" storage="h:\spf\prompt11\prompt11-02-advancedprogramming.sandrapatfer\src\finalwork\chelasinjection.tests2\bin\debug\chelasinjection.tests2.dll" id="83226284-881c-2a5e-6de7-8d09db6a6d08">
      <Execution id="317b3693-85da-49d6-a635-c1190e5d5848" />
      <TestMethod codeBase="H:/SPF/PROMPT11/PROMPT11-02-AdvancedProgramming.sandrapatfer/src/FinalWork/ChelasInjection.Tests2/bin/Debug/ChelasInjection.Tests2.DLL" adapterTypeName="Microsoft.VisualStudio.TestTools.TestTypes.Unit.UnitTestAdapter, Microsoft.VisualStudio.QualityTools.Tips.UnitTest.Adapter, Version=10.0.0.0, Culture=neutral, PublicKeyToken=b03f5f7f11d50a3a" className="ChelasInjection.Tests.UnitTest1, ChelasInjection.Tests2, Version=1.0.0.0, Culture=neutral, PublicKeyToken=null" name="ShouldHavePerRequestActivationForNotBoundClass8ButWithCustomResolverProvidedInstance" />
    </UnitTest>
    <UnitTest name="ShouldChooseTheConstructorAnotatedWithDefaulAttributeForISomeInterface5" storage="h:\spf\prompt11\prompt11-02-advancedprogramming.sandrapatfer\src\finalwork\chelasinjection.tests2\bin\debug\chelasinjection.tests2.dll" id="9a649419-67ea-379c-fb21-90bad3354097">
      <Execution id="54b140c3-d3f5-4237-ab82-6aa12972518f" />
      <TestMethod codeBase="H:/SPF/PROMPT11/PROMPT11-02-AdvancedProgramming.sandrapatfer/src/FinalWork/ChelasInjection.Tests2/bin/Debug/ChelasInjection.Tests2.DLL" adapterTypeName="Microsoft.VisualStudio.TestTools.TestTypes.Unit.UnitTestAdapter, Microsoft.VisualStudio.QualityTools.Tips.UnitTest.Adapter, Version=10.0.0.0, Culture=neutral, PublicKeyToken=b03f5f7f11d50a3a" className="ChelasInjection.Tests.UnitTest1, ChelasInjection.Tests2, Version=1.0.0.0, Culture=neutral, PublicKeyToken=null" name="ShouldChooseTheConstructorAnotatedWithDefaulAttributeForISomeInterface5" />
    </UnitTest>
  </TestDefinitions>
  <TestLists>
    <TestList name="Results Not in a List" id="8c84fa94-04c1-424b-9868-57a2d4851a1d" />
    <TestList name="All Loaded Results" id="19431567-8539-422a-85d7-44ee4e166bda" />
  </TestLists>
  <TestEntries>
    <TestEntry testId="0e1818d9-cc61-fd84-b00f-dc6e3addb7b2" executionId="9c1afb41-d0db-46ad-9b44-4d432f52296d" testListId="8c84fa94-04c1-424b-9868-57a2d4851a1d" />
    <TestEntry testId="0fb9d857-b22e-831c-2b38-70d77b06e36b" executionId="a9519a7f-6c90-43af-872e-e028cd9adbd6" testListId="8c84fa94-04c1-424b-9868-57a2d4851a1d" />
    <TestEntry testId="12c34159-a3d5-4e71-915d-5d2a9292a276" executionId="89d58721-6e0b-4bf2-84b4-0471ce5ed256" testListId="8c84fa94-04c1-424b-9868-57a2d4851a1d" />
    <TestEntry testId="12d69a01-353d-6243-926f-aae67310746f" executionId="0c9ef08e-4d29-48dd-a776-03917df235c1" testListId="8c84fa94-04c1-424b-9868-57a2d4851a1d" />
    <TestEntry testId="19ea25b7-39b5-1dcf-59fc-6e8eaa2a7cad" executionId="4bd8d4b3-2144-4e22-9afe-302e46020107" testListId="8c84fa94-04c1-424b-9868-57a2d4851a1d" />
    <TestEntry testId="203b2176-34be-f441-1eb4-ea8404ba4292" executionId="b8a2e258-f27f-44b1-abd3-21bcd8a5797a" testListId="8c84fa94-04c1-424b-9868-57a2d4851a1d" />
    <TestEntry testId="28b0781c-525f-79c7-0fe1-7f25197915d6" executionId="912d89dc-98c6-4ff3-b1ab-2a8689f63ac4" testListId="8c84fa94-04c1-424b-9868-57a2d4851a1d" />
    <TestEntry testId="2d574b83-6eb8-d38d-596f-4dbdcb30b343" executionId="75112175-bf11-42d8-8bf8-d7059a49a3c9" testListId="8c84fa94-04c1-424b-9868-57a2d4851a1d" />
    <TestEntry testId="2dbe1cb0-1300-91d9-d83a-4537ac6ebaeb" executionId="0db4b5f1-859e-4e69-abc7-6eb492affbbc" testListId="8c84fa94-04c1-424b-9868-57a2d4851a1d" />
    <TestEntry testId="343e2330-020f-ca29-0724-95104f785584" executionId="dc78120b-c27b-4ce1-9059-dd1b5cb52d27" testListId="8c84fa94-04c1-424b-9868-57a2d4851a1d" />
    <TestEntry testId="4ff804d2-0826-4eee-5faa-2c0b05eada64" executionId="8c4312f2-00c2-4df3-9307-62060d2b6d02" testListId="8c84fa94-04c1-424b-9868-57a2d4851a1d" />
    <TestEntry testId="55e104c0-88fa-628e-eff2-a03a25d5724b" executionId="907a75d2-dfb4-408d-b76a-20c9491b196b" testListId="8c84fa94-04c1-424b-9868-57a2d4851a1d" />
    <TestEntry testId="656d7ed8-51e6-ac9e-3238-7d523d24fb7f" executionId="fb56aba0-8fd3-40bc-bd01-2137590e2357" testListId="8c84fa94-04c1-424b-9868-57a2d4851a1d" />
    <TestEntry testId="67be36d0-e847-5d39-b115-e4c98c1d269a" executionId="342a8973-1f8e-4c02-87d0-6926da603c7f" testListId="8c84fa94-04c1-424b-9868-57a2d4851a1d" />
    <TestEntry testId="69ed810d-5677-1ec5-22fa-3be6e29a4af5" executionId="ac1ad318-ea44-4369-a6a1-ce145189cee1" testListId="8c84fa94-04c1-424b-9868-57a2d4851a1d" />
    <TestEntry testId="771b46f7-fec5-a01b-e7d5-50ec03f005a0" executionId="c771f7ef-57a7-4ba6-8cbf-5a4703839ace" testListId="8c84fa94-04c1-424b-9868-57a2d4851a1d" />
    <TestEntry testId="77c4ee26-43df-d990-818c-b93181d9d426" executionId="a4ce3986-f387-43c7-9e52-05185c61af89" testListId="8c84fa94-04c1-424b-9868-57a2d4851a1d" />
    <TestEntry testId="799df84a-d0f7-d582-afb8-66d314142c52" executionId="4c709b58-dc87-44dc-94a7-2f3018df0654" testListId="8c84fa94-04c1-424b-9868-57a2d4851a1d" />
    <TestEntry testId="83226284-881c-2a5e-6de7-8d09db6a6d08" executionId="317b3693-85da-49d6-a635-c1190e5d5848" testListId="8c84fa94-04c1-424b-9868-57a2d4851a1d" />
    <TestEntry testId="8557c812-6de1-9709-80ad-f04c0594564d" executionId="5a0c504e-9b51-478a-b6fa-36cfa161f3c1" testListId="8c84fa94-04c1-424b-9868-57a2d4851a1d" />
    <TestEntry testId="8a4b3c7d-7572-49a8-20e7-b97ba68832af" executionId="fd437d75-b7a9-4015-9986-157f2e8a115c" testListId="8c84fa94-04c1-424b-9868-57a2d4851a1d" />
    <TestEntry testId="950830c6-0f4f-8968-2d6c-fa6b82ea8ddc" executionId="413ba953-3d11-48ce-9b23-bd622f45ae38" testListId="8c84fa94-04c1-424b-9868-57a2d4851a1d" />
    <TestEntry testId="992fa773-e39d-6e61-1a30-6e747e297c53" executionId="4ba85769-df34-4066-aee7-607e8d6679e0" testListId="8c84fa94-04c1-424b-9868-57a2d4851a1d" />
    <TestEntry testId="9a649419-67ea-379c-fb21-90bad3354097" executionId="54b140c3-d3f5-4237-ab82-6aa12972518f" testListId="8c84fa94-04c1-424b-9868-57a2d4851a1d" />
    <TestEntry testId="9b0c2864-875b-7395-9439-5c60eee626cf" executionId="01fc77c6-c7d1-4b13-9336-58548e529959" testListId="8c84fa94-04c1-424b-9868-57a2d4851a1d" />
    <TestEntry testId="a8d53dff-3b7a-8a6d-08b4-ec3ef7866c7b" executionId="e2922d9b-8ca4-4d04-8173-4dd2885c8030" testListId="8c84fa94-04c1-424b-9868-57a2d4851a1d" />
    <TestEntry testId="aff7ce77-7373-e91c-38d4-a2cc7eff8eb9" executionId="b3bfbf6e-1b5a-4eb9-acbb-232e9e79a4df" testListId="8c84fa94-04c1-424b-9868-57a2d4851a1d" />
    <TestEntry testId="b1dae230-0702-1c38-61e9-e91d35c3e828" executionId="cefb8e38-3479-41ca-a785-dac179e52882" testListId="8c84fa94-04c1-424b-9868-57a2d4851a1d" />
    <TestEntry testId="badb261c-79e1-f2d7-f803-19e335e6a24b" executionId="ef8c2ff4-5094-4f5e-bea1-3e391bb82d06" testListId="8c84fa94-04c1-424b-9868-57a2d4851a1d" />
    <TestEntry testId="c43435fc-d314-f391-46cd-d23dbed660d5" executionId="11538ac6-2e8b-48af-aaaa-62e6b02c6909" testListId="8c84fa94-04c1-424b-9868-57a2d4851a1d" />
    <TestEntry testId="e858f66b-5ff7-80c7-d0f2-04868ce086ed" executionId="0a34f64a-717c-410d-92a0-bf137682e170" testListId="8c84fa94-04c1-424b-9868-57a2d4851a1d" />
    <TestEntry testId="f3af9dd6-57e5-e2ea-f6d2-38630ed06ba9" executionId="8b4c9cc7-6ca0-4f2d-90f5-c760466009db" testListId="8c84fa94-04c1-424b-9868-57a2d4851a1d" />
    <TestEntry testId="f9b93fa6-b71a-f71d-284d-5bec026536ee" executionId="6c3f5558-87d5-43ec-9efa-3d519a6421fe" testListId="8c84fa94-04c1-424b-9868-57a2d4851a1d" />
    <TestEntry testId="fb960a69-164e-b826-ab52-fd7d677561d6" executionId="b499975e-84f8-4ad4-8fa4-45200de35130" testListId="8c84fa94-04c1-424b-9868-57a2d4851a1d" />
    <TestEntry testId="fef9c989-3738-c8d2-2df9-720456409fe6" executionId="aac46ddb-ce52-4a28-a35e-5525053ce377" testListId="8c84fa94-04c1-424b-9868-57a2d4851a1d" />
  </TestEntries>
  <Results>
    <UnitTestResult executionId="9c1afb41-d0db-46ad-9b44-4d432f52296d" testId="0e1818d9-cc61-fd84-b00f-dc6e3addb7b2" testName="TestMethod1" computerName="TICHINHA" duration="00:00:00.0232514" startTime="2011-06-23T17:24:44.3882469+01:00" endTime="2011-06-23T17:24:44.5754472+01:00" testType="13cdc9d9-ddb5-4fa4-a97d-d965ccfc6d4b" outcome="Passed" testListId="8c84fa94-04c1-424b-9868-57a2d4851a1d" relativeResultsDirectory="9c1afb41-d0db-46ad-9b44-4d432f52296d">
    </UnitTestResult>
    <UnitTestResult executionId="a9519a7f-6c90-43af-872e-e028cd9adbd6" testId="0fb9d857-b22e-831c-2b38-70d77b06e36b" testName="ShouldReturnSomeInterface7And8RedForSomeInterface8RequestWhenSelectionAttributeIsdefined" computerName="TICHINHA" duration="00:00:00.0145844" startTime="2011-06-23T17:24:44.5754472+01:00" endTime="2011-06-23T17:24:44.5910473+01:00" testType="13cdc9d9-ddb5-4fa4-a97d-d965ccfc6d4b" outcome="Failed" testListId="8c84fa94-04c1-424b-9868-57a2d4851a1d" relativeResultsDirectory="a9519a7f-6c90-43af-872e-e028cd9adbd6">
      <Output>
        <ErrorInfo>
          <Message>Test method ChelasInjection.Tests.UnitTest1.ShouldReturnSomeInterface7And8RedForSomeInterface8RequestWhenSelectionAttributeIsdefined threw exception: 
System.NullReferenceException: Object reference not set to an instance of an object.</Message>
          <StackTrace>    at ChelasInjection.Binder.TypeConfigHandler.AttributeConfig(Type attrType) in H:\SPF\PROMPT11\PROMPT11-02-AdvancedProgramming.sandrapatfer\src\FinalWork\ChelasInjection\Binder\TypeConfigHandler.cs:line 48
   at ChelasInjection.Injector.InstanceManager.GetBinderConfig(TypeIndex tIndex) in H:\SPF\PROMPT11\PROMPT11-02-AdvancedProgramming.sandrapatfer\src\FinalWork\ChelasInjection\Injector\InstanceManager.cs:line 258
   at ChelasInjection.Injector.InstanceManager.GetInstance(TypeIndex tIndex) in H:\SPF\PROMPT11\PROMPT11-02-AdvancedProgramming.sandrapatfer\src\FinalWork\ChelasInjection\Injector\InstanceManager.cs:line 48
   at ChelasInjection.Injector.InstanceManager.GetInstance[T,TA]() in H:\SPF\PROMPT11\PROMPT11-02-AdvancedProgramming.sandrapatfer\src\FinalWork\ChelasInjection\Injector\InstanceManager.cs:line 38
   at ChelasInjection.Injector.GetInstance[T,TA]() in H:\SPF\PROMPT11\PROMPT11-02-AdvancedProgramming.sandrapatfer\src\FinalWork\ChelasInjection\Injector\Injector.cs:line 24
   at ChelasInjection.Tests.UnitTest1.ShouldReturnSomeInterface7And8RedForSomeInterface8RequestWhenSelectionAttributeIsdefined() in H:\SPF\PROMPT11\PROMPT11-02-AdvancedProgramming.sandrapatfer\src\FinalWork\ChelasInjection.Tests2\UnitTest1.cs:line 504
</StackTrace>
        </ErrorInfo>
      </Output>
    </UnitTestResult>
    <UnitTestResult executionId="89d58721-6e0b-4bf2-84b4-0471ce5ed256" testId="12c34159-a3d5-4e71-915d-5d2a9292a276" testName="ShouldHaveSingletonActivationForSomeClass7CustomResolverProvidedInstances" computerName="TICHINHA" duration="00:00:00.0042818" startTime="2011-06-23T17:24:44.5910473+01:00" endTime="2011-06-23T17:24:44.5910473+01:00" testType="13cdc9d9-ddb5-4fa4-a97d-d965ccfc6d4b" outcome="Passed" testListId="8c84fa94-04c1-424b-9868-57a2d4851a1d" relativeResultsDirectory="89d58721-6e0b-4bf2-84b4-0471ce5ed256">
    </UnitTestResult>
    <UnitTestResult executionId="0c9ef08e-4d29-48dd-a776-03917df235c1" testId="12d69a01-353d-6243-926f-aae67310746f" testName="ShouldCreateASomeInterface3ImplInstanceForISomeInterface2RequestAndAlsoCreateItsDependencies" computerName="TICHINHA" duration="00:00:00.0092363" startTime="2011-06-23T17:24:44.5910473+01:00" endTime="2011-06-23T17:24:44.6066473+01:00" testType="13cdc9d9-ddb5-4fa4-a97d-d965ccfc6d4b" outcome="Passed" testListId="8c84fa94-04c1-424b-9868-57a2d4851a1d" relativeResultsDirectory="0c9ef08e-4d29-48dd-a776-03917df235c1">
    </UnitTestResult>
    <UnitTestResult executionId="4bd8d4b3-2144-4e22-9afe-302e46020107" testId="19ea25b7-39b5-1dcf-59fc-6e8eaa2a7cad" testName="ShouldHavePerRequestAsDefaultActivation" computerName="TICHINHA" duration="00:00:00.0002126" startTime="2011-06-23T17:24:44.6066473+01:00" endTime="2011-06-23T17:24:44.6066473+01:00" testType="13cdc9d9-ddb5-4fa4-a97d-d965ccfc6d4b" outcome="Passed" testListId="8c84fa94-04c1-424b-9868-57a2d4851a1d" relativeResultsDirectory="4bd8d4b3-2144-4e22-9afe-302e46020107">
    </UnitTestResult>
    <UnitTestResult executionId="b8a2e258-f27f-44b1-abd3-21bcd8a5797a" testId="203b2176-34be-f441-1eb4-ea8404ba4292" testName="ShouldHaveDefautActivationOnDependencies" computerName="TICHINHA" duration="00:00:00.0002927" startTime="2011-06-23T17:24:44.6066473+01:00" endTime="2011-06-23T17:24:44.6222473+01:00" testType="13cdc9d9-ddb5-4fa4-a97d-d965ccfc6d4b" outcome="Passed" testListId="8c84fa94-04c1-424b-9868-57a2d4851a1d" relativeResultsDirectory="b8a2e258-f27f-44b1-abd3-21bcd8a5797a">
    </UnitTestResult>
    <UnitTestResult executionId="912d89dc-98c6-4ff3-b1ab-2a8689f63ac4" testId="28b0781c-525f-79c7-0fe1-7f25197915d6" testName="ShouldThrowCircularDependencyExceptionOnInstantiationForSomeClass1" computerName="TICHINHA" duration="00:00:00.0005823" startTime="2011-06-23T17:24:44.6222473+01:00" endTime="2011-06-23T17:24:44.6222473+01:00" testType="13cdc9d9-ddb5-4fa4-a97d-d965ccfc6d4b" outcome="Passed" testListId="8c84fa94-04c1-424b-9868-57a2d4851a1d" relativeResultsDirectory="912d89dc-98c6-4ff3-b1ab-2a8689f63ac4">
    </UnitTestResult>
    <UnitTestResult executionId="75112175-bf11-42d8-8bf8-d7059a49a3c9" testId="2d574b83-6eb8-d38d-596f-4dbdcb30b343" testName="ShouldCreateASomeInterface2ImplInstanceForISomeInterface2RequestAndAlsoCreateItsDependencies" computerName="TICHINHA" duration="00:00:00.0002444" startTime="2011-06-23T17:24:44.6222473+01:00" endTime="2011-06-23T17:24:44.6222473+01:00" testType="13cdc9d9-ddb5-4fa4-a97d-d965ccfc6d4b" outcome="Passed" testListId="8c84fa94-04c1-424b-9868-57a2d4851a1d" relativeResultsDirectory="75112175-bf11-42d8-8bf8-d7059a49a3c9">
    </UnitTestResult>
    <UnitTestResult executionId="0db4b5f1-859e-4e69-abc7-6eb492affbbc" testId="2dbe1cb0-1300-91d9-d83a-4537ac6ebaeb" testName="ShouldReturnSomeInterface7DefaultForSomeInterface7DependencyOnSomeClass13WithNotConfiguredBlackAttribute" computerName="TICHINHA" duration="00:00:00.0026887" startTime="2011-06-23T17:24:44.6222473+01:00" endTime="2011-06-23T17:24:44.6378473+01:00" testType="13cdc9d9-ddb5-4fa4-a97d-d965ccfc6d4b" outcome="Failed" testListId="8c84fa94-04c1-424b-9868-57a2d4851a1d" relativeResultsDirectory="0db4b5f1-859e-4e69-abc7-6eb492affbbc">
      <Output>
        <ErrorInfo>
          <Message>Test method ChelasInjection.Tests.UnitTest1.ShouldReturnSomeInterface7DefaultForSomeInterface7DependencyOnSomeClass13WithNotConfiguredBlackAttribute threw exception: 
ChelasInjection.Exceptions.UnboundTypeException: Exception of type 'ChelasInjection.Exceptions.UnboundTypeException' was thrown.</Message>
          <StackTrace>    at ChelasInjection.Binder.TypeConfigHandler.AttributeConfig(Type attrType) in H:\SPF\PROMPT11\PROMPT11-02-AdvancedProgramming.sandrapatfer\src\FinalWork\ChelasInjection\Binder\TypeConfigHandler.cs:line 54
   at ChelasInjection.Injector.InstanceManager.GetBinderConfig(TypeIndex tIndex) in H:\SPF\PROMPT11\PROMPT11-02-AdvancedProgramming.sandrapatfer\src\FinalWork\ChelasInjection\Injector\InstanceManager.cs:line 258
   at ChelasInjection.Injector.InstanceManager.GetInstance(TypeIndex tIndex) in H:\SPF\PROMPT11\PROMPT11-02-AdvancedProgramming.sandrapatfer\src\FinalWork\ChelasInjection\Injector\InstanceManager.cs:line 48
   at ChelasInjection.Injector.InstanceManager.&lt;FunctionForBuildingParameters&gt;b__1d(ParameterInfo p) in H:\SPF\PROMPT11\PROMPT11-02-AdvancedProgramming.sandrapatfer\src\FinalWork\ChelasInjection\Injector\InstanceManager.cs:line 203
   at System.Linq.Enumerable.WhereSelectArrayIterator`2.MoveNext()
   at System.Linq.Buffer`1..ctor(IEnumerable`1 source)
   at System.Linq.Enumerable.ToArray[TSource](IEnumerable`1 source)
   at ChelasInjection.Injector.InstanceManager.&lt;FunctionForBuildingParameters&gt;b__1c(ConstructorInfo constructor) in H:\SPF\PROMPT11\PROMPT11-02-AdvancedProgramming.sandrapatfer\src\FinalWork\ChelasInjection\Injector\InstanceManager.cs:line 203
   at ChelasInjection.Injector.InstanceManager.CreateObjectWithConstructor(ConstructorInfo constructor, Func`2 parameters) in H:\SPF\PROMPT11\PROMPT11-02-AdvancedProgramming.sandrapatfer\src\FinalWork\ChelasInjection\Injector\InstanceManager.cs:line 193
   at ChelasInjection.Injector.InstanceManager.&lt;&gt;c__DisplayClassc.&lt;GetInstanceFromConfig&gt;b__2() in H:\SPF\PROMPT11\PROMPT11-02-AdvancedProgramming.sandrapatfer\src\FinalWork\ChelasInjection\Injector\InstanceManager.cs:line 84
   at ChelasInjection.Injector.InstanceManager.ProtectObjectCreation(TypeIndex tIndex, Func`1 creationFunc, Action`1 additionalAction) in H:\SPF\PROMPT11\PROMPT11-02-AdvancedProgramming.sandrapatfer\src\FinalWork\ChelasInjection\Injector\InstanceManager.cs:line 108
   at ChelasInjection.Injector.InstanceManager.GetInstanceFromConfig(TypeIndex tIndex, BaseTypeConfig tConfig) in H:\SPF\PROMPT11\PROMPT11-02-AdvancedProgramming.sandrapatfer\src\FinalWork\ChelasInjection\Injector\InstanceManager.cs:line 84
   at ChelasInjection.Injector.InstanceManager.GetInstance(TypeIndex tIndex) in H:\SPF\PROMPT11\PROMPT11-02-AdvancedProgramming.sandrapatfer\src\FinalWork\ChelasInjection\Injector\InstanceManager.cs:line 66
   at ChelasInjection.Injector.InstanceManager.GetInstance[T]() in H:\SPF\PROMPT11\PROMPT11-02-AdvancedProgramming.sandrapatfer\src\FinalWork\ChelasInjection\Injector\InstanceManager.cs:line 32
   at ChelasInjection.Injector.GetInstance[T]() in H:\SPF\PROMPT11\PROMPT11-02-AdvancedProgramming.sandrapatfer\src\FinalWork\ChelasInjection\Injector\Injector.cs:line 19
   at ChelasInjection.Tests.UnitTest1.ShouldReturnSomeInterface7DefaultForSomeInterface7DependencyOnSomeClass13WithNotConfiguredBlackAttribute() in H:\SPF\PROMPT11\PROMPT11-02-AdvancedProgramming.sandrapatfer\src\FinalWork\ChelasInjection.Tests2\UnitTest1.cs:line 438
</StackTrace>
        </ErrorInfo>
      </Output>
    </UnitTestResult>
    <UnitTestResult executionId="dc78120b-c27b-4ce1-9059-dd1b5cb52d27" testId="343e2330-020f-ca29-0724-95104f785584" testName="ShouldThrowUnboundExceptionForISomeInterface8Request" computerName="TICHINHA" duration="00:00:00.0015443" startTime="2011-06-23T17:24:44.6378473+01:00" endTime="2011-06-23T17:24:44.6378473+01:00" testType="13cdc9d9-ddb5-4fa4-a97d-d965ccfc6d4b" outcome="Failed" testListId="8c84fa94-04c1-424b-9868-57a2d4851a1d" relativeResultsDirectory="dc78120b-c27b-4ce1-9059-dd1b5cb52d27">
      <Output>
        <ErrorInfo>
          <Message>Test method ChelasInjection.Tests.UnitTest1.ShouldThrowUnboundExceptionForISomeInterface8Request did not throw expected exception ChelasInjection.Exceptions.UnboundTypeException.</Message>
        </ErrorInfo>
      </Output>
    </UnitTestResult>
    <UnitTestResult executionId="8c4312f2-00c2-4df3-9307-62060d2b6d02" testId="4ff804d2-0826-4eee-5faa-2c0b05eada64" testName="ShouldCreateASomeClass9InstanceForSomeClass9RequestWithSelfBindConfiguration" computerName="TICHINHA" duration="00:00:00.0002566" startTime="2011-06-23T17:24:44.6378473+01:00" endTime="2011-06-23T17:24:44.6378473+01:00" testType="13cdc9d9-ddb5-4fa4-a97d-d965ccfc6d4b" outcome="Passed" testListId="8c84fa94-04c1-424b-9868-57a2d4851a1d" relativeResultsDirectory="8c4312f2-00c2-4df3-9307-62060d2b6d02">
    </UnitTestResult>
    <UnitTestResult executionId="907a75d2-dfb4-408d-b76a-20c9491b196b" testId="55e104c0-88fa-628e-eff2-a03a25d5724b" testName="ShouldReturnSomeInterface7And8RedForSomeInterface7RequestWhenSelectionAttributeIsdefined" computerName="TICHINHA" duration="00:00:00.0002248" startTime="2011-06-23T17:24:44.6378473+01:00" endTime="2011-06-23T17:24:44.6378473+01:00" testType="13cdc9d9-ddb5-4fa4-a97d-d965ccfc6d4b" outcome="Passed" testListId="8c84fa94-04c1-424b-9868-57a2d4851a1d" relativeResultsDirectory="907a75d2-dfb4-408d-b76a-20c9491b196b">
    </UnitTestResult>
    <UnitTestResult executionId="fb56aba0-8fd3-40bc-bd01-2137590e2357" testId="656d7ed8-51e6-ac9e-3238-7d523d24fb7f" testName="ShouldThrowUnboundTypeExceptionForAnUnboundAbstractType" computerName="TICHINHA" duration="00:00:00.0003896" startTime="2011-06-23T17:24:44.6378473+01:00" endTime="2011-06-23T17:24:44.6534474+01:00" testType="13cdc9d9-ddb5-4fa4-a97d-d965ccfc6d4b" outcome="Passed" testListId="8c84fa94-04c1-424b-9868-57a2d4851a1d" relativeResultsDirectory="fb56aba0-8fd3-40bc-bd01-2137590e2357">
    </UnitTestResult>
    <UnitTestResult executionId="342a8973-1f8e-4c02-87d0-6926da603c7f" testId="67be36d0-e847-5d39-b115-e4c98c1d269a" testName="ShouldChooseSomeInterface10YellowImplementationForDependencyOnSomeClass12" computerName="TICHINHA" duration="00:00:00.0006011" startTime="2011-06-23T17:24:44.6534474+01:00" endTime="2011-06-23T17:24:44.6534474+01:00" testType="13cdc9d9-ddb5-4fa4-a97d-d965ccfc6d4b" outcome="Passed" testListId="8c84fa94-04c1-424b-9868-57a2d4851a1d" relativeResultsDirectory="342a8973-1f8e-4c02-87d0-6926da603c7f">
    </UnitTestResult>
    <UnitTestResult executionId="ac1ad318-ea44-4369-a6a1-ce145189cee1" testId="69ed810d-5677-1ec5-22fa-3be6e29a4af5" testName="ShouldCreateASomeInterface1ImplInstanceForISomeInterface1Request" computerName="TICHINHA" duration="00:00:00.0001907" startTime="2011-06-23T17:24:44.6534474+01:00" endTime="2011-06-23T17:24:44.6534474+01:00" testType="13cdc9d9-ddb5-4fa4-a97d-d965ccfc6d4b" outcome="Passed" testListId="8c84fa94-04c1-424b-9868-57a2d4851a1d" relativeResultsDirectory="ac1ad318-ea44-4369-a6a1-ce145189cee1">
    </UnitTestResult>
    <UnitTestResult executionId="c771f7ef-57a7-4ba6-8cbf-5a4703839ace" testId="771b46f7-fec5-a01b-e7d5-50ec03f005a0" testName="ShouldExecuteInitializationExpressionForISomeInterface2Impl" computerName="TICHINHA" duration="00:00:00.0003344" startTime="2011-06-23T17:24:44.6534474+01:00" endTime="2011-06-23T17:24:44.6534474+01:00" testType="13cdc9d9-ddb5-4fa4-a97d-d965ccfc6d4b" outcome="Passed" testListId="8c84fa94-04c1-424b-9868-57a2d4851a1d" relativeResultsDirectory="c771f7ef-57a7-4ba6-8cbf-5a4703839ace">
    </UnitTestResult>
    <UnitTestResult executionId="a4ce3986-f387-43c7-9e52-05185c61af89" testId="77c4ee26-43df-d990-818c-b93181d9d426" testName="ShouldMaintainActivationEvenForSomeClass7ProvidedByCustomResolver" computerName="TICHINHA" duration="00:00:00.0001712" startTime="2011-06-23T17:24:44.6534474+01:00" endTime="2011-06-23T17:24:44.6690474+01:00" testType="13cdc9d9-ddb5-4fa4-a97d-d965ccfc6d4b" outcome="Passed" testListId="8c84fa94-04c1-424b-9868-57a2d4851a1d" relativeResultsDirectory="a4ce3986-f387-43c7-9e52-05185c61af89">
    </UnitTestResult>
    <UnitTestResult executionId="4c709b58-dc87-44dc-94a7-2f3018df0654" testId="799df84a-d0f7-d582-afb8-66d314142c52" testName="ShouldChooseTheCorrectConstructorWhenWithConstructorOperatorIsUsedForISomeInterface2" computerName="TICHINHA" duration="00:00:00.0004153" startTime="2011-06-23T17:24:44.6690474+01:00" endTime="2011-06-23T17:24:44.6690474+01:00" testType="13cdc9d9-ddb5-4fa4-a97d-d965ccfc6d4b" outcome="Passed" testListId="8c84fa94-04c1-424b-9868-57a2d4851a1d" relativeResultsDirectory="4c709b58-dc87-44dc-94a7-2f3018df0654">
    </UnitTestResult>
    <UnitTestResult executionId="317b3693-85da-49d6-a635-c1190e5d5848" testId="83226284-881c-2a5e-6de7-8d09db6a6d08" testName="ShouldHavePerRequestActivationForNotBoundClass8ButWithCustomResolverProvidedInstance" computerName="TICHINHA" duration="00:00:00.0005670" startTime="2011-06-23T17:24:44.6690474+01:00" endTime="2011-06-23T17:24:44.6690474+01:00" testType="13cdc9d9-ddb5-4fa4-a97d-d965ccfc6d4b" outcome="Passed" testListId="8c84fa94-04c1-424b-9868-57a2d4851a1d" relativeResultsDirectory="317b3693-85da-49d6-a635-c1190e5d5848">
    </UnitTestResult>
    <UnitTestResult executionId="5a0c504e-9b51-478a-b6fa-36cfa161f3c1" testId="8557c812-6de1-9709-80ad-f04c0594564d" testName="ShouldGivePriorirtyToCustomResolverAlthoughSomeClass7IsBound" computerName="TICHINHA" duration="00:00:00.0002130" startTime="2011-06-23T17:24:44.6690474+01:00" endTime="2011-06-23T17:24:44.6690474+01:00" testType="13cdc9d9-ddb5-4fa4-a97d-d965ccfc6d4b" outcome="Passed" testListId="8c84fa94-04c1-424b-9868-57a2d4851a1d" relativeResultsDirectory="5a0c504e-9b51-478a-b6fa-36cfa161f3c1">
    </UnitTestResult>
    <UnitTestResult executionId="fd437d75-b7a9-4015-9986-157f2e8a115c" testId="8a4b3c7d-7572-49a8-20e7-b97ba68832af" testName="ShouldUseTheLastBindForISomeInterface4" computerName="TICHINHA" duration="00:00:00.0004570" startTime="2011-06-23T17:24:44.6690474+01:00" endTime="2011-06-23T17:24:44.6690474+01:00" testType="13cdc9d9-ddb5-4fa4-a97d-d965ccfc6d4b" outcome="Passed" testListId="8c84fa94-04c1-424b-9868-57a2d4851a1d" relativeResultsDirectory="fd437d75-b7a9-4015-9986-157f2e8a115c">
    </UnitTestResult>
    <UnitTestResult executionId="413ba953-3d11-48ce-9b23-bd622f45ae38" testId="950830c6-0f4f-8968-2d6c-fa6b82ea8ddc" testName="ShouldHaveSingletonActivationForISomeInterface3Request" computerName="TICHINHA" duration="00:00:00.0002317" startTime="2011-06-23T17:24:44.6846474+01:00" endTime="2011-06-23T17:24:44.6846474+01:00" testType="13cdc9d9-ddb5-4fa4-a97d-d965ccfc6d4b" outcome="Passed" testListId="8c84fa94-04c1-424b-9868-57a2d4851a1d" relativeResultsDirectory="413ba953-3d11-48ce-9b23-bd622f45ae38">
    </UnitTestResult>
    <UnitTestResult executionId="4ba85769-df34-4066-aee7-607e8d6679e0" testId="992fa773-e39d-6e61-1a30-6e747e297c53" testName="ShouldReturnSomeClass6NotBoundAndCreatedByTheCustomResolver" computerName="TICHINHA" duration="00:00:00.0001731" startTime="2011-06-23T17:24:44.6846474+01:00" endTime="2011-06-23T17:24:44.6846474+01:00" testType="13cdc9d9-ddb5-4fa4-a97d-d965ccfc6d4b" outcome="Passed" testListId="8c84fa94-04c1-424b-9868-57a2d4851a1d" relativeResultsDirectory="4ba85769-df34-4066-aee7-607e8d6679e0">
    </UnitTestResult>
    <UnitTestResult executionId="54b140c3-d3f5-4237-ab82-6aa12972518f" testId="9a649419-67ea-379c-fb21-90bad3354097" testName="ShouldChooseTheConstructorAnotatedWithDefaulAttributeForISomeInterface5" computerName="TICHINHA" duration="00:00:00.0004903" startTime="2011-06-23T17:24:44.6846474+01:00" endTime="2011-06-23T17:24:44.6846474+01:00" testType="13cdc9d9-ddb5-4fa4-a97d-d965ccfc6d4b" outcome="Passed" testListId="8c84fa94-04c1-424b-9868-57a2d4851a1d" relativeResultsDirectory="54b140c3-d3f5-4237-ab82-6aa12972518f">
    </UnitTestResult>
    <UnitTestResult executionId="01fc77c6-c7d1-4b13-9336-58548e529959" testId="9b0c2864-875b-7395-9439-5c60eee626cf" testName="ShouldChooseTheConstructorWithMoreBindedArgumenstByDefault" computerName="TICHINHA" duration="00:00:00.0002206" startTime="2011-06-23T17:24:44.6846474+01:00" endTime="2011-06-23T17:24:44.6846474+01:00" testType="13cdc9d9-ddb5-4fa4-a97d-d965ccfc6d4b" outcome="Passed" testListId="8c84fa94-04c1-424b-9868-57a2d4851a1d" relativeResultsDirectory="01fc77c6-c7d1-4b13-9336-58548e529959">
    </UnitTestResult>
    <UnitTestResult executionId="e2922d9b-8ca4-4d04-8173-4dd2885c8030" testId="a8d53dff-3b7a-8a6d-08b4-ec3ef7866c7b" testName="ShouldChooseTheNoArgumentsConstructorWhenNoArgumentsConstructorOperatorIsUsedForISomeInterface1" computerName="TICHINHA" duration="00:00:00.0001394" startTime="2011-06-23T17:24:44.6846474+01:00" endTime="2011-06-23T17:24:44.7002474+01:00" testType="13cdc9d9-ddb5-4fa4-a97d-d965ccfc6d4b" outcome="Passed" testListId="8c84fa94-04c1-424b-9868-57a2d4851a1d" relativeResultsDirectory="e2922d9b-8ca4-4d04-8173-4dd2885c8030">
    </UnitTestResult>
    <UnitTestResult executionId="b3bfbf6e-1b5a-4eb9-acbb-232e9e79a4df" testId="aff7ce77-7373-e91c-38d4-a2cc7eff8eb9" testName="ShouldCreateASomeClass4InstanceForSomeClass4Request" computerName="TICHINHA" duration="00:00:00.0003122" startTime="2011-06-23T17:24:44.7002474+01:00" endTime="2011-06-23T17:24:44.7002474+01:00" testType="13cdc9d9-ddb5-4fa4-a97d-d965ccfc6d4b" outcome="Passed" testListId="8c84fa94-04c1-424b-9868-57a2d4851a1d" relativeResultsDirectory="b3bfbf6e-1b5a-4eb9-acbb-232e9e79a4df">
    </UnitTestResult>
    <UnitTestResult executionId="cefb8e38-3479-41ca-a785-dac179e52882" testId="b1dae230-0702-1c38-61e9-e91d35c3e828" testName="ShouldHavePerCallActivationForDependenciesISomeInterface3Instances" computerName="TICHINHA" duration="00:00:00.0002264" startTime="2011-06-23T17:24:44.7002474+01:00" endTime="2011-06-23T17:24:44.7002474+01:00" testType="13cdc9d9-ddb5-4fa4-a97d-d965ccfc6d4b" outcome="Passed" testListId="8c84fa94-04c1-424b-9868-57a2d4851a1d" relativeResultsDirectory="cefb8e38-3479-41ca-a785-dac179e52882">
    </UnitTestResult>
    <UnitTestResult executionId="ef8c2ff4-5094-4f5e-bea1-3e391bb82d06" testId="badb261c-79e1-f2d7-f803-19e335e6a24b" testName="ShouldThrowMultipleDefaultConstructorAttributesExceptionWhenForSomeClass10BecauseHasMultipleConstructorsWithDefaultConstructorAttribute" computerName="TICHINHA" duration="00:00:00.0009528" startTime="2011-06-23T17:24:44.7002474+01:00" endTime="2011-06-23T17:24:44.7002474+01:00" testType="13cdc9d9-ddb5-4fa4-a97d-d965ccfc6d4b" outcome="Failed" testListId="8c84fa94-04c1-424b-9868-57a2d4851a1d" relativeResultsDirectory="ef8c2ff4-5094-4f5e-bea1-3e391bb82d06">
      <Output>
        <ErrorInfo>
          <Message>Test method ChelasInjection.Tests.UnitTest1.ShouldThrowMultipleDefaultConstructorAttributesExceptionWhenForSomeClass10BecauseHasMultipleConstructorsWithDefaultConstructorAttribute did not throw expected exception ChelasInjection.Exceptions.MultipleDefaultConstructorAttributesException.</Message>
        </ErrorInfo>
      </Output>
    </UnitTestResult>
    <UnitTestResult executionId="11538ac6-2e8b-48af-aaaa-62e6b02c6909" testId="c43435fc-d314-f391-46cd-d23dbed660d5" testName="ShouldReturnSomeInterface7DefaultForSomeInterface7RequestWhenNoSelectionAttributeIsdefined" computerName="TICHINHA" duration="00:00:00.0002766" startTime="2011-06-23T17:24:44.7002474+01:00" endTime="2011-06-23T17:24:44.7158475+01:00" testType="13cdc9d9-ddb5-4fa4-a97d-d965ccfc6d4b" outcome="Passed" testListId="8c84fa94-04c1-424b-9868-57a2d4851a1d" relativeResultsDirectory="11538ac6-2e8b-48af-aaaa-62e6b02c6909">
    </UnitTestResult>
    <UnitTestResult executionId="0a34f64a-717c-410d-92a0-bf137682e170" testId="e858f66b-5ff7-80c7-d0f2-04868ce086ed" testName="ShouldHavePerRequestActivationForISomeInterface2Request" computerName="TICHINHA" duration="00:00:00.0002080" startTime="2011-06-23T17:24:44.7158475+01:00" endTime="2011-06-23T17:24:44.7158475+01:00" testType="13cdc9d9-ddb5-4fa4-a97d-d965ccfc6d4b" outcome="Passed" testListId="8c84fa94-04c1-424b-9868-57a2d4851a1d" relativeResultsDirectory="0a34f64a-717c-410d-92a0-bf137682e170">
    </UnitTestResult>
    <UnitTestResult executionId="8b4c9cc7-6ca0-4f2d-90f5-c760466009db" testId="f3af9dd6-57e5-e2ea-f6d2-38630ed06ba9" testName="ShouldCreateAnInstanceForAnUnboundTypeWithPublicConstructors" computerName="TICHINHA" duration="00:00:00.0002792" startTime="2011-06-23T17:24:44.7158475+01:00" endTime="2011-06-23T17:24:44.7158475+01:00" testType="13cdc9d9-ddb5-4fa4-a97d-d965ccfc6d4b" outcome="Passed" testListId="8c84fa94-04c1-424b-9868-57a2d4851a1d" relativeResultsDirectory="8b4c9cc7-6ca0-4f2d-90f5-c760466009db">
    </UnitTestResult>
    <UnitTestResult executionId="6c3f5558-87d5-43ec-9efa-3d519a6421fe" testId="f9b93fa6-b71a-f71d-284d-5bec026536ee" testName="ShouldChooseSomeInterface10RedImplementationForDependencyOnSomeClass11" computerName="TICHINHA" duration="00:00:00.0005225" startTime="2011-06-23T17:24:44.7158475+01:00" endTime="2011-06-23T17:24:44.7158475+01:00" testType="13cdc9d9-ddb5-4fa4-a97d-d965ccfc6d4b" outcome="Passed" testListId="8c84fa94-04c1-424b-9868-57a2d4851a1d" relativeResultsDirectory="6c3f5558-87d5-43ec-9efa-3d519a6421fe">
    </UnitTestResult>
    <UnitTestResult executionId="b499975e-84f8-4ad4-8fa4-45200de35130" testId="fb960a69-164e-b826-ab52-fd7d677561d6" testName="ShouldReturnSomeInterface7DefaultForSomeInterface7DependencyOnSomeClass14WithNoArgumentAttribute" computerName="TICHINHA" duration="00:00:00.0017937" startTime="2011-06-23T17:24:44.7158475+01:00" endTime="2011-06-23T17:24:44.7314475+01:00" testType="13cdc9d9-ddb5-4fa4-a97d-d965ccfc6d4b" outcome="Failed" testListId="8c84fa94-04c1-424b-9868-57a2d4851a1d" relativeResultsDirectory="b499975e-84f8-4ad4-8fa4-45200de35130">
      <Output>
        <ErrorInfo>
          <Message>Assert.AreSame failed. </Message>
          <StackTrace>   at ChelasInjection.Tests.UnitTest1.ShouldReturnSomeInterface7DefaultForSomeInterface7DependencyOnSomeClass14WithNoArgumentAttribute() in H:\SPF\PROMPT11\PROMPT11-02-AdvancedProgramming.sandrapatfer\src\FinalWork\ChelasInjection.Tests2\UnitTest1.cs:line 455
</StackTrace>
        </ErrorInfo>
      </Output>
    </UnitTestResult>
    <UnitTestResult executionId="aac46ddb-ce52-4a28-a35e-5525053ce377" testId="fef9c989-3738-c8d2-2df9-720456409fe6" testName="ShouldUseTheLastConstructorDefinitionInOneBindForISomeInterface3" computerName="TICHINHA" duration="00:00:00.0002953" startTime="2011-06-23T17:24:44.7314475+01:00" endTime="2011-06-23T17:24:44.7314475+01:00" testType="13cdc9d9-ddb5-4fa4-a97d-d965ccfc6d4b" outcome="Passed" testListId="8c84fa94-04c1-424b-9868-57a2d4851a1d" relativeResultsDirectory="aac46ddb-ce52-4a28-a35e-5525053ce377">
    </UnitTestResult>
  </Results>
</TestRun>