<?xml version="1.0" encoding="UTF-8"?>
<TestRun id="236f4066-3d6b-4776-ac55-e0ea4ca43e3c" name="spf@WKSPF4 2011-06-02 18:52:59" runUser="ASCORP\spf" xmlns="http://microsoft.com/schemas/VisualStudio/TeamTest/2010">
  <TestSettings name="Local" id="20974c45-1e60-482e-9f13-c57dd131062d">
    <Description>These are default test settings for a local test run.</Description>
    <Deployment userDeploymentRoot="C:\SPF\prompt11\uc02\PROMPT11-02-AdvancedProgramming.sandrapatfer\src\TestResults" useDefaultDeploymentRoot="false" enabled="false" runDeploymentRoot="spf_WKSPF4 2011-06-02 18_52_59">
      <DeploymentItem filename="C:\SPF\prompt11\uc02\PROMPT11-02-AdvancedProgramming.sandrapatfer\src\Mod02-AdvProgramming.Assignments\bin\Debug\Mod02-AdvProgramming.Assignments.dll" />
    </Deployment>
    <Execution>
      <TestTypeSpecific />
      <AgentRule name="Execution Agents">
      </AgentRule>
    </Execution>
  </TestSettings>
  <Times creation="2011-06-02T18:52:59.4758002+01:00" queuing="2011-06-02T18:52:59.4848007+01:00" start="2011-06-02T18:52:59.4958014+01:00" finish="2011-06-02T18:52:59.9028247+01:00" />
  <ResultSummary outcome="Failed">
    <Counters total="3" executed="3" passed="2" error="0" failed="1" timeout="0" aborted="0" inconclusive="0" passedButRunAborted="0" notRunnable="0" notExecuted="0" disconnected="0" warning="0" completed="0" inProgress="0" pending="0" />
  </ResultSummary>
  <TestDefinitions>
    <UnitTest name="CountRepeatedShouldReturnAPairSequenceWhenThereAreRepeatedElements" storage="c:\spf\prompt11\uc02\prompt11-02-advancedprogramming.sandrapatfer\src\mod02-advprogramming.assignments.tests2\bin\debug\mod02-advprogramming.assignments.tests2.dll" id="163d4dfa-99af-4bfb-0f0c-0245906019eb">
      <Execution id="340273ad-0635-4874-a60f-05b1205a6abf" />
      <TestMethod codeBase="C:/SPF/prompt11/uc02/PROMPT11-02-AdvancedProgramming.sandrapatfer/src/Mod02-AdvProgramming.Assignments.Tests2/bin/Debug/Mod02-AdvProgramming.Assignments.Tests2.DLL" adapterTypeName="Microsoft.VisualStudio.TestTools.TestTypes.Unit.UnitTestAdapter, Microsoft.VisualStudio.QualityTools.Tips.UnitTest.Adapter, Version=10.0.0.0, Culture=neutral, PublicKeyToken=b03f5f7f11d50a3a" className="Mod02_AdvProgramming.Assignments.Tests.Ex4Tests, Mod02-AdvProgramming.Assignments.Tests2, Version=1.0.0.0, Culture=neutral, PublicKeyToken=null" name="CountRepeatedShouldReturnAPairSequenceWhenThereAreRepeatedElements" />
    </UnitTest>
    <UnitTest name="CountRepeatedShouldReturnAnEmptySequenceWhenThereAreNoRepeatedElements" storage="c:\spf\prompt11\uc02\prompt11-02-advancedprogramming.sandrapatfer\src\mod02-advprogramming.assignments.tests2\bin\debug\mod02-advprogramming.assignments.tests2.dll" id="d1f71055-12b2-c0c7-b71a-1562ebd5ff00">
      <Execution id="d79db367-ed49-4949-9df1-7975d34d4685" />
      <TestMethod codeBase="C:/SPF/prompt11/uc02/PROMPT11-02-AdvancedProgramming.sandrapatfer/src/Mod02-AdvProgramming.Assignments.Tests2/bin/Debug/Mod02-AdvProgramming.Assignments.Tests2.DLL" adapterTypeName="Microsoft.VisualStudio.TestTools.TestTypes.Unit.UnitTestAdapter, Microsoft.VisualStudio.QualityTools.Tips.UnitTest.Adapter, Version=10.0.0.0, Culture=neutral, PublicKeyToken=b03f5f7f11d50a3a" className="Mod02_AdvProgramming.Assignments.Tests.Ex4Tests, Mod02-AdvProgramming.Assignments.Tests2, Version=1.0.0.0, Culture=neutral, PublicKeyToken=null" name="CountRepeatedShouldReturnAnEmptySequenceWhenThereAreNoRepeatedElements" />
    </UnitTest>
    <UnitTest name="CountRepeatedShouldReturnAnEmptySequenceForANullSequence" storage="c:\spf\prompt11\uc02\prompt11-02-advancedprogramming.sandrapatfer\src\mod02-advprogramming.assignments.tests2\bin\debug\mod02-advprogramming.assignments.tests2.dll" id="f4035898-027d-d88f-0034-cebeeda9b6af">
      <Execution id="3a456fb9-1e62-4986-bc89-74de8bf0199f" />
      <TestMethod codeBase="C:/SPF/prompt11/uc02/PROMPT11-02-AdvancedProgramming.sandrapatfer/src/Mod02-AdvProgramming.Assignments.Tests2/bin/Debug/Mod02-AdvProgramming.Assignments.Tests2.DLL" adapterTypeName="Microsoft.VisualStudio.TestTools.TestTypes.Unit.UnitTestAdapter, Microsoft.VisualStudio.QualityTools.Tips.UnitTest.Adapter, Version=10.0.0.0, Culture=neutral, PublicKeyToken=b03f5f7f11d50a3a" className="Mod02_AdvProgramming.Assignments.Tests.Ex4Tests, Mod02-AdvProgramming.Assignments.Tests2, Version=1.0.0.0, Culture=neutral, PublicKeyToken=null" name="CountRepeatedShouldReturnAnEmptySequenceForANullSequence" />
    </UnitTest>
  </TestDefinitions>
  <TestLists>
    <TestList name="Results Not in a List" id="8c84fa94-04c1-424b-9868-57a2d4851a1d" />
    <TestList name="All Loaded Results" id="19431567-8539-422a-85d7-44ee4e166bda" />
  </TestLists>
  <TestEntries>
    <TestEntry testId="d1f71055-12b2-c0c7-b71a-1562ebd5ff00" executionId="d79db367-ed49-4949-9df1-7975d34d4685" testListId="8c84fa94-04c1-424b-9868-57a2d4851a1d" />
    <TestEntry testId="f4035898-027d-d88f-0034-cebeeda9b6af" executionId="3a456fb9-1e62-4986-bc89-74de8bf0199f" testListId="8c84fa94-04c1-424b-9868-57a2d4851a1d" />
    <TestEntry testId="163d4dfa-99af-4bfb-0f0c-0245906019eb" executionId="340273ad-0635-4874-a60f-05b1205a6abf" testListId="8c84fa94-04c1-424b-9868-57a2d4851a1d" />
  </TestEntries>
  <Results>
    <UnitTestResult executionId="d79db367-ed49-4949-9df1-7975d34d4685" testId="d1f71055-12b2-c0c7-b71a-1562ebd5ff00" testName="CountRepeatedShouldReturnAnEmptySequenceWhenThereAreNoRepeatedElements" computerName="WKSPF4" duration="00:00:00.0481381" startTime="2011-06-02T18:52:59.4968014+01:00" endTime="2011-06-02T18:52:59.8248202+01:00" testType="13cdc9d9-ddb5-4fa4-a97d-d965ccfc6d4b" outcome="Passed" testListId="8c84fa94-04c1-424b-9868-57a2d4851a1d" relativeResultsDirectory="d79db367-ed49-4949-9df1-7975d34d4685">
    </UnitTestResult>
    <UnitTestResult executionId="3a456fb9-1e62-4986-bc89-74de8bf0199f" testId="f4035898-027d-d88f-0034-cebeeda9b6af" testName="CountRepeatedShouldReturnAnEmptySequenceForANullSequence" computerName="WKSPF4" duration="00:00:00.0004598" startTime="2011-06-02T18:52:59.8278204+01:00" endTime="2011-06-02T18:52:59.8338207+01:00" testType="13cdc9d9-ddb5-4fa4-a97d-d965ccfc6d4b" outcome="Passed" testListId="8c84fa94-04c1-424b-9868-57a2d4851a1d" relativeResultsDirectory="3a456fb9-1e62-4986-bc89-74de8bf0199f">
    </UnitTestResult>
    <UnitTestResult executionId="340273ad-0635-4874-a60f-05b1205a6abf" testId="163d4dfa-99af-4bfb-0f0c-0245906019eb" testName="CountRepeatedShouldReturnAPairSequenceWhenThereAreRepeatedElements" computerName="WKSPF4" duration="00:00:00.0463262" startTime="2011-06-02T18:52:59.8348208+01:00" endTime="2011-06-02T18:52:59.8878238+01:00" testType="13cdc9d9-ddb5-4fa4-a97d-d965ccfc6d4b" outcome="Failed" testListId="8c84fa94-04c1-424b-9868-57a2d4851a1d" relativeResultsDirectory="340273ad-0635-4874-a60f-05b1205a6abf">
      <Output>
        <ErrorInfo>
          <Message>Assert.AreEqual failed. Expected:&lt;2&gt;. Actual:&lt;4&gt;. </Message>
          <StackTrace>   at Mod02_AdvProgramming.Assignments.Tests.Ex4Tests.CountRepeatedShouldReturnAPairSequenceWhenThereAreRepeatedElements() in C:\SPF\prompt11\uc02\PROMPT11-02-AdvancedProgramming.sandrapatfer\src\Mod02-AdvProgramming.Assignments.Tests2\Ex4Tests.cs:line 18
</StackTrace>
        </ErrorInfo>
      </Output>
    </UnitTestResult>
  </Results>
</TestRun>