<?xml version="1.0" encoding="UTF-8"?>
<TestRun id="36e63ebe-0264-48be-81e6-9cf347b27ebc" name="spf@WKSPF4 2011-06-01 22:29:40" runUser="ASCORP\spf" xmlns="http://microsoft.com/schemas/VisualStudio/TeamTest/2010">
  <TestSettings name="Local" id="20974c45-1e60-482e-9f13-c57dd131062d">
    <Description>These are default test settings for a local test run.</Description>
    <Deployment enabled="false" runDeploymentRoot="spf_WKSPF4 2011-06-01 22_29_40">
      <DeploymentItem filename="C:\SPF\prompt11\uc02\PROMPT11-02-AdvancedProgramming.sandrapatfer\src\Mod02-AdvProgramming.Assignments\bin\Debug\Mod02-AdvProgramming.Assignments.dll" />
    </Deployment>
    <Execution>
      <TestTypeSpecific />
      <AgentRule name="Execution Agents">
      </AgentRule>
    </Execution>
  </TestSettings>
  <Times creation="2011-06-01T22:29:40.5259257+01:00" queuing="2011-06-01T22:29:41.1605395+01:00" start="2011-06-01T22:29:41.2073396+01:00" finish="2011-06-01T22:29:41.6285403+01:00" />
  <ResultSummary outcome="Failed">
    <Counters total="1" executed="1" error="0" failed="1" timeout="0" aborted="0" inconclusive="0" passedButRunAborted="0" notRunnable="0" notExecuted="0" disconnected="0" warning="0" passed="0" completed="0" inProgress="0" pending="0" />
  </ResultSummary>
  <TestDefinitions>
    <UnitTest name="FibonacciSequenceWithLimitShouldReturnFiniteAndCorrectValues" storage="c:\spf\prompt11\uc02\prompt11-02-advancedprogramming.sandrapatfer\src\mod02-advprogramming.assignments.tests2\bin\debug\mod02-advprogramming.assignments.tests2.dll" id="76f9aff7-a11b-c426-ecf4-6699b2d95ae1">
      <Execution id="50d07566-1613-47fa-811e-05ef0661549e" />
      <TestMethod codeBase="C:/SPF/prompt11/uc02/PROMPT11-02-AdvancedProgramming.sandrapatfer/src/Mod02-AdvProgramming.Assignments.Tests2/bin/Debug/Mod02-AdvProgramming.Assignments.Tests2.DLL" adapterTypeName="Microsoft.VisualStudio.TestTools.TestTypes.Unit.UnitTestAdapter, Microsoft.VisualStudio.QualityTools.Tips.UnitTest.Adapter, Version=10.0.0.0, Culture=neutral, PublicKeyToken=b03f5f7f11d50a3a" className="Mod02_AdvProgramming.Assignments.Tests2.Ex3Tests, Mod02-AdvProgramming.Assignments.Tests2, Version=1.0.0.0, Culture=neutral, PublicKeyToken=null" name="FibonacciSequenceWithLimitShouldReturnFiniteAndCorrectValues" />
    </UnitTest>
  </TestDefinitions>
  <TestLists>
    <TestList name="Results Not in a List" id="8c84fa94-04c1-424b-9868-57a2d4851a1d" />
    <TestList name="All Loaded Results" id="19431567-8539-422a-85d7-44ee4e166bda" />
  </TestLists>
  <TestEntries>
    <TestEntry testId="76f9aff7-a11b-c426-ecf4-6699b2d95ae1" executionId="50d07566-1613-47fa-811e-05ef0661549e" testListId="8c84fa94-04c1-424b-9868-57a2d4851a1d" />
  </TestEntries>
  <Results>
    <UnitTestResult executionId="50d07566-1613-47fa-811e-05ef0661549e" testId="76f9aff7-a11b-c426-ecf4-6699b2d95ae1" testName="FibonacciSequenceWithLimitShouldReturnFiniteAndCorrectValues" computerName="WKSPF4" duration="00:00:00.0558115" startTime="2011-06-01T22:29:41.2229396+01:00" endTime="2011-06-01T22:29:41.5973403+01:00" testType="13cdc9d9-ddb5-4fa4-a97d-d965ccfc6d4b" outcome="Failed" testListId="8c84fa94-04c1-424b-9868-57a2d4851a1d" relativeResultsDirectory="50d07566-1613-47fa-811e-05ef0661549e">
      <Output>
        <ErrorInfo>
          <Message>Assert.AreEqual failed. Expected:&lt;0&gt;. Actual:&lt;1&gt;. </Message>
          <StackTrace>   at Mod02_AdvProgramming.Assignments.Tests2.Ex3Tests.CheckFibonacciValues(IEnumerator`1 fsEnum, Int32 max) in C:\SPF\prompt11\uc02\PROMPT11-02-AdvancedProgramming.sandrapatfer\src\Mod02-AdvProgramming.Assignments.Tests2\Ex3Tests.cs:line 72
   at Mod02_AdvProgramming.Assignments.Tests2.Ex3Tests.FibonacciSequenceWithLimitShouldReturnFiniteAndCorrectValues() in C:\SPF\prompt11\uc02\PROMPT11-02-AdvancedProgramming.sandrapatfer\src\Mod02-AdvProgramming.Assignments.Tests2\Ex3Tests.cs:line 108
</StackTrace>
        </ErrorInfo>
      </Output>
    </UnitTestResult>
  </Results>
</TestRun>